Archive member included because of file (symbol)

C:\Users\admin\Desktop\Keadrone\CMSISv1p30_LPC17xx\Debug\libCMSISv1p30_LPC17xx.a(system_LPC17xx.o)
                              ./HAL_UART/uart.o (SystemCoreClock)
C:\Users\admin\Desktop\Keadrone\FreeRTOS_Library\Debug\libFreeRTOS_Library.a(queue.o)
                              ./src/main.o (xQueueCreate)
C:\Users\admin\Desktop\Keadrone\FreeRTOS_Library\Debug\libFreeRTOS_Library.a(tasks.o)
                              C:\Users\admin\Desktop\Keadrone\FreeRTOS_Library\Debug\libFreeRTOS_Library.a(queue.o) (vTaskSuspendAll)
C:\Users\admin\Desktop\Keadrone\FreeRTOS_Library\Debug\libFreeRTOS_Library.a(heap_2.o)
                              C:\Users\admin\Desktop\Keadrone\FreeRTOS_Library\Debug\libFreeRTOS_Library.a(queue.o) (vPortFree)
C:\Users\admin\Desktop\Keadrone\FreeRTOS_Library\Debug\libFreeRTOS_Library.a(port.o)
                              C:\Users\admin\Desktop\Keadrone\FreeRTOS_Library\Debug\libFreeRTOS_Library.a(tasks.o) (pxPortInitialiseStack)
C:\Users\admin\Desktop\Keadrone\FreeRTOS_Library\Debug\libFreeRTOS_Library.a(list.o)
                              C:\Users\admin\Desktop\Keadrone\FreeRTOS_Library\Debug\libFreeRTOS_Library.a(queue.o) (vListInitialise)
c:/nxp/lpcxpresso_3.6/tools/bin/../lib/gcc/arm-none-eabi/4.3.3/../../../../arm-none-eabi/lib/thumb2\libcr_nohost.a(_cr__main.o)
                              ./cr_startup_lpc17.o (__main)
c:/nxp/lpcxpresso_3.6/tools/bin/../lib/gcc/arm-none-eabi/4.3.3/../../../../arm-none-eabi/lib/thumb2\libcr_c.a(__init_alloc.o)
                              c:/nxp/lpcxpresso_3.6/tools/bin/../lib/gcc/arm-none-eabi/4.3.3/../../../../arm-none-eabi/lib/thumb2\libcr_nohost.a(_cr__main.o) (_init_alloc)
c:/nxp/lpcxpresso_3.6/tools/bin/../lib/gcc/arm-none-eabi/4.3.3/../../../../arm-none-eabi/lib/thumb2\libcr_c.a(ctype.o)
                              c:/nxp/lpcxpresso_3.6/tools/bin/../lib/gcc/arm-none-eabi/4.3.3/../../../../arm-none-eabi/lib/thumb2\libcr_nohost.a(_cr__main.o) (_ctype_init)
c:/nxp/lpcxpresso_3.6/tools/bin/../lib/gcc/arm-none-eabi/4.3.3/../../../../arm-none-eabi/lib/thumb2\libcr_c.a(fpprintf.o)
                              ./gyro-ITG3200.o (printf)
c:/nxp/lpcxpresso_3.6/tools/bin/../lib/gcc/arm-none-eabi/4.3.3/../../../../arm-none-eabi/lib/thumb2\libcr_c.a(initio.o)
                              c:/nxp/lpcxpresso_3.6/tools/bin/../lib/gcc/arm-none-eabi/4.3.3/../../../../arm-none-eabi/lib/thumb2\libcr_nohost.a(_cr__main.o) (_terminateio)
c:/nxp/lpcxpresso_3.6/tools/bin/../lib/gcc/arm-none-eabi/4.3.3/../../../../arm-none-eabi/lib/thumb2\libcr_c.a(memcpy.o)
                              C:\Users\admin\Desktop\Keadrone\FreeRTOS_Library\Debug\libFreeRTOS_Library.a(queue.o) (memcpy)
c:/nxp/lpcxpresso_3.6/tools/bin/../lib/gcc/arm-none-eabi/4.3.3/../../../../arm-none-eabi/lib/thumb2\libcr_c.a(memset.o)
                              C:\Users\admin\Desktop\Keadrone\FreeRTOS_Library\Debug\libFreeRTOS_Library.a(tasks.o) (memset)
c:/nxp/lpcxpresso_3.6/tools/bin/../lib/gcc/arm-none-eabi/4.3.3/../../../../arm-none-eabi/lib/thumb2\libcr_c.a(printf.o)
                              c:/nxp/lpcxpresso_3.6/tools/bin/../lib/gcc/arm-none-eabi/4.3.3/../../../../arm-none-eabi/lib/thumb2\libcr_c.a(fpprintf.o) (__vfprintf)
c:/nxp/lpcxpresso_3.6/tools/bin/../lib/gcc/arm-none-eabi/4.3.3/../../../../arm-none-eabi/lib/thumb2\libcr_c.a(setvbuf.o)
                              c:/nxp/lpcxpresso_3.6/tools/bin/../lib/gcc/arm-none-eabi/4.3.3/../../../../arm-none-eabi/lib/thumb2\libcr_c.a(initio.o) (setvbuf)
c:/nxp/lpcxpresso_3.6/tools/bin/../lib/gcc/arm-none-eabi/4.3.3/../../../../arm-none-eabi/lib/thumb2\libcr_c.a(stdio.o)
                              c:/nxp/lpcxpresso_3.6/tools/bin/../lib/gcc/arm-none-eabi/4.3.3/../../../../arm-none-eabi/lib/thumb2\libcr_c.a(fpprintf.o) (__Ciob)
c:/nxp/lpcxpresso_3.6/tools/bin/../lib/gcc/arm-none-eabi/4.3.3/../../../../arm-none-eabi/lib/thumb2\libcr_c.a(stdlib.o)
                              c:/nxp/lpcxpresso_3.6/tools/bin/../lib/gcc/arm-none-eabi/4.3.3/../../../../arm-none-eabi/lib/thumb2\libcr_nohost.a(_cr__main.o) (_exit_init)
c:/nxp/lpcxpresso_3.6/tools/bin/../lib/gcc/arm-none-eabi/4.3.3/../../../../arm-none-eabi/lib/thumb2\libcr_c.a(strcpy.o)
                              c:/nxp/lpcxpresso_3.6/tools/bin/../lib/gcc/arm-none-eabi/4.3.3/../../../../arm-none-eabi/lib/thumb2\libcr_c.a(fpprintf.o) (strcpy)
c:/nxp/lpcxpresso_3.6/tools/bin/../lib/gcc/arm-none-eabi/4.3.3/../../../../arm-none-eabi/lib/thumb2\libcr_c.a(strlen.o)
                              c:/nxp/lpcxpresso_3.6/tools/bin/../lib/gcc/arm-none-eabi/4.3.3/../../../../arm-none-eabi/lib/thumb2\libcr_c.a(printf.o) (strlen)
c:/nxp/lpcxpresso_3.6/tools/bin/../lib/gcc/arm-none-eabi/4.3.3/../../../../arm-none-eabi/lib/thumb2\libcr_c.a(strncpy.o)
                              C:\Users\admin\Desktop\Keadrone\FreeRTOS_Library\Debug\libFreeRTOS_Library.a(tasks.o) (strncpy)
[...]
Memory Configuration

Name             Origin             Length             Attributes
MFlash128        0x00000000         0x00020000         xr
RamLoc16         0x10000000         0x00004000         xrw
RamAHB16         0x2007c000         0x00004000         xrw
*default*        0x00000000         0xffffffff

Linker script and memory map

LOAD ./cr_startup_lpc17.o
LOAD ./gyro-ITG3200.o
LOAD ./i2c.o
LOAD ./retargetPrintf.o
LOAD ./src/main.o
LOAD ./HAL_UART/uart.o
LOAD ./HAL_SPI/lpc17xx_clkpwr.o
LOAD ./HAL_SPI/lpc17xx_libcfg_default.o
LOAD ./HAL_SPI/lpc17xx_ssp.o
LOAD ./HAL_SPI/main_spi.o
LOAD ./HAL_Analog/analog.o
LOAD C:\Users\admin\Desktop\Keadrone\CMSISv1p30_LPC17xx\Debug\libCMSISv1p30_LPC17xx.a
LOAD C:\Users\admin\Desktop\Keadrone\FreeRTOS_Library\Debug\libFreeRTOS_Library.a
START GROUP
LOAD c:/nxp/lpcxpresso_3.6/tools/bin/../lib/gcc/arm-none-eabi/4.3.3/../../../../arm-none-eabi/lib/thumb2\libcr_nohost.a
LOAD c:/nxp/lpcxpresso_3.6/tools/bin/../lib/gcc/arm-none-eabi/4.3.3/../../../../arm-none-eabi/lib/thumb2\libcr_c.a
LOAD c:/nxp/lpcxpresso_3.6/tools/bin/../lib/gcc/arm-none-eabi/4.3.3/thumb2\libcr_eabihelpers.a
END GROUP
                0x00020000                __top_MFlash128 = 0x20000
                0x10004000                __top_RamLoc16 = 0x10004000
                0x20080000                __top_RamAHB16 = 0x20080000

.text           0x00000000     0x3a08
 FILL mask 0xff
 *(.isr_vector)
 .isr_vector    0x00000000       0xcc ./cr_startup_lpc17.o
                0x00000000                g_pfnVectors
                0x000000cc                . = ALIGN (0x4)
                0x000000cc                __section_table_start = .
                0x000000cc                __data_section_table = .
                0x000000cc        0x4 LONG 0x3a08 LOADADDR (.data)
                0x000000d0        0x4 LONG 0x10000000 ADDR (.data)
                0x000000d4        0x4 LONG 0x214 SIZEOF (.data)
                0x000000d8        0x4 LONG 0x3a08 LOADADDR (.data_RAM2)
                0x000000dc        0x4 LONG 0x2007c000 ADDR (.data_RAM2)
                0x000000e0        0x4 LONG 0x0 SIZEOF (.data_RAM2)
                0x000000e4                __data_section_table_end = .
                0x000000e4                __bss_section_table = .
                0x000000e4        0x4 LONG 0x10000218 ADDR (.bss)
                0x000000e8        0x4 LONG 0x118c SIZEOF (.bss)
                0x000000ec        0x4 LONG 0x2007c000 ADDR (.bss_RAM2)
                0x000000f0        0x4 LONG 0x0 SIZEOF (.bss_RAM2)
                0x000000f4                __bss_section_table_end = .
                0x000000f4                __section_table_end = .
 *(.after_vectors*)
 *(.text*)
 .text.ResetISR
                0x000000f4       0x68 ./cr_startup_lpc17.o
                0x000000f4                ResetISR
 .text.NMI_Handler
                0x0000015c        0x8 ./cr_startup_lpc17.o
                0x0000015c                NMI_Handler
 .text.HardFault_Handler
                0x00000164        0x8 ./cr_startup_lpc17.o
                0x00000164                HardFault_Handler
 .text.MemManage_Handler
                0x0000016c        0x8 ./cr_startup_lpc17.o
                0x0000016c                MemManage_Handler
 .text.BusFault_Handler
                0x00000174        0x8 ./cr_startup_lpc17.o
                0x00000174                BusFault_Handler
 .text.UsageFault_Handler
                0x0000017c        0x8 ./cr_startup_lpc17.o
                0x0000017c                UsageFault_Handler
 .text.DebugMon_Handler
                0x00000184        0x8 ./cr_startup_lpc17.o
                0x00000184                DebugMon_Handler
 .text.IntDefaultHandler
                0x0000018c        0x8 ./cr_startup_lpc17.o
                0x0000018c                TIMER2_IRQHandler
                0x0000018c                RIT_IRQHandler
                0x0000018c                I2C0_IRQHandler
                0x0000018c                USBActivity_IRQHandler
                0x0000018c                PWM1_IRQHandler
                0x0000018c                EINT2_IRQHandler
                0x0000018c                CANActivity_IRQHandler
                0x0000018c                TIMER3_IRQHandler
                0x0000018c                IntDefaultHandler
                0x0000018c                PLL0_IRQHandler
                0x0000018c                CAN_IRQHandler
                0x0000018c                PLL1_IRQHandler
                0x0000018c                SSP0_IRQHandler
                0x0000018c                I2S_IRQHandler
                0x0000018c                I2C2_IRQHandler
                0x0000018c                RTC_IRQHandler
                0x0000018c                TIMER0_IRQHandler
                0x0000018c                SPI_IRQHandler
                0x0000018c                EINT1_IRQHandler
                0x0000018c                TIMER1_IRQHandler
                0x0000018c                UART2_IRQHandler
                0x0000018c                ADC_IRQHandler
                0x0000018c                SSP1_IRQHandler
                0x0000018c                USB_IRQHandler
                0x0000018c                BOD_IRQHandler
                0x0000018c                WDT_IRQHandler
                0x0000018c                QEI_IRQHandler
                0x0000018c                EINT0_IRQHandler
                0x0000018c                DMA_IRQHandler
                0x0000018c                MCPWM_IRQHandler
                0x0000018c                ENET_IRQHandler
 .text.gyroGetDataFromChip
                0x00000194      0x2bc ./gyro-ITG3200.o
                0x00000194                gyroGetDataFromChip
 .text.I2C1_IRQHandler
                0x00000450      0x55c ./i2c.o
                0x00000450                I2C1_IRQHandler
 .text.I2CEngine_FromISR
                0x000009ac       0x3c ./i2c.o
                0x000009ac                I2CEngine_FromISR
 .text.__write  0x000009e8       0x1c ./retargetPrintf.o
                0x000009e8                __write
 .text.__readc  0x00000a04       0x10 ./retargetPrintf.o
                0x00000a04                __readc
 .text.main     0x00000a14       0x68 ./src/main.o
                0x00000a14                main
 .text.idleTask
                0x00000a7c       0x44 ./src/main.o
 .text.UART0_IRQHandler
                0x00000ac0      0x17c ./HAL_UART/uart.o
                0x00000ac0                UART0_IRQHandler
 .text.UART1_IRQHandler
                0x00000c3c      0x17c ./HAL_UART/uart.o
                0x00000c3c                UART1_IRQHandler
 .text.UART3_IRQHandler
                0x00000db8      0x17c ./HAL_UART/uart.o
                0x00000db8                UART3_IRQHandler
 .text.check_failed
                0x00000f34        0xc ./HAL_SPI/lpc17xx_libcfg_default.o
                0x00000f34                check_failed
 .text.SSP_SendData
                0x00000f40       0x48 ./HAL_SPI/lpc17xx_ssp.o
                0x00000f40                SSP_SendData
 .text.SSP_ReceiveData
                0x00000f88       0x48 ./HAL_SPI/lpc17xx_ssp.o
                0x00000f88                SSP_ReceiveData
 .text.SSP_ReadWriteWp
                0x00000fd0       0xc4 ./HAL_SPI/lpc17xx_ssp.o
                0x00000fd0                SSP_ReadWriteWp
 .text.bmaReadMultiple
                0x00001094       0xf4 ./HAL_SPI/main_spi.o
 .text.spiPoll  0x00001188      0x14c ./HAL_SPI/main_spi.o
                0x00001188                spiPoll
 .text.EINT3_IRQHandler
                0x000012d4       0x54 ./HAL_SPI/main_spi.o
                0x000012d4                EINT3_IRQHandler
 .text.SystemInit
                0x00001328      0x224 C:\Users\admin\Desktop\Keadrone\CMSISv1p30_LPC17xx\Debug\libCMSISv1p30_LPC17xx.a(system_LPC17xx.o)
                0x00001328                SystemInit
 .text          0x0000154c      0x4e8 C:\Users\admin\Desktop\Keadrone\FreeRTOS_Library\Debug\libFreeRTOS_Library.a(queue.o)
                0x00001814                xQueueGenericSendFromISR
                0x000019a8                xQueueCreate
                0x0000156c                vQueueDelete
                0x00001870                xQueueGenericSend
                0x000015bc                xQueueReceiveFromISR
                0x00001a1c                xQueueCreateCountingSemaphore
                0x0000155c                xQueueIsQueueFullFromISR
                0x00001690                xQueueGenericReceive
                0x00001580                uxQueueMessagesWaiting
                0x0000154c                uxQueueMessagesWaitingFromISR
                0x00001550                xQueueIsQueueEmptyFromISR
                0x0000195c                xQueueCreateMutex
 .text          0x00001a34      0xc64 C:\Users\admin\Desktop\Keadrone\FreeRTOS_Library\Debug\libFreeRTOS_Library.a(tasks.o)
                0x00001ecc                uxTaskPriorityGet
                0x00002184                vTaskPrioritySet
                0x000023c8                vTaskEndScheduler
                0x00001ef0                vTaskPlaceOnEventList
                0x00002450                xTaskGenericCreate
                0x00001a34                xTaskIsTaskSuspended
                0x00001dc0                xTaskResumeFromISR
                0x00001eb4                xTaskGetTickCount
                0x00001c44                xTaskRemoveFromEventList
                0x00002348                vTaskDelete
                0x00001e3c                xTaskCheckForTimeOut
                0x00001a60                vTaskSuspendAll
                0x00001a74                xTaskGetTickCountFromISR
                0x00001b5c                vTaskPriorityDisinherit
                0x00001bb0                vTaskPriorityInherit
                0x00002074                vTaskResume
                0x00001a8c                vTaskSwitchContext
                0x000020f0                vTaskSuspend
                0x00001a80                uxTaskGetNumberOfTasks
                0x00001ccc                vTaskIncrementTick
                0x0000229c                vTaskDelayUntil
                0x00001b4c                xTaskGetCurrentTaskHandle
                0x00001f78                xTaskResumeAll
                0x00002644                vTaskStartScheduler
                0x00001b38                vTaskMissedYield
                0x00002238                vTaskDelay
                0x00001b24                vTaskSetTimeOutState
 .text          0x00002698      0x130 C:\Users\admin\Desktop\Keadrone\FreeRTOS_Library\Debug\libFreeRTOS_Library.a(heap_2.o)
                0x00002698                xPortGetFreeHeapSize
                0x000026a8                vPortFree
                0x000026e4                pvPortMalloc
                0x000026a4                vPortInitialiseBlocks
 .text          0x000027c8      0x16c C:\Users\admin\Desktop\Keadrone\FreeRTOS_Library\Debug\libFreeRTOS_Library.a(port.o)
                0x00002848                vPortExitCritical
                0x000028a0                xPortStartScheduler
                0x00002908                xPortSysTickHandler
                0x00002864                xPortPendSVHandler
                0x00002818                vPortEndScheduler
                0x0000280c                vPortStartFirstTask
                0x000027ec                vPortSVCHandler
                0x0000281c                vPortYieldFromISR
                0x000027c8                pxPortInitialiseStack
                0x0000282c                vPortEnterCritical
 .text          0x00002934       0xa8 C:\Users\admin\Desktop\Keadrone\FreeRTOS_Library\Debug\libFreeRTOS_Library.a(list.o)
                0x00002954                vListInsertEnd
                0x000029b4                vListRemove
                0x0000294c                vListInitialiseItem
                0x00002934                vListInitialise
                0x00002974                vListInsert
 .text          0x000029dc       0x54 c:/nxp/lpcxpresso_3.6/tools/bin/../lib/gcc/arm-none-eabi/4.3.3/../../../../arm-none-eabi/lib/thumb2\libcr_nohost.a(_cr__main.o)
                0x000029dc                __main
 .text._init_alloc
                0x00002a30       0x18 c:/nxp/lpcxpresso_3.6/tools/bin/../lib/gcc/arm-none-eabi/4.3.3/../../../../arm-none-eabi/lib/thumb2\libcr_c.a(__init_alloc.o)
                0x00002a30                _init_alloc
 .text          0x00002a48      0x36c c:/nxp/lpcxpresso_3.6/tools/bin/../lib/gcc/arm-none-eabi/4.3.3/../../../../arm-none-eabi/lib/thumb2\libcr_c.a(ctype.o)
                0x00002a48                _start_module_ctype
                0x00002b1c                islower
                0x00002c0c                tolower
                0x00002b6c                ispunct
                0x00002b94                isspace
                0x00002da8                _end_module_ctype
                0x00002be4                isxdigit
                0x00002d24                _ctype_init
                0x00002bbc                isupper
                0x00002a7c                isalpha
                0x00002af4                isgraph
                0x00002a54                isalnum
                0x00002b44                isprint
                0x00002c84                _set_ctype_8859
                0x00002acc                isdigit
                0x00002aa4                iscntrl
                0x00002c48                toupper
 .text._terminateio
                0x00002db4       0x44 c:/nxp/lpcxpresso_3.6/tools/bin/../lib/gcc/arm-none-eabi/4.3.3/../../../../arm-none-eabi/lib/thumb2\libcr_c.a(initio.o)
                0x00002db4                _terminateio
 .text._initio  0x00002df8       0xc0 c:/nxp/lpcxpresso_3.6/tools/bin/../lib/gcc/arm-none-eabi/4.3.3/../../../../arm-none-eabi/lib/thumb2\libcr_c.a(initio.o)
                0x00002df8                _initio
 .text.memcpy   0x00002eb8       0x3c c:/nxp/lpcxpresso_3.6/tools/bin/../lib/gcc/arm-none-eabi/4.3.3/../../../../arm-none-eabi/lib/thumb2\libcr_c.a(memcpy.o)
                0x00002eb8                memcpy
 .text.memset   0x00002ef4       0x50 c:/nxp/lpcxpresso_3.6/tools/bin/../lib/gcc/arm-none-eabi/4.3.3/../../../../arm-none-eabi/lib/thumb2\libcr_c.a(memset.o)
                0x00002ef4                memset
 .text.setvbuf  0x00002f44       0x50 c:/nxp/lpcxpresso_3.6/tools/bin/../lib/gcc/arm-none-eabi/4.3.3/../../../../arm-none-eabi/lib/thumb2\libcr_c.a(setvbuf.o)
                0x00002f44                setvbuf
 .text._exit_init
                0x00002f94       0x10 c:/nxp/lpcxpresso_3.6/tools/bin/../lib/gcc/arm-none-eabi/4.3.3/../../../../arm-none-eabi/lib/thumb2\libcr_c.a(stdlib.o)
                0x00002f94                _exit_init
 .text.exit     0x00002fa4       0x38 c:/nxp/lpcxpresso_3.6/tools/bin/../lib/gcc/arm-none-eabi/4.3.3/../../../../arm-none-eabi/lib/thumb2\libcr_c.a(stdlib.o)
                0x00002fa4                exit
 .text.strcpy   0x00002fdc       0x60 c:/nxp/lpcxpresso_3.6/tools/bin/../lib/gcc/arm-none-eabi/4.3.3/../../../../arm-none-eabi/lib/thumb2\libcr_c.a(strcpy.o)
                0x00002fdc                strcpy
 .text.strlen   0x0000303c       0x58 c:/nxp/lpcxpresso_3.6/tools/bin/../lib/gcc/arm-none-eabi/4.3.3/../../../../arm-none-eabi/lib/thumb2\libcr_c.a(strlen.o)
                0x0000303c                strlen
 .text.strncpy  0x00003094       0x78 c:/nxp/lpcxpresso_3.6/tools/bin/../lib/gcc/arm-none-eabi/4.3.3/../../../../arm-none-eabi/lib/thumb2\libcr_c.a(strncpy.o)
                0x00003094                strncpy
 .text._deferredlazyseek
                0x0000310c       0x44 c:/nxp/lpcxpresso_3.6/tools/bin/../lib/gcc/arm-none-eabi/4.3.3/../../../../arm-none-eabi/lib/thumb2\libcr_c.a(_deferredlazyseek.o)
                0x0000310c                _deferredlazyseek
 .text._fdopen  0x00003150       0x70 c:/nxp/lpcxpresso_3.6/tools/bin/../lib/gcc/arm-none-eabi/4.3.3/../../../../arm-none-eabi/lib/thumb2\libcr_c.a(_fdopen.o)
                0x00003150                _fdopen
 .text._fflush  0x000031c0       0x60 c:/nxp/lpcxpresso_3.6/tools/bin/../lib/gcc/arm-none-eabi/4.3.3/../../../../arm-none-eabi/lib/thumb2\libcr_c.a(_fflush.o)
                0x000031c0                _fflush
 .text._Cwritebuf
                0x00003220       0xa0 c:/nxp/lpcxpresso_3.6/tools/bin/../lib/gcc/arm-none-eabi/4.3.3/../../../../arm-none-eabi/lib/thumb2\libcr_c.a(_writebuf.o)
                0x00003220                _Cwritebuf
 .text.free     0x000032c0        0xc c:/nxp/lpcxpresso_3.6/tools/bin/../lib/gcc/arm-none-eabi/4.3.3/../../../../arm-none-eabi/lib/thumb2\libcr_c.a(alloc.o)
                0x000032c0                free
 .text.malloc   0x000032cc       0xe8 c:/nxp/lpcxpresso_3.6/tools/bin/../lib/gcc/arm-none-eabi/4.3.3/../../../../arm-none-eabi/lib/thumb2\libcr_c.a(alloc.o)
                0x000032cc                malloc
 .text.calloc   0x000033b4       0x68 c:/nxp/lpcxpresso_3.6/tools/bin/../lib/gcc/arm-none-eabi/4.3.3/../../../../arm-none-eabi/lib/thumb2\libcr_c.a(alloc.o)
                0x000033b4                calloc
 .text._Csysdie
                0x0000341c       0x3c c:/nxp/lpcxpresso_3.6/tools/bin/../lib/gcc/arm-none-eabi/4.3.3/../../../../arm-none-eabi/lib/thumb2\libcr_c.a(error.o)
                0x0000341c                _Csysdie
 .text.fclose   0x00003458       0x80 c:/nxp/lpcxpresso_3.6/tools/bin/../lib/gcc/arm-none-eabi/4.3.3/../../../../arm-none-eabi/lib/thumb2\libcr_c.a(fclose.o)
                0x00003458                fclose
 .text.fflush   0x000034d8       0x34 c:/nxp/lpcxpresso_3.6/tools/bin/../lib/gcc/arm-none-eabi/4.3.3/../../../../arm-none-eabi/lib/thumb2\libcr_c.a(fflush.o)
                0x000034d8                fflush
 .text.fseek    0x0000350c      0x110 c:/nxp/lpcxpresso_3.6/tools/bin/../lib/gcc/arm-none-eabi/4.3.3/../../../../arm-none-eabi/lib/thumb2\libcr_c.a(fseek.o)
                0x0000350c                fseek
 .text.ftell    0x0000361c       0x54 c:/nxp/lpcxpresso_3.6/tools/bin/../lib/gcc/arm-none-eabi/4.3.3/../../../../arm-none-eabi/lib/thumb2\libcr_c.a(ftell.o)
                0x0000361c                ftell
 .text.remove   0x00003670        0xc c:/nxp/lpcxpresso_3.6/tools/bin/../lib/gcc/arm-none-eabi/4.3.3/../../../../arm-none-eabi/lib/thumb2\libcr_c.a(remove.o)
                0x00003670                remove
 .text._do_fflush
                0x0000367c       0x48 c:/nxp/lpcxpresso_3.6/tools/bin/../lib/gcc/arm-none-eabi/4.3.3/../../../../arm-none-eabi/lib/thumb2\libcr_c.a(_do_fflush.o)
                0x0000367c                _do_fflush
 .text          0x000036c4       0x24 c:/nxp/lpcxpresso_3.6/tools/bin/../lib/gcc/arm-none-eabi/4.3.3/../../../../arm-none-eabi/lib/thumb2\libcr_nohost.a(_cr_sbrk.o)
                0x000036c4                _sbrk
 .text          0x000036e8      0x13c c:/nxp/lpcxpresso_3.6/tools/bin/../lib/gcc/arm-none-eabi/4.3.3/../../../../arm-none-eabi/lib/thumb2\libcr_nohost.a(cr_sys.o)
                0x0000374c                _Csys_read_
                0x000037b4                _Csyscall2
                0x000036e8                _Csyscall0
                0x0000370c                _Csys_tmpnam_
                0x00003704                _Csys_open
                0x0000376c                _Csyscall3
                0x000037d4                _Csyscall1
 .text          0x00003824        0x4 c:/nxp/lpcxpresso_3.6/tools/bin/../lib/gcc/arm-none-eabi/4.3.3/../../../../arm-none-eabi/lib/thumb2\libcr_nohost.a(cr__close.o)
                0x00003824                __close
 .text          0x00003828        0x4 c:/nxp/lpcxpresso_3.6/tools/bin/../lib/gcc/arm-none-eabi/4.3.3/../../../../arm-none-eabi/lib/thumb2\libcr_nohost.a(cr__exit.o)
                0x00003828                __exit
 .text          0x0000382c        0x8 c:/nxp/lpcxpresso_3.6/tools/bin/../lib/gcc/arm-none-eabi/4.3.3/../../../../arm-none-eabi/lib/thumb2\libcr_nohost.a(cr__open.o)
                0x0000382c                __open
 .text          0x00003834        0x8 c:/nxp/lpcxpresso_3.6/tools/bin/../lib/gcc/arm-none-eabi/4.3.3/../../../../arm-none-eabi/lib/thumb2\libcr_nohost.a(cr__read.o)
                0x00003834                __read
 .text          0x0000383c        0x8 c:/nxp/lpcxpresso_3.6/tools/bin/../lib/gcc/arm-none-eabi/4.3.3/../../../../arm-none-eabi/lib/thumb2\libcr_nohost.a(cr__unlink.o)
                0x0000383c                __unlink
 .text          0x00003844       0x18 c:/nxp/lpcxpresso_3.6/tools/bin/../lib/gcc/arm-none-eabi/4.3.3/../../../../arm-none-eabi/lib/thumb2\libcr_nohost.a(cr_dummy_stubs.o)
                0x0000384c                _stub_istty
                0x00003848                _stub_clock
                0x00003854                _stub_read
                0x00003844                _stub_tmpnam
                0x00003850                _stub_seek
                0x00003858                _stub_time
 *(.rodata .rodata.*)
 .rodata        0x0000385c        0x4 ./src/main.o
 .rodata        0x00003860       0x1c ./HAL_SPI/lpc17xx_ssp.o
 .rodata.str1.4
                0x0000387c        0x5 C:\Users\admin\Desktop\Keadrone\FreeRTOS_Library\Debug\libFreeRTOS_Library.a(tasks.o)
                                  0x8 (size before relaxing)
 *fill*         0x00003881        0x3 00
 .rodata.str1.4
                0x00003884        0x6 c:/nxp/lpcxpresso_3.6/tools/bin/../lib/gcc/arm-none-eabi/4.3.3/../../../../arm-none-eabi/lib/thumb2\libcr_c.a(initio.o)
                                  0x8 (size before relaxing)
 *fill*         0x0000388a        0x2 00
 .rodata.str1.4
                0x0000388c       0x63 c:/nxp/lpcxpresso_3.6/tools/bin/../lib/gcc/arm-none-eabi/4.3.3/../../../../arm-none-eabi/lib/thumb2\libcr_c.a(alloc.o)
                                 0x64 (size before relaxing)
 *fill*         0x000038ef        0x1 00
 .rodata.str1.4
                0x000038f0      0x10c c:/nxp/lpcxpresso_3.6/tools/bin/../lib/gcc/arm-none-eabi/4.3.3/../../../../arm-none-eabi/lib/thumb2\libcr_c.a(error.o)
                                0x110 (size before relaxing)
 .rodata.str1.1
                0x000039fc        0xc c:/nxp/lpcxpresso_3.6/tools/bin/../lib/gcc/arm-none-eabi/4.3.3/../../../../arm-none-eabi/lib/thumb2\libcr_nohost.a(cr_sys.o)
                0x00003a08                . = ALIGN (0x4)

.glue_7         0x00003a08        0x0
 .glue_7        0x00000000        0x0 linker stubs

.glue_7t        0x00003a08        0x0
 .glue_7t       0x00000000        0x0 linker stubs

.vfp11_veneer   0x00003a08        0x0
 .vfp11_veneer  0x00000000        0x0 linker stubs

.v4_bx          0x00003a08        0x0
 .v4_bx         0x00000000        0x0 linker stubs

.ARM.extab
 *(.ARM.extab* .gnu.linkonce.armextab.*)
                0x00003a08                __exidx_start = .

.ARM.exidx
 *(.ARM.exidx* .gnu.linkonce.armexidx.*)
                0x00003a08                __exidx_end = .
                0x00003a08                _etext = .

.data_RAM2      0x2007c000        0x0 load address 0x00003a08
 FILL mask 0xff
 *(.data.$RAM2*)
 *(.data.$RamAHB16*)
                0x2007c000                . = ALIGN (0x4)

.uninit_RESERVED
 *(.bss.$RESERVED*)

.data           0x10000000      0x214 load address 0x00003a08
 FILL mask 0xff
                0x10000000                _data = .
 *(vtable)
 *(.data*)
 .data          0x10000000        0x3 ./HAL_UART/uart.o
                0x10000002                UART3TxEmpty
                0x10000000                UART0TxEmpty
                0x10000001                UART1TxEmpty
 *fill*         0x10000003        0x1 00
 .data          0x10000004        0x4 C:\Users\admin\Desktop\Keadrone\CMSISv1p30_LPC17xx\Debug\libCMSISv1p30_LPC17xx.a(system_LPC17xx.o)
                0x10000004                SystemCoreClock
 .data          0x10000008        0x4 C:\Users\admin\Desktop\Keadrone\FreeRTOS_Library\Debug\libFreeRTOS_Library.a(heap_2.o)
 .data          0x1000000c        0x4 C:\Users\admin\Desktop\Keadrone\FreeRTOS_Library\Debug\libFreeRTOS_Library.a(port.o)
 .data          0x10000010      0x204 c:/nxp/lpcxpresso_3.6/tools/bin/../lib/gcc/arm-none-eabi/4.3.3/../../../../arm-none-eabi/lib/thumb2\libcr_c.a(ctype.o)
                0x10000010                __ctype
                0x10000214                . = ALIGN (0x4)
                0x10000214                _edata = .

.bss_RAM2       0x2007c000        0x0
 *(.bss.$RAM2*)
 *(.bss.$RamAHB16*)
                0x2007c000                . = ALIGN (0x4)

.bss            0x10000218     0x118c
                0x10000218                _bss = .
 *(.bss*)
 .bss           0x10000218        0x8 ./gyro-ITG3200.o
 .bss           0x10000220       0x18 ./i2c.o
                0x1000022c                RdIndex
                0x10000220                I2CMasterState
                0x10000228                I2CCount
                0x10000230                WrIndex
 .bss           0x10000238        0x4 ./src/main.o
 .bss           0x1000023c        0xc ./HAL_UART/uart.o
                0x1000023c                UART0Count
                0x10000244                UART3Count
                0x10000240                UART1Count
 .bss           0x10000248       0x1a ./HAL_SPI/main_spi.o
 *fill*         0x10000262        0x2 00
 .bss           0x10000264      0x100 C:\Users\admin\Desktop\Keadrone\FreeRTOS_Library\Debug\libFreeRTOS_Library.a(tasks.o)
                0x10000304                pxCurrentTCB
 *fill*         0x10000364        0x4 00
 .bss           0x10000368      0x818 C:\Users\admin\Desktop\Keadrone\FreeRTOS_Library\Debug\libFreeRTOS_Library.a(heap_2.o)
 .bss           0x10000b80        0x4 c:/nxp/lpcxpresso_3.6/tools/bin/../lib/gcc/arm-none-eabi/4.3.3/../../../../arm-none-eabi/lib/thumb2\libcr_nohost.a(cr_sys.o)
 *(COMMON)
 COMMON         0x10000b84      0x41e ./gyro-ITG3200.o
                0x10000b84                z_offset
                0x10000b86                GYROB
                0x10000d86                GYROA
                0x10000f88                i2c
                0x10000f94                y_offset
                0x10000f96                i2cBuffer
                0x10000fa0                x_offset
 *fill*         0x10000fa2        0x2 00
 COMMON         0x10000fa4       0x10 ./i2c.o
                0x10000fa4                I2CReadLength
                0x10000fa8                I2CCmd
                0x10000fac                I2CWriteLength
                0x10000fb0                LPC_I2Cx
 COMMON         0x10000fb4       0xcc ./HAL_UART/uart.o
                0x10000fb4                UART1Buffer
                0x10000ff4                UART3Status
                0x10000ff8                UART0Buffer
                0x10001038                UART1Status
                0x1000103c                UART3Buffer
                0x1000107c                UART0Status
 COMMON         0x10001080        0x8 ./HAL_SPI/main_spi.o
                0x10001080                acc
 COMMON         0x10001088        0x8 c:/nxp/lpcxpresso_3.6/tools/bin/../lib/gcc/arm-none-eabi/4.3.3/../../../../arm-none-eabi/lib/thumb2\libcr_nohost.a(_cr__main.o)
                0x10001088                errno
                0x1000108c                _error_recursion
 COMMON         0x10001090        0x8 c:/nxp/lpcxpresso_3.6/tools/bin/../lib/gcc/arm-none-eabi/4.3.3/../../../../arm-none-eabi/lib/thumb2\libcr_c.a(__init_alloc.o)
                0x10001090                __heaps
                0x10001094                __end_of_heap
 COMMON         0x10001098        0x4 c:/nxp/lpcxpresso_3.6/tools/bin/../lib/gcc/arm-none-eabi/4.3.3/../../../../arm-none-eabi/lib/thumb2\libcr_c.a(initio.o)
                0x10001098                _extra
 COMMON         0x1000109c      0x280 c:/nxp/lpcxpresso_3.6/tools/bin/../lib/gcc/arm-none-eabi/4.3.3/../../../../arm-none-eabi/lib/thumb2\libcr_c.a(stdio.o)
                0x1000109c                __Ciob
 COMMON         0x1000131c       0x88 c:/nxp/lpcxpresso_3.6/tools/bin/../lib/gcc/arm-none-eabi/4.3.3/../../../../arm-none-eabi/lib/thumb2\libcr_c.a(stdlib.o)
                0x1000131c                _exitvector
                0x100013a0                _number_of_exit_functions
                0x100013a4                . = ALIGN (0x4)
                0x100013a4                _ebss = .
                0x100013a4                PROVIDE (end, .)
                0x100013a4                PROVIDE (_pvHeapStart, .)
                0x10004000                PROVIDE (_vStackTop, (__top_RamLoc16 - 0x0))
OUTPUT(SimpleDemo.axf elf32-littlearm)

.debug_abbrev   0x00000000     0x17c3
 .debug_abbrev  0x00000000       0xbd ./cr_startup_lpc17.o
 .debug_abbrev  0x000000bd      0x1d6 ./gyro-ITG3200.o
 .debug_abbrev  0x00000293      0x1f5 ./i2c.o
 .debug_abbrev  0x00000488       0x85 ./retargetPrintf.o
 .debug_abbrev  0x0000050d      0x12b ./src/main.o
 .debug_abbrev  0x00000638      0x1dd ./HAL_UART/uart.o
 .debug_abbrev  0x00000815      0x17d ./HAL_SPI/lpc17xx_clkpwr.o
 .debug_abbrev  0x00000992       0x6a ./HAL_SPI/lpc17xx_libcfg_default.o
 .debug_abbrev  0x000009fc      0x1a6 ./HAL_SPI/lpc17xx_ssp.o
 .debug_abbrev  0x00000ba2      0x240 ./HAL_SPI/main_spi.o
 .debug_abbrev  0x00000de2      0x104 ./HAL_Analog/analog.o
 .debug_abbrev  0x00000ee6       0xc6 C:\Users\admin\Desktop\Keadrone\CMSISv1p30_LPC17xx\Debug\libCMSISv1p30_LPC17xx.a(system_LPC17xx.o)
 .debug_abbrev  0x00000fac      0x1bf C:\Users\admin\Desktop\Keadrone\FreeRTOS_Library\Debug\libFreeRTOS_Library.a(queue.o)
 .debug_abbrev  0x0000116b      0x270 C:\Users\admin\Desktop\Keadrone\FreeRTOS_Library\Debug\libFreeRTOS_Library.a(tasks.o)
 .debug_abbrev  0x000013db      0x1a3 C:\Users\admin\Desktop\Keadrone\FreeRTOS_Library\Debug\libFreeRTOS_Library.a(heap_2.o)
 .debug_abbrev  0x0000157e      0x159 C:\Users\admin\Desktop\Keadrone\FreeRTOS_Library\Debug\libFreeRTOS_Library.a(port.o)
 .debug_abbrev  0x000016d7       0xec C:\Users\admin\Desktop\Keadrone\FreeRTOS_Library\Debug\libFreeRTOS_Library.a(list.o)

.debug_info     0x00000000     0x6f9c
 .debug_info    0x00000000      0x1ec ./cr_startup_lpc17.o
 .debug_info    0x000001ec      0x997 ./gyro-ITG3200.o
 .debug_info    0x00000b83      0xb7c ./i2c.o
 .debug_info    0x000016ff       0xf5 ./retargetPrintf.o
 .debug_info    0x000017f4      0x638 ./src/main.o
 .debug_info    0x00001e2c      0xefa ./HAL_UART/uart.o
 .debug_info    0x00002d26      0x641 ./HAL_SPI/lpc17xx_clkpwr.o
 .debug_info    0x00003367       0xcd ./HAL_SPI/lpc17xx_libcfg_default.o
 .debug_info    0x00003434      0x823 ./HAL_SPI/lpc17xx_ssp.o
 .debug_info    0x00003c57      0xd1d ./HAL_SPI/main_spi.o
 .debug_info    0x00004974      0x5eb ./HAL_Analog/analog.o
 .debug_info    0x00004f5f      0x362 C:\Users\admin\Desktop\Keadrone\CMSISv1p30_LPC17xx\Debug\libCMSISv1p30_LPC17xx.a(system_LPC17xx.o)
 .debug_info    0x000052c1      0x7ee C:\Users\admin\Desktop\Keadrone\FreeRTOS_Library\Debug\libFreeRTOS_Library.a(queue.o)
 .debug_info    0x00005aaf      0xd54 C:\Users\admin\Desktop\Keadrone\FreeRTOS_Library\Debug\libFreeRTOS_Library.a(tasks.o)
 .debug_info    0x00006803      0x2c6 C:\Users\admin\Desktop\Keadrone\FreeRTOS_Library\Debug\libFreeRTOS_Library.a(heap_2.o)
 .debug_info    0x00006ac9      0x21a C:\Users\admin\Desktop\Keadrone\FreeRTOS_Library\Debug\libFreeRTOS_Library.a(port.o)
 .debug_info    0x00006ce3      0x2b9 C:\Users\admin\Desktop\Keadrone\FreeRTOS_Library\Debug\libFreeRTOS_Library.a(list.o)

.debug_line     0x00000000     0x44a7
 .debug_line    0x00000000      0x33d ./cr_startup_lpc17.o
 .debug_line    0x0000033d      0x3c8 ./gyro-ITG3200.o
 .debug_line    0x00000705      0x3d9 ./i2c.o
 .debug_line    0x00000ade      0x29f ./retargetPrintf.o
 .debug_line    0x00000d7d      0x4a1 ./src/main.o
 .debug_line    0x0000121e      0x3b0 ./HAL_UART/uart.o
 .debug_line    0x000015ce      0x381 ./HAL_SPI/lpc17xx_clkpwr.o
 .debug_line    0x0000194f      0x274 ./HAL_SPI/lpc17xx_libcfg_default.o
 .debug_line    0x00001bc3      0x512 ./HAL_SPI/lpc17xx_ssp.o
 .debug_line    0x000020d5      0x551 ./HAL_SPI/main_spi.o
 .debug_line    0x00002626      0x2c4 ./HAL_Analog/analog.o
 .debug_line    0x000028ea      0x2e9 C:\Users\admin\Desktop\Keadrone\CMSISv1p30_LPC17xx\Debug\libCMSISv1p30_LPC17xx.a(system_LPC17xx.o)
 .debug_line    0x00002bd3      0x585 C:\Users\admin\Desktop\Keadrone\FreeRTOS_Library\Debug\libFreeRTOS_Library.a(queue.o)
 .debug_line    0x00003158      0x645 C:\Users\admin\Desktop\Keadrone\FreeRTOS_Library\Debug\libFreeRTOS_Library.a(tasks.o)
 .debug_line    0x0000379d      0x465 C:\Users\admin\Desktop\Keadrone\FreeRTOS_Library\Debug\libFreeRTOS_Library.a(heap_2.o)
 .debug_line    0x00003c02      0x459 C:\Users\admin\Desktop\Keadrone\FreeRTOS_Library\Debug\libFreeRTOS_Library.a(port.o)
 .debug_line    0x0000405b      0x44c C:\Users\admin\Desktop\Keadrone\FreeRTOS_Library\Debug\libFreeRTOS_Library.a(list.o)

.debug_macinfo  0x00000000    0x7acfc
 .debug_macinfo
                0x00000000     0x267e ./cr_startup_lpc17.o
 .debug_macinfo
                0x0000267e     0x6e34 ./gyro-ITG3200.o
 .debug_macinfo
                0x000094b2     0x815f ./i2c.o
 .debug_macinfo
                0x00011611     0x2909 ./retargetPrintf.o
 .debug_macinfo
                0x00013f1a     0xa0d9 ./src/main.o
 .debug_macinfo
                0x0001dff3     0x6bbf ./HAL_UART/uart.o
 .debug_macinfo
                0x00024bb2     0x7f61 ./HAL_SPI/lpc17xx_clkpwr.o
 .debug_macinfo
                0x0002cb13     0x2974 ./HAL_SPI/lpc17xx_libcfg_default.o
 .debug_macinfo
                0x0002f487     0x9224 ./HAL_SPI/lpc17xx_ssp.o
 .debug_macinfo
                0x000386ab     0xa091 ./HAL_SPI/main_spi.o
 .debug_macinfo
                0x0004273c     0x6b6d ./HAL_Analog/analog.o
 .debug_macinfo
                0x000492a9     0x6d5c C:\Users\admin\Desktop\Keadrone\CMSISv1p30_LPC17xx\Debug\libCMSISv1p30_LPC17xx.a(system_LPC17xx.o)
 .debug_macinfo
                0x00050005     0x8e16 C:\Users\admin\Desktop\Keadrone\FreeRTOS_Library\Debug\libFreeRTOS_Library.a(queue.o)
 .debug_macinfo
                0x00058e1b     0x8cc6 C:\Users\admin\Desktop\Keadrone\FreeRTOS_Library\Debug\libFreeRTOS_Library.a(tasks.o)
 .debug_macinfo
                0x00061ae1     0x88ca C:\Users\admin\Desktop\Keadrone\FreeRTOS_Library\Debug\libFreeRTOS_Library.a(heap_2.o)
 .debug_macinfo
                0x0006a3ab     0x8734 C:\Users\admin\Desktop\Keadrone\FreeRTOS_Library\Debug\libFreeRTOS_Library.a(port.o)
 .debug_macinfo
                0x00072adf     0x821d C:\Users\admin\Desktop\Keadrone\FreeRTOS_Library\Debug\libFreeRTOS_Library.a(list.o)

.debug_frame    0x00000000      0xfc0
 .debug_frame   0x00000000      0x120 ./cr_startup_lpc17.o
 .debug_frame   0x00000120       0xd8 ./gyro-ITG3200.o
 .debug_frame   0x000001f8       0xf0 ./i2c.o
 .debug_frame   0x000002e8       0x48 ./retargetPrintf.o
 .debug_frame   0x00000330       0x70 ./src/main.o
 .debug_frame   0x000003a0       0xbc ./HAL_UART/uart.o
 .debug_frame   0x0000045c      0x10c ./HAL_SPI/lpc17xx_clkpwr.o
 .debug_frame   0x00000568       0x2c ./HAL_SPI/lpc17xx_libcfg_default.o
 .debug_frame   0x00000594      0x26c ./HAL_SPI/lpc17xx_ssp.o
 .debug_frame   0x00000800      0x140 ./HAL_SPI/main_spi.o
 .debug_frame   0x00000940       0x44 ./HAL_Analog/analog.o
 .debug_frame   0x00000984       0x48 C:\Users\admin\Desktop\Keadrone\CMSISv1p30_LPC17xx\Debug\libCMSISv1p30_LPC17xx.a(system_LPC17xx.o)
 .debug_frame   0x000009cc      0x198 C:\Users\admin\Desktop\Keadrone\FreeRTOS_Library\Debug\libFreeRTOS_Library.a(queue.o)
 .debug_frame   0x00000b64      0x2c8 C:\Users\admin\Desktop\Keadrone\FreeRTOS_Library\Debug\libFreeRTOS_Library.a(tasks.o)
 .debug_frame   0x00000e2c       0x6c C:\Users\admin\Desktop\Keadrone\FreeRTOS_Library\Debug\libFreeRTOS_Library.a(heap_2.o)
 .debug_frame   0x00000e98       0xc0 C:\Users\admin\Desktop\Keadrone\FreeRTOS_Library\Debug\libFreeRTOS_Library.a(port.o)
 .debug_frame   0x00000f58       0x68 C:\Users\admin\Desktop\Keadrone\FreeRTOS_Library\Debug\libFreeRTOS_Library.a(list.o)

.debug_loc      0x00000000     0x2229
 .debug_loc     0x00000000      0x1e5 ./cr_startup_lpc17.o
 .debug_loc     0x000001e5      0x151 ./gyro-ITG3200.o
 .debug_loc     0x00000336      0x1a0 ./i2c.o
 .debug_loc     0x000004d6       0x6e ./retargetPrintf.o
 .debug_loc     0x00000544       0xa5 ./src/main.o
 .debug_loc     0x000005e9      0x14a ./HAL_UART/uart.o
 .debug_loc     0x00000733      0x1b3 ./HAL_SPI/lpc17xx_clkpwr.o
 .debug_loc     0x000008e6       0x37 ./HAL_SPI/lpc17xx_libcfg_default.o
 .debug_loc     0x0000091d      0x415 ./HAL_SPI/lpc17xx_ssp.o
 .debug_loc     0x00000d32      0x202 ./HAL_SPI/main_spi.o
 .debug_loc     0x00000f34       0x62 ./HAL_Analog/analog.o
 .debug_loc     0x00000f96       0x56 C:\Users\admin\Desktop\Keadrone\CMSISv1p30_LPC17xx\Debug\libCMSISv1p30_LPC17xx.a(system_LPC17xx.o)
 .debug_loc     0x00000fec      0x6d5 C:\Users\admin\Desktop\Keadrone\FreeRTOS_Library\Debug\libFreeRTOS_Library.a(queue.o)
 .debug_loc     0x000016c1      0x8dc C:\Users\admin\Desktop\Keadrone\FreeRTOS_Library\Debug\libFreeRTOS_Library.a(tasks.o)
 .debug_loc     0x00001f9d      0x1c2 C:\Users\admin\Desktop\Keadrone\FreeRTOS_Library\Debug\libFreeRTOS_Library.a(heap_2.o)
 .debug_loc     0x0000215f       0x6f C:\Users\admin\Desktop\Keadrone\FreeRTOS_Library\Debug\libFreeRTOS_Library.a(port.o)
 .debug_loc     0x000021ce       0x5b C:\Users\admin\Desktop\Keadrone\FreeRTOS_Library\Debug\libFreeRTOS_Library.a(list.o)

.debug_pubnames
                0x00000000      0xcff
 .debug_pubnames
                0x00000000       0xfd ./cr_startup_lpc17.o
 .debug_pubnames
                0x000000fd       0xc3 ./gyro-ITG3200.o
 .debug_pubnames
                0x000001c0      0x109 ./i2c.o
 .debug_pubnames
                0x000002c9       0x2a ./retargetPrintf.o
 .debug_pubnames
                0x000002f3       0x1b ./src/main.o
 .debug_pubnames
                0x0000030e      0x12b ./HAL_UART/uart.o
 .debug_pubnames
                0x00000439       0xbb ./HAL_SPI/lpc17xx_clkpwr.o
 .debug_pubnames
                0x000004f4       0x23 ./HAL_SPI/lpc17xx_libcfg_default.o
 .debug_pubnames
                0x00000517      0x170 ./HAL_SPI/lpc17xx_ssp.o
 .debug_pubnames
                0x00000687       0x47 ./HAL_SPI/main_spi.o
 .debug_pubnames
                0x000006ce       0x2c ./HAL_Analog/analog.o
 .debug_pubnames
                0x000006fa       0x4f C:\Users\admin\Desktop\Keadrone\CMSISv1p30_LPC17xx\Debug\libCMSISv1p30_LPC17xx.a(system_LPC17xx.o)
 .debug_pubnames
                0x00000749      0x149 C:\Users\admin\Desktop\Keadrone\FreeRTOS_Library\Debug\libFreeRTOS_Library.a(queue.o)
 .debug_pubnames
                0x00000892      0x28b C:\Users\admin\Desktop\Keadrone\FreeRTOS_Library\Debug\libFreeRTOS_Library.a(tasks.o)
 .debug_pubnames
                0x00000b1d       0x64 C:\Users\admin\Desktop\Keadrone\FreeRTOS_Library\Debug\libFreeRTOS_Library.a(heap_2.o)
 .debug_pubnames
                0x00000b81      0x10d C:\Users\admin\Desktop\Keadrone\FreeRTOS_Library\Debug\libFreeRTOS_Library.a(port.o)
 .debug_pubnames
                0x00000c8e       0x71 C:\Users\admin\Desktop\Keadrone\FreeRTOS_Library\Debug\libFreeRTOS_Library.a(list.o)

.debug_aranges  0x00000000      0x440
 .debug_aranges
                0x00000000       0x70 ./cr_startup_lpc17.o
 .debug_aranges
                0x00000070       0x50 ./gyro-ITG3200.o
 .debug_aranges
                0x000000c0       0x58 ./i2c.o
 .debug_aranges
                0x00000118       0x28 ./retargetPrintf.o
 .debug_aranges
                0x00000140       0x30 ./src/main.o
 .debug_aranges
                0x00000170       0x48 ./HAL_UART/uart.o
 .debug_aranges
                0x000001b8       0x60 ./HAL_SPI/lpc17xx_clkpwr.o
 .debug_aranges
                0x00000218       0x20 ./HAL_SPI/lpc17xx_libcfg_default.o
 .debug_aranges
                0x00000238       0xb0 ./HAL_SPI/lpc17xx_ssp.o
 .debug_aranges
                0x000002e8       0x68 ./HAL_SPI/main_spi.o
 .debug_aranges
                0x00000350       0x28 ./HAL_Analog/analog.o
 .debug_aranges
                0x00000378       0x28 C:\Users\admin\Desktop\Keadrone\CMSISv1p30_LPC17xx\Debug\libCMSISv1p30_LPC17xx.a(system_LPC17xx.o)
 .debug_aranges
                0x000003a0       0x20 C:\Users\admin\Desktop\Keadrone\FreeRTOS_Library\Debug\libFreeRTOS_Library.a(queue.o)
 .debug_aranges
                0x000003c0       0x20 C:\Users\admin\Desktop\Keadrone\FreeRTOS_Library\Debug\libFreeRTOS_Library.a(tasks.o)
 .debug_aranges
                0x000003e0       0x20 C:\Users\admin\Desktop\Keadrone\FreeRTOS_Library\Debug\libFreeRTOS_Library.a(heap_2.o)
 .debug_aranges
                0x00000400       0x20 C:\Users\admin\Desktop\Keadrone\FreeRTOS_Library\Debug\libFreeRTOS_Library.a(port.o)
 .debug_aranges
                0x00000420       0x20 C:\Users\admin\Desktop\Keadrone\FreeRTOS_Library\Debug\libFreeRTOS_Library.a(list.o)

.debug_ranges   0x00000000      0x390
 .debug_ranges  0x00000000       0x68 ./cr_startup_lpc17.o
 .debug_ranges  0x00000068       0x48 ./gyro-ITG3200.o
 .debug_ranges  0x000000b0       0x50 ./i2c.o
 .debug_ranges  0x00000100       0x20 ./retargetPrintf.o
 .debug_ranges  0x00000120       0x28 ./src/main.o
 .debug_ranges  0x00000148       0x40 ./HAL_UART/uart.o
 .debug_ranges  0x00000188       0x58 ./HAL_SPI/lpc17xx_clkpwr.o
 .debug_ranges  0x000001e0       0x18 ./HAL_SPI/lpc17xx_libcfg_default.o
 .debug_ranges  0x000001f8       0xa8 ./HAL_SPI/lpc17xx_ssp.o
 .debug_ranges  0x000002a0       0x60 ./HAL_SPI/main_spi.o
 .debug_ranges  0x00000300       0x20 ./HAL_Analog/analog.o
 .debug_ranges  0x00000320       0x20 C:\Users\admin\Desktop\Keadrone\CMSISv1p30_LPC17xx\Debug\libCMSISv1p30_LPC17xx.a(system_LPC17xx.o)
 .debug_ranges  0x00000340       0x50 C:\Users\admin\Desktop\Keadrone\FreeRTOS_Library\Debug\libFreeRTOS_Library.a(tasks.o)

.debug_str      0x00000000     0x20d6
 .debug_str     0x00000000      0x182 ./cr_startup_lpc17.o
                                0x1bc (size before relaxing)
 .debug_str     0x00000182      0x52a ./gyro-ITG3200.o
                                0x604 (size before relaxing)
 .debug_str     0x000006ac      0x4d2 ./i2c.o
                                0x865 (size before relaxing)
 .debug_str     0x00000b7e       0x41 ./retargetPrintf.o
                                0x10e (size before relaxing)
 .debug_str     0x00000bbf       0x83 ./src/main.o
                                0x3aa (size before relaxing)
 .debug_str     0x00000c42      0x183 ./HAL_UART/uart.o
                                0x6ce (size before relaxing)
 .debug_str     0x00000dc5      0x12d ./HAL_SPI/lpc17xx_clkpwr.o
                                0x360 (size before relaxing)
 .debug_str     0x00000ef2       0x3b ./HAL_SPI/lpc17xx_libcfg_default.o
                                0x107 (size before relaxing)
 .debug_str     0x00000f2d      0x2c9 ./HAL_SPI/lpc17xx_ssp.o
                                0x3f7 (size before relaxing)
 .debug_str     0x000011f6       0xb1 ./HAL_SPI/main_spi.o
                                0x7ba (size before relaxing)
 .debug_str     0x000012a7       0x88 ./HAL_Analog/analog.o
                                0x388 (size before relaxing)
 .debug_str     0x0000132f       0x72 C:\Users\admin\Desktop\Keadrone\CMSISv1p30_LPC17xx\Debug\libCMSISv1p30_LPC17xx.a(system_LPC17xx.o)
                                0x258 (size before relaxing)
 .debug_str     0x000013a1      0x401 C:\Users\admin\Desktop\Keadrone\FreeRTOS_Library\Debug\libFreeRTOS_Library.a(queue.o)
                                0x4e3 (size before relaxing)
 .debug_str     0x000017a2      0x638 C:\Users\admin\Desktop\Keadrone\FreeRTOS_Library\Debug\libFreeRTOS_Library.a(tasks.o)
                                0x818 (size before relaxing)
 .debug_str     0x00001dda      0x150 C:\Users\admin\Desktop\Keadrone\FreeRTOS_Library\Debug\libFreeRTOS_Library.a(heap_2.o)
                                0x232 (size before relaxing)
 .debug_str     0x00001f2a      0x11a C:\Users\admin\Desktop\Keadrone\FreeRTOS_Library\Debug\libFreeRTOS_Library.a(port.o)
                                0x234 (size before relaxing)
 .debug_str     0x00002044       0x92 C:\Users\admin\Desktop\Keadrone\FreeRTOS_Library\Debug\libFreeRTOS_Library.a(list.o)
                                0x216 (size before relaxing)

.comment        0x00000000      0x9e9
 .comment       0x00000000       0x2b ./cr_startup_lpc17.o
 .comment       0x0000002b       0x2b ./gyro-ITG3200.o
 .comment       0x00000056       0x2b ./i2c.o
 .comment       0x00000081       0x2b ./retargetPrintf.o
 .comment       0x000000ac       0x2b ./src/main.o
 .comment       0x000000d7       0x2b ./HAL_UART/uart.o
 .comment       0x00000102       0x2b ./HAL_SPI/lpc17xx_clkpwr.o
 .comment       0x0000012d       0x2b ./HAL_SPI/lpc17xx_libcfg_default.o
 .comment       0x00000158       0x2b ./HAL_SPI/lpc17xx_ssp.o
 .comment       0x00000183       0x2b ./HAL_SPI/main_spi.o
 .comment       0x000001ae       0x2b ./HAL_Analog/analog.o
 .comment       0x000001d9       0x2b C:\Users\admin\Desktop\Keadrone\CMSISv1p30_LPC17xx\Debug\libCMSISv1p30_LPC17xx.a(system_LPC17xx.o)
 .comment       0x00000204       0x2b C:\Users\admin\Desktop\Keadrone\FreeRTOS_Library\Debug\libFreeRTOS_Library.a(queue.o)
 .comment       0x0000022f       0x2b C:\Users\admin\Desktop\Keadrone\FreeRTOS_Library\Debug\libFreeRTOS_Library.a(tasks.o)
 .comment       0x0000025a       0x2b C:\Users\admin\Desktop\Keadrone\FreeRTOS_Library\Debug\libFreeRTOS_Library.a(heap_2.o)
 .comment       0x00000285       0x2b C:\Users\admin\Desktop\Keadrone\FreeRTOS_Library\Debug\libFreeRTOS_Library.a(port.o)
 .comment       0x000002b0       0x2b C:\Users\admin\Desktop\Keadrone\FreeRTOS_Library\Debug\libFreeRTOS_Library.a(list.o)
 .comment       0x000002db       0x2b c:/nxp/lpcxpresso_3.6/tools/bin/../lib/gcc/arm-none-eabi/4.3.3/../../../../arm-none-eabi/lib/thumb2\libcr_nohost.a(_cr__main.o)
 .comment       0x00000306       0x2b c:/nxp/lpcxpresso_3.6/tools/bin/../lib/gcc/arm-none-eabi/4.3.3/../../../../arm-none-eabi/lib/thumb2\libcr_c.a(__init_alloc.o)
 .comment       0x00000331       0x2b c:/nxp/lpcxpresso_3.6/tools/bin/../lib/gcc/arm-none-eabi/4.3.3/../../../../arm-none-eabi/lib/thumb2\libcr_c.a(ctype.o)
 .comment       0x0000035c       0x2b c:/nxp/lpcxpresso_3.6/tools/bin/../lib/gcc/arm-none-eabi/4.3.3/../../../../arm-none-eabi/lib/thumb2\libcr_c.a(fpprintf.o)
 .comment       0x00000387       0x2b c:/nxp/lpcxpresso_3.6/tools/bin/../lib/gcc/arm-none-eabi/4.3.3/../../../../arm-none-eabi/lib/thumb2\libcr_c.a(initio.o)
 .comment       0x000003b2       0x2b c:/nxp/lpcxpresso_3.6/tools/bin/../lib/gcc/arm-none-eabi/4.3.3/../../../../arm-none-eabi/lib/thumb2\libcr_c.a(memcpy.o)
 .comment       0x000003dd       0x2b c:/nxp/lpcxpresso_3.6/tools/bin/../lib/gcc/arm-none-eabi/4.3.3/../../../../arm-none-eabi/lib/thumb2\libcr_c.a(memset.o)
 .comment       0x00000408       0x2b c:/nxp/lpcxpresso_3.6/tools/bin/../lib/gcc/arm-none-eabi/4.3.3/../../../../arm-none-eabi/lib/thumb2\libcr_c.a(printf.o)
 .comment       0x00000433       0x2b c:/nxp/lpcxpresso_3.6/tools/bin/../lib/gcc/arm-none-eabi/4.3.3/../../../../arm-none-eabi/lib/thumb2\libcr_c.a(setvbuf.o)
 .comment       0x0000045e       0x2b c:/nxp/lpcxpresso_3.6/tools/bin/../lib/gcc/arm-none-eabi/4.3.3/../../../../arm-none-eabi/lib/thumb2\libcr_c.a(stdio.o)
 .comment       0x00000489       0x2b c:/nxp/lpcxpresso_3.6/tools/bin/../lib/gcc/arm-none-eabi/4.3.3/../../../../arm-none-eabi/lib/thumb2\libcr_c.a(stdlib.o)
 .comment       0x000004b4       0x2b c:/nxp/lpcxpresso_3.6/tools/bin/../lib/gcc/arm-none-eabi/4.3.3/../../../../arm-none-eabi/lib/thumb2\libcr_c.a(strcpy.o)
 .comment       0x000004df       0x2b c:/nxp/lpcxpresso_3.6/tools/bin/../lib/gcc/arm-none-eabi/4.3.3/../../../../arm-none-eabi/lib/thumb2\libcr_c.a(strlen.o)
 .comment       0x0000050a       0x2b c:/nxp/lpcxpresso_3.6/tools/bin/../lib/gcc/arm-none-eabi/4.3.3/../../../../arm-none-eabi/lib/thumb2\libcr_c.a(strncpy.o)
 .comment       0x00000535       0x2b c:/nxp/lpcxpresso_3.6/tools/bin/../lib/gcc/arm-none-eabi/4.3.3/../../../../arm-none-eabi/lib/thumb2\libcr_c.a(__fillbuf.o)
 .comment       0x00000560       0x2b c:/nxp/lpcxpresso_3.6/tools/bin/../lib/gcc/arm-none-eabi/4.3.3/../../../../arm-none-eabi/lib/thumb2\libcr_c.a(_deferredlazyseek.o)
 .comment       0x0000058b       0x2b c:/nxp/lpcxpresso_3.6/tools/bin/../lib/gcc/arm-none-eabi/4.3.3/../../../../arm-none-eabi/lib/thumb2\libcr_c.a(_fdopen.o)
 .comment       0x000005b6       0x2b c:/nxp/lpcxpresso_3.6/tools/bin/../lib/gcc/arm-none-eabi/4.3.3/../../../../arm-none-eabi/lib/thumb2\libcr_c.a(_fflush.o)
 .comment       0x000005e1       0x2b c:/nxp/lpcxpresso_3.6/tools/bin/../lib/gcc/arm-none-eabi/4.3.3/../../../../arm-none-eabi/lib/thumb2\libcr_c.a(_frexpl.o)
 .comment       0x0000060c       0x2b c:/nxp/lpcxpresso_3.6/tools/bin/../lib/gcc/arm-none-eabi/4.3.3/../../../../arm-none-eabi/lib/thumb2\libcr_c.a(_ldexpl.o)
 .comment       0x00000637       0x2b c:/nxp/lpcxpresso_3.6/tools/bin/../lib/gcc/arm-none-eabi/4.3.3/../../../../arm-none-eabi/lib/thumb2\libcr_c.a(_writebuf.o)
 .comment       0x00000662       0x2b c:/nxp/lpcxpresso_3.6/tools/bin/../lib/gcc/arm-none-eabi/4.3.3/../../../../arm-none-eabi/lib/thumb2\libcr_c.a(alloc.o)
 .comment       0x0000068d       0x2b c:/nxp/lpcxpresso_3.6/tools/bin/../lib/gcc/arm-none-eabi/4.3.3/../../../../arm-none-eabi/lib/thumb2\libcr_c.a(error.o)
 .comment       0x000006b8       0x2b c:/nxp/lpcxpresso_3.6/tools/bin/../lib/gcc/arm-none-eabi/4.3.3/../../../../arm-none-eabi/lib/thumb2\libcr_c.a(fclose.o)
 .comment       0x000006e3       0x2b c:/nxp/lpcxpresso_3.6/tools/bin/../lib/gcc/arm-none-eabi/4.3.3/../../../../arm-none-eabi/lib/thumb2\libcr_c.a(fflush.o)
 .comment       0x0000070e       0x2b c:/nxp/lpcxpresso_3.6/tools/bin/../lib/gcc/arm-none-eabi/4.3.3/../../../../arm-none-eabi/lib/thumb2\libcr_c.a(fputs.o)
 .comment       0x00000739       0x2b c:/nxp/lpcxpresso_3.6/tools/bin/../lib/gcc/arm-none-eabi/4.3.3/../../../../arm-none-eabi/lib/thumb2\libcr_c.a(fseek.o)
 .comment       0x00000764       0x2b c:/nxp/lpcxpresso_3.6/tools/bin/../lib/gcc/arm-none-eabi/4.3.3/../../../../arm-none-eabi/lib/thumb2\libcr_c.a(ftell.o)
 .comment       0x0000078f       0x2b c:/nxp/lpcxpresso_3.6/tools/bin/../lib/gcc/arm-none-eabi/4.3.3/../../../../arm-none-eabi/lib/thumb2\libcr_c.a(raise.o)
 .comment       0x000007ba       0x2b c:/nxp/lpcxpresso_3.6/tools/bin/../lib/gcc/arm-none-eabi/4.3.3/../../../../arm-none-eabi/lib/thumb2\libcr_c.a(remove.o)
 .comment       0x000007e5       0x2b c:/nxp/lpcxpresso_3.6/tools/bin/../lib/gcc/arm-none-eabi/4.3.3/../../../../arm-none-eabi/lib/thumb2\libcr_c.a(_do_fflush.o)
 .comment       0x00000810       0x2b c:/nxp/lpcxpresso_3.6/tools/bin/../lib/gcc/arm-none-eabi/4.3.3/../../../../arm-none-eabi/lib/thumb2\libcr_c.a(_hugeval.o)
 .comment       0x0000083b       0x2b c:/nxp/lpcxpresso_3.6/tools/bin/../lib/gcc/arm-none-eabi/4.3.3/thumb2\libcr_eabihelpers.a(double.o)
 .comment       0x00000866       0x2b c:/nxp/lpcxpresso_3.6/tools/bin/../lib/gcc/arm-none-eabi/4.3.3/thumb2\libcr_eabihelpers.a(rtlib.o)
 .comment       0x00000891       0x2b c:/nxp/lpcxpresso_3.6/tools/bin/../lib/gcc/arm-none-eabi/4.3.3/../../../../arm-none-eabi/lib/thumb2\libcr_nohost.a(_cr_sbrk.o)
 .comment       0x000008bc       0x2b c:/nxp/lpcxpresso_3.6/tools/bin/../lib/gcc/arm-none-eabi/4.3.3/../../../../arm-none-eabi/lib/thumb2\libcr_nohost.a(cr_sys.o)
 .comment       0x000008e7       0x2b c:/nxp/lpcxpresso_3.6/tools/bin/../lib/gcc/arm-none-eabi/4.3.3/../../../../arm-none-eabi/lib/thumb2\libcr_nohost.a(cr__close.o)
 .comment       0x00000912       0x2b c:/nxp/lpcxpresso_3.6/tools/bin/../lib/gcc/arm-none-eabi/4.3.3/../../../../arm-none-eabi/lib/thumb2\libcr_nohost.a(cr__exit.o)
 .comment       0x0000093d       0x2b c:/nxp/lpcxpresso_3.6/tools/bin/../lib/gcc/arm-none-eabi/4.3.3/../../../../arm-none-eabi/lib/thumb2\libcr_nohost.a(cr__open.o)
 .comment       0x00000968       0x2b c:/nxp/lpcxpresso_3.6/tools/bin/../lib/gcc/arm-none-eabi/4.3.3/../../../../arm-none-eabi/lib/thumb2\libcr_nohost.a(cr__read.o)
 .comment       0x00000993       0x2b c:/nxp/lpcxpresso_3.6/tools/bin/../lib/gcc/arm-none-eabi/4.3.3/../../../../arm-none-eabi/lib/thumb2\libcr_nohost.a(cr__unlink.o)
 .comment       0x000009be       0x2b c:/nxp/lpcxpresso_3.6/tools/bin/../lib/gcc/arm-none-eabi/4.3.3/../../../../arm-none-eabi/lib/thumb2\libcr_nohost.a(cr_dummy_stubs.o)

.ARM.attributes
                0x00000000       0x2f
 .ARM.attributes
                0x00000000       0x31 ./cr_startup_lpc17.o
 .ARM.attributes
                0x00000031       0x31 ./gyro-ITG3200.o
 .ARM.attributes
                0x00000062       0x31 ./i2c.o
 .ARM.attributes
                0x00000093       0x31 ./retargetPrintf.o
 .ARM.attributes
                0x000000c4       0x31 ./src/main.o
 .ARM.attributes
                0x000000f5       0x31 ./HAL_UART/uart.o
 .ARM.attributes
                0x00000126       0x31 ./HAL_SPI/lpc17xx_clkpwr.o
 .ARM.attributes
                0x00000157       0x31 ./HAL_SPI/lpc17xx_libcfg_default.o
 .ARM.attributes
                0x00000188       0x31 ./HAL_SPI/lpc17xx_ssp.o
 .ARM.attributes
                0x000001b9       0x31 ./HAL_SPI/main_spi.o
 .ARM.attributes
                0x000001ea       0x31 ./HAL_Analog/analog.o
 .ARM.attributes
                0x0000021b       0x31 C:\Users\admin\Desktop\Keadrone\CMSISv1p30_LPC17xx\Debug\libCMSISv1p30_LPC17xx.a(system_LPC17xx.o)
 .ARM.attributes
                0x0000024c       0x31 C:\Users\admin\Desktop\Keadrone\FreeRTOS_Library\Debug\libFreeRTOS_Library.a(queue.o)
 .ARM.attributes
                0x0000027d       0x31 C:\Users\admin\Desktop\Keadrone\FreeRTOS_Library\Debug\libFreeRTOS_Library.a(tasks.o)
 .ARM.attributes
                0x000002ae       0x31 C:\Users\admin\Desktop\Keadrone\FreeRTOS_Library\Debug\libFreeRTOS_Library.a(heap_2.o)
 .ARM.attributes
                0x000002df       0x31 C:\Users\admin\Desktop\Keadrone\FreeRTOS_Library\Debug\libFreeRTOS_Library.a(port.o)
 .ARM.attributes
                0x00000310       0x31 C:\Users\admin\Desktop\Keadrone\FreeRTOS_Library\Debug\libFreeRTOS_Library.a(list.o)
 .ARM.attributes
                0x00000341       0x31 c:/nxp/lpcxpresso_3.6/tools/bin/../lib/gcc/arm-none-eabi/4.3.3/../../../../arm-none-eabi/lib/thumb2\libcr_nohost.a(_cr__main.o)
 .ARM.attributes
                0x00000372       0x31 c:/nxp/lpcxpresso_3.6/tools/bin/../lib/gcc/arm-none-eabi/4.3.3/../../../../arm-none-eabi/lib/thumb2\libcr_c.a(__init_alloc.o)
 .ARM.attributes
                0x000003a3       0x31 c:/nxp/lpcxpresso_3.6/tools/bin/../lib/gcc/arm-none-eabi/4.3.3/../../../../arm-none-eabi/lib/thumb2\libcr_c.a(ctype.o)
 .ARM.attributes
                0x000003d4       0x31 c:/nxp/lpcxpresso_3.6/tools/bin/../lib/gcc/arm-none-eabi/4.3.3/../../../../arm-none-eabi/lib/thumb2\libcr_c.a(fpprintf.o)
 .ARM.attributes
                0x00000405       0x31 c:/nxp/lpcxpresso_3.6/tools/bin/../lib/gcc/arm-none-eabi/4.3.3/../../../../arm-none-eabi/lib/thumb2\libcr_c.a(initio.o)
 .ARM.attributes
                0x00000436       0x31 c:/nxp/lpcxpresso_3.6/tools/bin/../lib/gcc/arm-none-eabi/4.3.3/../../../../arm-none-eabi/lib/thumb2\libcr_c.a(memcpy.o)
 .ARM.attributes
                0x00000467       0x31 c:/nxp/lpcxpresso_3.6/tools/bin/../lib/gcc/arm-none-eabi/4.3.3/../../../../arm-none-eabi/lib/thumb2\libcr_c.a(memset.o)
 .ARM.attributes
                0x00000498       0x31 c:/nxp/lpcxpresso_3.6/tools/bin/../lib/gcc/arm-none-eabi/4.3.3/../../../../arm-none-eabi/lib/thumb2\libcr_c.a(printf.o)
 .ARM.attributes
                0x000004c9       0x31 c:/nxp/lpcxpresso_3.6/tools/bin/../lib/gcc/arm-none-eabi/4.3.3/../../../../arm-none-eabi/lib/thumb2\libcr_c.a(setvbuf.o)
 .ARM.attributes
                0x000004fa       0x31 c:/nxp/lpcxpresso_3.6/tools/bin/../lib/gcc/arm-none-eabi/4.3.3/../../../../arm-none-eabi/lib/thumb2\libcr_c.a(stdio.o)
 .ARM.attributes
                0x0000052b       0x31 c:/nxp/lpcxpresso_3.6/tools/bin/../lib/gcc/arm-none-eabi/4.3.3/../../../../arm-none-eabi/lib/thumb2\libcr_c.a(stdlib.o)
 .ARM.attributes
                0x0000055c       0x31 c:/nxp/lpcxpresso_3.6/tools/bin/../lib/gcc/arm-none-eabi/4.3.3/../../../../arm-none-eabi/lib/thumb2\libcr_c.a(strcpy.o)
 .ARM.attributes
                0x0000058d       0x31 c:/nxp/lpcxpresso_3.6/tools/bin/../lib/gcc/arm-none-eabi/4.3.3/../../../../arm-none-eabi/lib/thumb2\libcr_c.a(strlen.o)
 .ARM.attributes
                0x000005be       0x31 c:/nxp/lpcxpresso_3.6/tools/bin/../lib/gcc/arm-none-eabi/4.3.3/../../../../arm-none-eabi/lib/thumb2\libcr_c.a(strncpy.o)
 .ARM.attributes
                0x000005ef       0x31 c:/nxp/lpcxpresso_3.6/tools/bin/../lib/gcc/arm-none-eabi/4.3.3/../../../../arm-none-eabi/lib/thumb2\libcr_c.a(__fillbuf.o)
 .ARM.attributes
                0x00000620       0x31 c:/nxp/lpcxpresso_3.6/tools/bin/../lib/gcc/arm-none-eabi/4.3.3/../../../../arm-none-eabi/lib/thumb2\libcr_c.a(_deferredlazyseek.o)
 .ARM.attributes
                0x00000651       0x31 c:/nxp/lpcxpresso_3.6/tools/bin/../lib/gcc/arm-none-eabi/4.3.3/../../../../arm-none-eabi/lib/thumb2\libcr_c.a(_fdopen.o)
 .ARM.attributes
                0x00000682       0x31 c:/nxp/lpcxpresso_3.6/tools/bin/../lib/gcc/arm-none-eabi/4.3.3/../../../../arm-none-eabi/lib/thumb2\libcr_c.a(_fflush.o)
 .ARM.attributes
                0x000006b3       0x31 c:/nxp/lpcxpresso_3.6/tools/bin/../lib/gcc/arm-none-eabi/4.3.3/../../../../arm-none-eabi/lib/thumb2\libcr_c.a(_frexpl.o)
 .ARM.attributes
                0x000006e4       0x31 c:/nxp/lpcxpresso_3.6/tools/bin/../lib/gcc/arm-none-eabi/4.3.3/../../../../arm-none-eabi/lib/thumb2\libcr_c.a(_ldexpl.o)
 .ARM.attributes
                0x00000715       0x31 c:/nxp/lpcxpresso_3.6/tools/bin/../lib/gcc/arm-none-eabi/4.3.3/../../../../arm-none-eabi/lib/thumb2\libcr_c.a(_writebuf.o)
 .ARM.attributes
                0x00000746       0x31 c:/nxp/lpcxpresso_3.6/tools/bin/../lib/gcc/arm-none-eabi/4.3.3/../../../../arm-none-eabi/lib/thumb2\libcr_c.a(alloc.o)
 .ARM.attributes
                0x00000777       0x31 c:/nxp/lpcxpresso_3.6/tools/bin/../lib/gcc/arm-none-eabi/4.3.3/../../../../arm-none-eabi/lib/thumb2\libcr_c.a(error.o)
 .ARM.attributes
                0x000007a8       0x31 c:/nxp/lpcxpresso_3.6/tools/bin/../lib/gcc/arm-none-eabi/4.3.3/../../../../arm-none-eabi/lib/thumb2\libcr_c.a(fclose.o)
 .ARM.attributes
                0x000007d9       0x31 c:/nxp/lpcxpresso_3.6/tools/bin/../lib/gcc/arm-none-eabi/4.3.3/../../../../arm-none-eabi/lib/thumb2\libcr_c.a(fflush.o)
 .ARM.attributes
                0x0000080a       0x31 c:/nxp/lpcxpresso_3.6/tools/bin/../lib/gcc/arm-none-eabi/4.3.3/../../../../arm-none-eabi/lib/thumb2\libcr_c.a(fputs.o)
 .ARM.attributes
                0x0000083b       0x31 c:/nxp/lpcxpresso_3.6/tools/bin/../lib/gcc/arm-none-eabi/4.3.3/../../../../arm-none-eabi/lib/thumb2\libcr_c.a(fseek.o)
 .ARM.attributes
                0x0000086c       0x31 c:/nxp/lpcxpresso_3.6/tools/bin/../lib/gcc/arm-none-eabi/4.3.3/../../../../arm-none-eabi/lib/thumb2\libcr_c.a(ftell.o)
 .ARM.attributes
                0x0000089d       0x31 c:/nxp/lpcxpresso_3.6/tools/bin/../lib/gcc/arm-none-eabi/4.3.3/../../../../arm-none-eabi/lib/thumb2\libcr_c.a(raise.o)
 .ARM.attributes
                0x000008ce       0x31 c:/nxp/lpcxpresso_3.6/tools/bin/../lib/gcc/arm-none-eabi/4.3.3/../../../../arm-none-eabi/lib/thumb2\libcr_c.a(remove.o)
 .ARM.attributes
                0x000008ff       0x31 c:/nxp/lpcxpresso_3.6/tools/bin/../lib/gcc/arm-none-eabi/4.3.3/../../../../arm-none-eabi/lib/thumb2\libcr_c.a(_do_fflush.o)
 .ARM.attributes
                0x00000930       0x31 c:/nxp/lpcxpresso_3.6/tools/bin/../lib/gcc/arm-none-eabi/4.3.3/../../../../arm-none-eabi/lib/thumb2\libcr_c.a(_hugeval.o)
 .ARM.attributes
                0x00000961       0x31 c:/nxp/lpcxpresso_3.6/tools/bin/../lib/gcc/arm-none-eabi/4.3.3/thumb2\libcr_eabihelpers.a(double.o)
 .ARM.attributes
                0x00000992       0x21 c:/nxp/lpcxpresso_3.6/tools/bin/../lib/gcc/arm-none-eabi/4.3.3/thumb2\libcr_eabihelpers.a(helpers.o)
 .ARM.attributes
                0x000009b3       0x31 c:/nxp/lpcxpresso_3.6/tools/bin/../lib/gcc/arm-none-eabi/4.3.3/thumb2\libcr_eabihelpers.a(rtlib.o)
 .ARM.attributes
                0x000009e4       0x31 c:/nxp/lpcxpresso_3.6/tools/bin/../lib/gcc/arm-none-eabi/4.3.3/../../../../arm-none-eabi/lib/thumb2\libcr_nohost.a(_cr_sbrk.o)
 .ARM.attributes
                0x00000a15       0x31 c:/nxp/lpcxpresso_3.6/tools/bin/../lib/gcc/arm-none-eabi/4.3.3/../../../../arm-none-eabi/lib/thumb2\libcr_nohost.a(cr_sys.o)
 .ARM.attributes
                0x00000a46       0x31 c:/nxp/lpcxpresso_3.6/tools/bin/../lib/gcc/arm-none-eabi/4.3.3/../../../../arm-none-eabi/lib/thumb2\libcr_nohost.a(cr__close.o)
 .ARM.attributes
                0x00000a77       0x31 c:/nxp/lpcxpresso_3.6/tools/bin/../lib/gcc/arm-none-eabi/4.3.3/../../../../arm-none-eabi/lib/thumb2\libcr_nohost.a(cr__exit.o)
 .ARM.attributes
                0x00000aa8       0x31 c:/nxp/lpcxpresso_3.6/tools/bin/../lib/gcc/arm-none-eabi/4.3.3/../../../../arm-none-eabi/lib/thumb2\libcr_nohost.a(cr__open.o)
 .ARM.attributes
                0x00000ad9       0x31 c:/nxp/lpcxpresso_3.6/tools/bin/../lib/gcc/arm-none-eabi/4.3.3/../../../../arm-none-eabi/lib/thumb2\libcr_nohost.a(cr__read.o)
 .ARM.attributes
                0x00000b0a       0x31 c:/nxp/lpcxpresso_3.6/tools/bin/../lib/gcc/arm-none-eabi/4.3.3/../../../../arm-none-eabi/lib/thumb2\libcr_nohost.a(cr__unlink.o)
 .ARM.attributes
                0x00000b3b       0x31 c:/nxp/lpcxpresso_3.6/tools/bin/../lib/gcc/arm-none-eabi/4.3.3/../../../../arm-none-eabi/lib/thumb2\libcr_nohost.a(cr_dummy_stubs.o)
