Archive member included because of file (symbol)

C:\Users\admin\Documents\lpcxpresso_3.6\workspace\CMSISv1p30_LPC17xx\Debug\libCMSISv1p30_LPC17xx.a(system_LPC17xx.o)
                              ./HAL_UART/uart.o (SystemCoreClock)
C:\Users\admin\Documents\lpcxpresso_3.6\workspace\FreeRTOS_Library\Debug\libFreeRTOS_Library.a(queue.o)
                              ./src/main.o (xQueueCreate)
C:\Users\admin\Documents\lpcxpresso_3.6\workspace\FreeRTOS_Library\Debug\libFreeRTOS_Library.a(tasks.o)
                              C:\Users\admin\Documents\lpcxpresso_3.6\workspace\FreeRTOS_Library\Debug\libFreeRTOS_Library.a(queue.o) (vTaskSuspendAll)
C:\Users\admin\Documents\lpcxpresso_3.6\workspace\FreeRTOS_Library\Debug\libFreeRTOS_Library.a(heap_2.o)
                              C:\Users\admin\Documents\lpcxpresso_3.6\workspace\FreeRTOS_Library\Debug\libFreeRTOS_Library.a(queue.o) (vPortFree)
C:\Users\admin\Documents\lpcxpresso_3.6\workspace\FreeRTOS_Library\Debug\libFreeRTOS_Library.a(port.o)
                              C:\Users\admin\Documents\lpcxpresso_3.6\workspace\FreeRTOS_Library\Debug\libFreeRTOS_Library.a(tasks.o) (pxPortInitialiseStack)
C:\Users\admin\Documents\lpcxpresso_3.6\workspace\FreeRTOS_Library\Debug\libFreeRTOS_Library.a(list.o)
                              C:\Users\admin\Documents\lpcxpresso_3.6\workspace\FreeRTOS_Library\Debug\libFreeRTOS_Library.a(queue.o) (vListInitialise)
c:/nxp/lpcxpresso_3.6/tools/bin/../lib/gcc/arm-none-eabi/4.3.3/../../../../arm-none-eabi/lib/thumb2\libcr_nohost.a(_cr__main.o)
                              ./cr_startup_lpc17.o (__main)
c:/nxp/lpcxpresso_3.6/tools/bin/../lib/gcc/arm-none-eabi/4.3.3/../../../../arm-none-eabi/lib/thumb2\libcr_c.a(__init_alloc.o)
                              c:/nxp/lpcxpresso_3.6/tools/bin/../lib/gcc/arm-none-eabi/4.3.3/../../../../arm-none-eabi/lib/thumb2\libcr_nohost.a(_cr__main.o) (_init_alloc)
c:/nxp/lpcxpresso_3.6/tools/bin/../lib/gcc/arm-none-eabi/4.3.3/../../../../arm-none-eabi/lib/thumb2\libcr_c.a(ctype.o)
                              c:/nxp/lpcxpresso_3.6/tools/bin/../lib/gcc/arm-none-eabi/4.3.3/../../../../arm-none-eabi/lib/thumb2\libcr_nohost.a(_cr__main.o) (_ctype_init)
c:/nxp/lpcxpresso_3.6/tools/bin/../lib/gcc/arm-none-eabi/4.3.3/../../../../arm-none-eabi/lib/thumb2\libcr_c.a(fpprintf.o)
                              ./HAL_SPI/main_spi.o (sprintf)
c:/nxp/lpcxpresso_3.6/tools/bin/../lib/gcc/arm-none-eabi/4.3.3/../../../../arm-none-eabi/lib/thumb2\libcr_c.a(initio.o)
                              c:/nxp/lpcxpresso_3.6/tools/bin/../lib/gcc/arm-none-eabi/4.3.3/../../../../arm-none-eabi/lib/thumb2\libcr_nohost.a(_cr__main.o) (_terminateio)
c:/nxp/lpcxpresso_3.6/tools/bin/../lib/gcc/arm-none-eabi/4.3.3/../../../../arm-none-eabi/lib/thumb2\libcr_c.a(memcpy.o)
                              C:\Users\admin\Documents\lpcxpresso_3.6\workspace\FreeRTOS_Library\Debug\libFreeRTOS_Library.a(queue.o) (memcpy)
c:/nxp/lpcxpresso_3.6/tools/bin/../lib/gcc/arm-none-eabi/4.3.3/../../../../arm-none-eabi/lib/thumb2\libcr_c.a(memset.o)
                              C:\Users\admin\Documents\lpcxpresso_3.6\workspace\FreeRTOS_Library\Debug\libFreeRTOS_Library.a(tasks.o) (memset)
c:/nxp/lpcxpresso_3.6/tools/bin/../lib/gcc/arm-none-eabi/4.3.3/../../../../arm-none-eabi/lib/thumb2\libcr_c.a(printf.o)
                              c:/nxp/lpcxpresso_3.6/tools/bin/../lib/gcc/arm-none-eabi/4.3.3/../../../../arm-none-eabi/lib/thumb2\libcr_c.a(fpprintf.o) (__vfprintf)
c:/nxp/lpcxpresso_3.6/tools/bin/../lib/gcc/arm-none-eabi/4.3.3/../../../../arm-none-eabi/lib/thumb2\libcr_c.a(setvbuf.o)
                              c:/nxp/lpcxpresso_3.6/tools/bin/../lib/gcc/arm-none-eabi/4.3.3/../../../../arm-none-eabi/lib/thumb2\libcr_c.a(initio.o) (setvbuf)
c:/nxp/lpcxpresso_3.6/tools/bin/../lib/gcc/arm-none-eabi/4.3.3/../../../../arm-none-eabi/lib/thumb2\libcr_c.a(stdio.o)
                              c:/nxp/lpcxpresso_3.6/tools/bin/../lib/gcc/arm-none-eabi/4.3.3/../../../../arm-none-eabi/lib/thumb2\libcr_c.a(fpprintf.o) (__Ciob)
c:/nxp/lpcxpresso_3.6/tools/bin/../lib/gcc/arm-none-eabi/4.3.3/../../../../arm-none-eabi/lib/thumb2\libcr_c.a(stdlib.o)
                              c:/nxp/lpcxpresso_3.6/tools/bin/../lib/gcc/arm-none-eabi/4.3.3/../../../../arm-none-eabi/lib/thumb2\libcr_nohost.a(_cr__main.o) (_exit_init)
c:/nxp/lpcxpresso_3.6/tools/bin/../lib/gcc/arm-none-eabi/4.3.3/../../../../arm-none-eabi/lib/thumb2\libcr_c.a(strcpy.o)
                              c:/nxp/lpcxpresso_3.6/tools/bin/../lib/gcc/arm-none-eabi/4.3.3/../../../../arm-none-eabi/lib/thumb2\libcr_c.a(fpprintf.o) (strcpy)
c:/nxp/lpcxpresso_3.6/tools/bin/../lib/gcc/arm-none-eabi/4.3.3/../../../../arm-none-eabi/lib/thumb2\libcr_c.a(strlen.o)
                              ./src/main.o (strlen)
c:/nxp/lpcxpresso_3.6/tools/bin/../lib/gcc/arm-none-eabi/4.3.3/../../../../arm-none-eabi/lib/thumb2\libcr_c.a(strncpy.o)
[...]
Memory Configuration

Name             Origin             Length             Attributes
MFlash32         0x00000000         0x00008000         xr
RamLoc8          0x10000000         0x00002000         xrw
*default*        0x00000000         0xffffffff

Linker script and memory map

LOAD ./cr_startup_lpc17.o
LOAD ./retargetPrintf.o
LOAD ./src/main.o
LOAD ./HAL_UART/uart.o
LOAD ./HAL_SPI/lpc17xx_clkpwr.o
LOAD ./HAL_SPI/lpc17xx_libcfg_default.o
LOAD ./HAL_SPI/lpc17xx_ssp.o
LOAD ./HAL_SPI/main_spi.o
LOAD ./HAL_Analog/analog.o
LOAD C:\Users\admin\Documents\lpcxpresso_3.6\workspace\CMSISv1p30_LPC17xx\Debug\libCMSISv1p30_LPC17xx.a
LOAD C:\Users\admin\Documents\lpcxpresso_3.6\workspace\FreeRTOS_Library\Debug\libFreeRTOS_Library.a
START GROUP
LOAD c:/nxp/lpcxpresso_3.6/tools/bin/../lib/gcc/arm-none-eabi/4.3.3/../../../../arm-none-eabi/lib/thumb2\libcr_nohost.a
LOAD c:/nxp/lpcxpresso_3.6/tools/bin/../lib/gcc/arm-none-eabi/4.3.3/../../../../arm-none-eabi/lib/thumb2\libcr_c.a
LOAD c:/nxp/lpcxpresso_3.6/tools/bin/../lib/gcc/arm-none-eabi/4.3.3/thumb2\libcr_eabihelpers.a
END GROUP
                0x00008000                __top_MFlash32 = 0x8000
                0x10002000                __top_RamLoc8 = 0x10002000

.text           0x00000000     0x3838
 FILL mask 0xff
 *(.isr_vector)
 .isr_vector    0x00000000       0xcc ./cr_startup_lpc17.o
                0x00000000                g_pfnVectors
                0x000000cc                . = ALIGN (0x4)
                0x000000cc                __section_table_start = .
                0x000000cc                __data_section_table = .
                0x000000cc        0x4 LONG 0x3838 LOADADDR (.data)
                0x000000d0        0x4 LONG 0x10000000 ADDR (.data)
                0x000000d4        0x4 LONG 0x214 SIZEOF (.data)
                0x000000d8                __data_section_table_end = .
                0x000000d8                __bss_section_table = .
                0x000000d8        0x4 LONG 0x10000218 ADDR (.bss)
                0x000000dc        0x4 LONG 0xd18 SIZEOF (.bss)
                0x000000e0                __bss_section_table_end = .
                0x000000e0                __section_table_end = .
 *(.after_vectors*)
 *(.text*)
 .text.ResetISR
                0x000000e0       0x68 ./cr_startup_lpc17.o
                0x000000e0                ResetISR
 .text.NMI_Handler
                0x00000148        0x8 ./cr_startup_lpc17.o
                0x00000148                NMI_Handler
 .text.HardFault_Handler
                0x00000150        0x8 ./cr_startup_lpc17.o
                0x00000150                HardFault_Handler
 .text.MemManage_Handler
                0x00000158        0x8 ./cr_startup_lpc17.o
                0x00000158                MemManage_Handler
 .text.BusFault_Handler
                0x00000160        0x8 ./cr_startup_lpc17.o
                0x00000160                BusFault_Handler
 .text.UsageFault_Handler
                0x00000168        0x8 ./cr_startup_lpc17.o
                0x00000168                UsageFault_Handler
 .text.DebugMon_Handler
                0x00000170        0x8 ./cr_startup_lpc17.o
                0x00000170                DebugMon_Handler
 .text.IntDefaultHandler
                0x00000178        0x8 ./cr_startup_lpc17.o
                0x00000178                TIMER2_IRQHandler
                0x00000178                RIT_IRQHandler
                0x00000178                I2C0_IRQHandler
                0x00000178                USBActivity_IRQHandler
                0x00000178                PWM1_IRQHandler
                0x00000178                I2C1_IRQHandler
                0x00000178                EINT2_IRQHandler
                0x00000178                EINT3_IRQHandler
                0x00000178                CANActivity_IRQHandler
                0x00000178                TIMER3_IRQHandler
                0x00000178                IntDefaultHandler
                0x00000178                PLL0_IRQHandler
                0x00000178                CAN_IRQHandler
                0x00000178                PLL1_IRQHandler
                0x00000178                SSP0_IRQHandler
                0x00000178                I2S_IRQHandler
                0x00000178                I2C2_IRQHandler
                0x00000178                RTC_IRQHandler
                0x00000178                TIMER0_IRQHandler
                0x00000178                SPI_IRQHandler
                0x00000178                EINT1_IRQHandler
                0x00000178                TIMER1_IRQHandler
                0x00000178                UART2_IRQHandler
                0x00000178                ADC_IRQHandler
                0x00000178                SSP1_IRQHandler
                0x00000178                USB_IRQHandler
                0x00000178                BOD_IRQHandler
                0x00000178                WDT_IRQHandler
                0x00000178                QEI_IRQHandler
                0x00000178                EINT0_IRQHandler
                0x00000178                DMA_IRQHandler
                0x00000178                MCPWM_IRQHandler
                0x00000178                ENET_IRQHandler
 .text.__write  0x00000180       0x34 ./retargetPrintf.o
                0x00000180                __write
 .text.__readc  0x000001b4       0x10 ./retargetPrintf.o
                0x000001b4                __readc
 .text.i2cStop  0x000001c4       0x3c ./src/main.o
                0x000001c4                i2cStop
 .text.i2cStart
                0x00000200       0x4c ./src/main.o
                0x00000200                i2cStart
 .text.i2cSendAddress
                0x0000024c      0x130 ./src/main.o
                0x0000024c                i2cSendAddress
 .text.i2cSendData
                0x0000037c       0x70 ./src/main.o
                0x0000037c                i2cSendData
 .text.i2cStartRepeat
                0x000003ec       0x4c ./src/main.o
                0x000003ec                i2cStartRepeat
 .text.i2cRead  0x00000438       0x44 ./src/main.o
                0x00000438                i2cRead
 .text.i2ctest  0x0000047c       0x70 ./src/main.o
                0x0000047c                i2ctest
 .text.i2cInit  0x000004ec      0x150 ./src/main.o
                0x000004ec                i2cInit
 .text.main     0x0000063c       0x9c ./src/main.o
                0x0000063c                main
 .text.mainTask
                0x000006d8       0x58 ./src/main.o
 .text.idleTask
                0x00000730       0x74 ./src/main.o
 .text.UART0_IRQHandler
                0x000007a4      0x17c ./HAL_UART/uart.o
                0x000007a4                UART0_IRQHandler
 .text.UART1_IRQHandler
                0x00000920      0x17c ./HAL_UART/uart.o
                0x00000920                UART1_IRQHandler
 .text.UART3_IRQHandler
                0x00000a9c      0x17c ./HAL_UART/uart.o
                0x00000a9c                UART3_IRQHandler
 .text.UARTInit
                0x00000c18      0x390 ./HAL_UART/uart.o
                0x00000c18                UARTInit
 .text.NVIC_EnableIRQ
                0x00000fa8       0x38 ./HAL_UART/uart.o
 .text.UARTSend
                0x00000fe0      0x104 ./HAL_UART/uart.o
                0x00000fe0                UARTSend
 .text.CLKPWR_ConfigPPWR
                0x000010e4       0x7c ./HAL_SPI/lpc17xx_clkpwr.o
                0x000010e4                CLKPWR_ConfigPPWR
 .text.SystemInit
                0x00001160      0x224 C:\Users\admin\Documents\lpcxpresso_3.6\workspace\CMSISv1p30_LPC17xx\Debug\libCMSISv1p30_LPC17xx.a(system_LPC17xx.o)
                0x00001160                SystemInit
 .text          0x00001384      0x4e8 C:\Users\admin\Documents\lpcxpresso_3.6\workspace\FreeRTOS_Library\Debug\libFreeRTOS_Library.a(queue.o)
                0x0000164c                xQueueGenericSendFromISR
                0x000017e0                xQueueCreate
                0x000013a4                vQueueDelete
                0x000016a8                xQueueGenericSend
                0x000013f4                xQueueReceiveFromISR
                0x00001854                xQueueCreateCountingSemaphore
                0x00001394                xQueueIsQueueFullFromISR
                0x000014c8                xQueueGenericReceive
                0x000013b8                uxQueueMessagesWaiting
                0x00001384                uxQueueMessagesWaitingFromISR
                0x00001388                xQueueIsQueueEmptyFromISR
                0x00001794                xQueueCreateMutex
 .text          0x0000186c      0xc64 C:\Users\admin\Documents\lpcxpresso_3.6\workspace\FreeRTOS_Library\Debug\libFreeRTOS_Library.a(tasks.o)
                0x00001d04                uxTaskPriorityGet
                0x00001fbc                vTaskPrioritySet
                0x00002200                vTaskEndScheduler
                0x00001d28                vTaskPlaceOnEventList
                0x00002288                xTaskGenericCreate
                0x0000186c                xTaskIsTaskSuspended
                0x00001bf8                xTaskResumeFromISR
                0x00001cec                xTaskGetTickCount
                0x00001a7c                xTaskRemoveFromEventList
                0x00002180                vTaskDelete
                0x00001c74                xTaskCheckForTimeOut
                0x00001898                vTaskSuspendAll
                0x000018ac                xTaskGetTickCountFromISR
                0x00001994                vTaskPriorityDisinherit
                0x000019e8                vTaskPriorityInherit
                0x00001eac                vTaskResume
                0x000018c4                vTaskSwitchContext
                0x00001f28                vTaskSuspend
                0x000018b8                uxTaskGetNumberOfTasks
                0x00001b04                vTaskIncrementTick
                0x000020d4                vTaskDelayUntil
                0x00001984                xTaskGetCurrentTaskHandle
                0x00001db0                xTaskResumeAll
                0x0000247c                vTaskStartScheduler
                0x00001970                vTaskMissedYield
                0x00002070                vTaskDelay
                0x0000195c                vTaskSetTimeOutState
 .text          0x000024d0      0x130 C:\Users\admin\Documents\lpcxpresso_3.6\workspace\FreeRTOS_Library\Debug\libFreeRTOS_Library.a(heap_2.o)
                0x000024d0                xPortGetFreeHeapSize
                0x000024e0                vPortFree
                0x0000251c                pvPortMalloc
                0x000024dc                vPortInitialiseBlocks
 .text          0x00002600      0x16c C:\Users\admin\Documents\lpcxpresso_3.6\workspace\FreeRTOS_Library\Debug\libFreeRTOS_Library.a(port.o)
                0x00002680                vPortExitCritical
                0x000026d8                xPortStartScheduler
                0x00002740                xPortSysTickHandler
                0x0000269c                xPortPendSVHandler
                0x00002650                vPortEndScheduler
                0x00002644                vPortStartFirstTask
                0x00002624                vPortSVCHandler
                0x00002654                vPortYieldFromISR
                0x00002600                pxPortInitialiseStack
                0x00002664                vPortEnterCritical
 .text          0x0000276c       0xa8 C:\Users\admin\Documents\lpcxpresso_3.6\workspace\FreeRTOS_Library\Debug\libFreeRTOS_Library.a(list.o)
                0x0000278c                vListInsertEnd
                0x000027ec                vListRemove
                0x00002784                vListInitialiseItem
                0x0000276c                vListInitialise
                0x000027ac                vListInsert
 .text          0x00002814       0x54 c:/nxp/lpcxpresso_3.6/tools/bin/../lib/gcc/arm-none-eabi/4.3.3/../../../../arm-none-eabi/lib/thumb2\libcr_nohost.a(_cr__main.o)
                0x00002814                __main
 .text._init_alloc
                0x00002868       0x18 c:/nxp/lpcxpresso_3.6/tools/bin/../lib/gcc/arm-none-eabi/4.3.3/../../../../arm-none-eabi/lib/thumb2\libcr_c.a(__init_alloc.o)
                0x00002868                _init_alloc
 .text          0x00002880      0x36c c:/nxp/lpcxpresso_3.6/tools/bin/../lib/gcc/arm-none-eabi/4.3.3/../../../../arm-none-eabi/lib/thumb2\libcr_c.a(ctype.o)
                0x00002880                _start_module_ctype
                0x00002954                islower
                0x00002a44                tolower
                0x000029a4                ispunct
                0x000029cc                isspace
                0x00002be0                _end_module_ctype
                0x00002a1c                isxdigit
                0x00002b5c                _ctype_init
                0x000029f4                isupper
                0x000028b4                isalpha
                0x0000292c                isgraph
                0x0000288c                isalnum
                0x0000297c                isprint
                0x00002abc                _set_ctype_8859
                0x00002904                isdigit
                0x000028dc                iscntrl
                0x00002a80                toupper
 .text._terminateio
                0x00002bec       0x44 c:/nxp/lpcxpresso_3.6/tools/bin/../lib/gcc/arm-none-eabi/4.3.3/../../../../arm-none-eabi/lib/thumb2\libcr_c.a(initio.o)
                0x00002bec                _terminateio
 .text._initio  0x00002c30       0xc0 c:/nxp/lpcxpresso_3.6/tools/bin/../lib/gcc/arm-none-eabi/4.3.3/../../../../arm-none-eabi/lib/thumb2\libcr_c.a(initio.o)
                0x00002c30                _initio
 .text.memcpy   0x00002cf0       0x3c c:/nxp/lpcxpresso_3.6/tools/bin/../lib/gcc/arm-none-eabi/4.3.3/../../../../arm-none-eabi/lib/thumb2\libcr_c.a(memcpy.o)
                0x00002cf0                memcpy
 .text.memset   0x00002d2c       0x50 c:/nxp/lpcxpresso_3.6/tools/bin/../lib/gcc/arm-none-eabi/4.3.3/../../../../arm-none-eabi/lib/thumb2\libcr_c.a(memset.o)
                0x00002d2c                memset
 .text.setvbuf  0x00002d7c       0x50 c:/nxp/lpcxpresso_3.6/tools/bin/../lib/gcc/arm-none-eabi/4.3.3/../../../../arm-none-eabi/lib/thumb2\libcr_c.a(setvbuf.o)
                0x00002d7c                setvbuf
 .text._exit_init
                0x00002dcc       0x10 c:/nxp/lpcxpresso_3.6/tools/bin/../lib/gcc/arm-none-eabi/4.3.3/../../../../arm-none-eabi/lib/thumb2\libcr_c.a(stdlib.o)
                0x00002dcc                _exit_init
 .text.exit     0x00002ddc       0x38 c:/nxp/lpcxpresso_3.6/tools/bin/../lib/gcc/arm-none-eabi/4.3.3/../../../../arm-none-eabi/lib/thumb2\libcr_c.a(stdlib.o)
                0x00002ddc                exit
 .text.strcpy   0x00002e14       0x60 c:/nxp/lpcxpresso_3.6/tools/bin/../lib/gcc/arm-none-eabi/4.3.3/../../../../arm-none-eabi/lib/thumb2\libcr_c.a(strcpy.o)
                0x00002e14                strcpy
 .text.strlen   0x00002e74       0x58 c:/nxp/lpcxpresso_3.6/tools/bin/../lib/gcc/arm-none-eabi/4.3.3/../../../../arm-none-eabi/lib/thumb2\libcr_c.a(strlen.o)
                0x00002e74                strlen
 .text.strncpy  0x00002ecc       0x78 c:/nxp/lpcxpresso_3.6/tools/bin/../lib/gcc/arm-none-eabi/4.3.3/../../../../arm-none-eabi/lib/thumb2\libcr_c.a(strncpy.o)
                0x00002ecc                strncpy
 .text._deferredlazyseek
                0x00002f44       0x44 c:/nxp/lpcxpresso_3.6/tools/bin/../lib/gcc/arm-none-eabi/4.3.3/../../../../arm-none-eabi/lib/thumb2\libcr_c.a(_deferredlazyseek.o)
                0x00002f44                _deferredlazyseek
 .text._fdopen  0x00002f88       0x70 c:/nxp/lpcxpresso_3.6/tools/bin/../lib/gcc/arm-none-eabi/4.3.3/../../../../arm-none-eabi/lib/thumb2\libcr_c.a(_fdopen.o)
                0x00002f88                _fdopen
 .text._fflush  0x00002ff8       0x60 c:/nxp/lpcxpresso_3.6/tools/bin/../lib/gcc/arm-none-eabi/4.3.3/../../../../arm-none-eabi/lib/thumb2\libcr_c.a(_fflush.o)
                0x00002ff8                _fflush
 .text._Cwritebuf
                0x00003058       0xa0 c:/nxp/lpcxpresso_3.6/tools/bin/../lib/gcc/arm-none-eabi/4.3.3/../../../../arm-none-eabi/lib/thumb2\libcr_c.a(_writebuf.o)
                0x00003058                _Cwritebuf
 .text.free     0x000030f8        0xc c:/nxp/lpcxpresso_3.6/tools/bin/../lib/gcc/arm-none-eabi/4.3.3/../../../../arm-none-eabi/lib/thumb2\libcr_c.a(alloc.o)
                0x000030f8                free
 .text.malloc   0x00003104       0xe8 c:/nxp/lpcxpresso_3.6/tools/bin/../lib/gcc/arm-none-eabi/4.3.3/../../../../arm-none-eabi/lib/thumb2\libcr_c.a(alloc.o)
                0x00003104                malloc
 .text.calloc   0x000031ec       0x68 c:/nxp/lpcxpresso_3.6/tools/bin/../lib/gcc/arm-none-eabi/4.3.3/../../../../arm-none-eabi/lib/thumb2\libcr_c.a(alloc.o)
                0x000031ec                calloc
 .text._Csysdie
                0x00003254       0x3c c:/nxp/lpcxpresso_3.6/tools/bin/../lib/gcc/arm-none-eabi/4.3.3/../../../../arm-none-eabi/lib/thumb2\libcr_c.a(error.o)
                0x00003254                _Csysdie
 .text.fclose   0x00003290       0x80 c:/nxp/lpcxpresso_3.6/tools/bin/../lib/gcc/arm-none-eabi/4.3.3/../../../../arm-none-eabi/lib/thumb2\libcr_c.a(fclose.o)
                0x00003290                fclose
 .text.fflush   0x00003310       0x34 c:/nxp/lpcxpresso_3.6/tools/bin/../lib/gcc/arm-none-eabi/4.3.3/../../../../arm-none-eabi/lib/thumb2\libcr_c.a(fflush.o)
                0x00003310                fflush
 .text.fseek    0x00003344      0x110 c:/nxp/lpcxpresso_3.6/tools/bin/../lib/gcc/arm-none-eabi/4.3.3/../../../../arm-none-eabi/lib/thumb2\libcr_c.a(fseek.o)
                0x00003344                fseek
 .text.ftell    0x00003454       0x54 c:/nxp/lpcxpresso_3.6/tools/bin/../lib/gcc/arm-none-eabi/4.3.3/../../../../arm-none-eabi/lib/thumb2\libcr_c.a(ftell.o)
                0x00003454                ftell
 .text.remove   0x000034a8        0xc c:/nxp/lpcxpresso_3.6/tools/bin/../lib/gcc/arm-none-eabi/4.3.3/../../../../arm-none-eabi/lib/thumb2\libcr_c.a(remove.o)
                0x000034a8                remove
 .text._do_fflush
                0x000034b4       0x48 c:/nxp/lpcxpresso_3.6/tools/bin/../lib/gcc/arm-none-eabi/4.3.3/../../../../arm-none-eabi/lib/thumb2\libcr_c.a(_do_fflush.o)
                0x000034b4                _do_fflush
 .text          0x000034fc       0x24 c:/nxp/lpcxpresso_3.6/tools/bin/../lib/gcc/arm-none-eabi/4.3.3/../../../../arm-none-eabi/lib/thumb2\libcr_nohost.a(_cr_sbrk.o)
                0x000034fc                _sbrk
 .text          0x00003520      0x13c c:/nxp/lpcxpresso_3.6/tools/bin/../lib/gcc/arm-none-eabi/4.3.3/../../../../arm-none-eabi/lib/thumb2\libcr_nohost.a(cr_sys.o)
                0x00003584                _Csys_read_
                0x000035ec                _Csyscall2
                0x00003520                _Csyscall0
                0x00003544                _Csys_tmpnam_
                0x0000353c                _Csys_open
                0x000035a4                _Csyscall3
                0x0000360c                _Csyscall1
 .text          0x0000365c        0x4 c:/nxp/lpcxpresso_3.6/tools/bin/../lib/gcc/arm-none-eabi/4.3.3/../../../../arm-none-eabi/lib/thumb2\libcr_nohost.a(cr__close.o)
                0x0000365c                __close
 .text          0x00003660        0x4 c:/nxp/lpcxpresso_3.6/tools/bin/../lib/gcc/arm-none-eabi/4.3.3/../../../../arm-none-eabi/lib/thumb2\libcr_nohost.a(cr__exit.o)
                0x00003660                __exit
 .text          0x00003664        0x8 c:/nxp/lpcxpresso_3.6/tools/bin/../lib/gcc/arm-none-eabi/4.3.3/../../../../arm-none-eabi/lib/thumb2\libcr_nohost.a(cr__open.o)
                0x00003664                __open
 .text          0x0000366c        0x8 c:/nxp/lpcxpresso_3.6/tools/bin/../lib/gcc/arm-none-eabi/4.3.3/../../../../arm-none-eabi/lib/thumb2\libcr_nohost.a(cr__read.o)
                0x0000366c                __read
 .text          0x00003674        0x8 c:/nxp/lpcxpresso_3.6/tools/bin/../lib/gcc/arm-none-eabi/4.3.3/../../../../arm-none-eabi/lib/thumb2\libcr_nohost.a(cr__unlink.o)
                0x00003674                __unlink
 .text          0x0000367c       0x18 c:/nxp/lpcxpresso_3.6/tools/bin/../lib/gcc/arm-none-eabi/4.3.3/../../../../arm-none-eabi/lib/thumb2\libcr_nohost.a(cr_dummy_stubs.o)
                0x00003684                _stub_istty
                0x00003680                _stub_clock
                0x0000368c                _stub_read
                0x0000367c                _stub_tmpnam
                0x00003688                _stub_seek
                0x00003690                _stub_time
 *(.rodata*)
 .rodata        0x00003694       0x18 ./src/main.o
 .rodata.str1.4
                0x000036ac        0x5 C:\Users\admin\Documents\lpcxpresso_3.6\workspace\FreeRTOS_Library\Debug\libFreeRTOS_Library.a(tasks.o)
                                  0x8 (size before relaxing)
 *fill*         0x000036b1        0x3 00
 .rodata.str1.4
                0x000036b4        0x6 c:/nxp/lpcxpresso_3.6/tools/bin/../lib/gcc/arm-none-eabi/4.3.3/../../../../arm-none-eabi/lib/thumb2\libcr_c.a(initio.o)
                                  0x8 (size before relaxing)
 *fill*         0x000036ba        0x2 00
 .rodata.str1.4
                0x000036bc       0x63 c:/nxp/lpcxpresso_3.6/tools/bin/../lib/gcc/arm-none-eabi/4.3.3/../../../../arm-none-eabi/lib/thumb2\libcr_c.a(alloc.o)
                                 0x64 (size before relaxing)
 *fill*         0x0000371f        0x1 00
 .rodata.str1.4
                0x00003720      0x10c c:/nxp/lpcxpresso_3.6/tools/bin/../lib/gcc/arm-none-eabi/4.3.3/../../../../arm-none-eabi/lib/thumb2\libcr_c.a(error.o)
                                0x110 (size before relaxing)
 .rodata.str1.1
                0x0000382c        0xc c:/nxp/lpcxpresso_3.6/tools/bin/../lib/gcc/arm-none-eabi/4.3.3/../../../../arm-none-eabi/lib/thumb2\libcr_nohost.a(cr_sys.o)

.glue_7         0x00003838        0x0
 .glue_7        0x00000000        0x0 linker stubs

.glue_7t        0x00003838        0x0
 .glue_7t       0x00000000        0x0 linker stubs

.vfp11_veneer   0x00003838        0x0
 .vfp11_veneer  0x00000000        0x0 linker stubs

.v4_bx          0x00003838        0x0
 .v4_bx         0x00000000        0x0 linker stubs

.ARM.extab
 *(.ARM.extab* .gnu.linkonce.armextab.*)
                0x00003838                __exidx_start = .

.ARM.exidx
 *(.ARM.exidx* .gnu.linkonce.armexidx.*)
                0x00003838                __exidx_end = .
                0x00003838                _etext = .

.uninit_RESERVED
 *(.bss.$RESERVED*)

.data           0x10000000      0x214 load address 0x00003838
 FILL mask 0xff
                0x10000000                _data = .
 *(vtable)
 *(.data*)
 .data          0x10000000        0x3 ./HAL_UART/uart.o
                0x10000002                UART3TxEmpty
                0x10000000                UART0TxEmpty
                0x10000001                UART1TxEmpty
 *fill*         0x10000003        0x1 00
 .data          0x10000004        0x4 C:\Users\admin\Documents\lpcxpresso_3.6\workspace\CMSISv1p30_LPC17xx\Debug\libCMSISv1p30_LPC17xx.a(system_LPC17xx.o)
                0x10000004                SystemCoreClock
 .data          0x10000008        0x4 C:\Users\admin\Documents\lpcxpresso_3.6\workspace\FreeRTOS_Library\Debug\libFreeRTOS_Library.a(heap_2.o)
 .data          0x1000000c        0x4 C:\Users\admin\Documents\lpcxpresso_3.6\workspace\FreeRTOS_Library\Debug\libFreeRTOS_Library.a(port.o)
 .data          0x10000010      0x204 c:/nxp/lpcxpresso_3.6/tools/bin/../lib/gcc/arm-none-eabi/4.3.3/../../../../arm-none-eabi/lib/thumb2\libcr_c.a(ctype.o)
                0x10000010                __ctype
                0x10000214                _edata = .

.bss            0x10000218      0xd18 load address 0x00003a4c
                0x10000218                _bss = .
 *(.bss*)
 .bss           0x10000218        0x4 ./src/main.o
 .bss           0x1000021c        0xc ./HAL_UART/uart.o
                0x1000021c                UART0Count
                0x10000224                UART3Count
                0x10000220                UART1Count
 .bss           0x10000228      0x100 C:\Users\admin\Documents\lpcxpresso_3.6\workspace\FreeRTOS_Library\Debug\libFreeRTOS_Library.a(tasks.o)
                0x100002c8                pxCurrentTCB
 .bss           0x10000328      0x818 C:\Users\admin\Documents\lpcxpresso_3.6\workspace\FreeRTOS_Library\Debug\libFreeRTOS_Library.a(heap_2.o)
 .bss           0x10000b40        0x4 c:/nxp/lpcxpresso_3.6/tools/bin/../lib/gcc/arm-none-eabi/4.3.3/../../../../arm-none-eabi/lib/thumb2\libcr_nohost.a(cr_sys.o)
 *(COMMON)
 COMMON         0x10000b44        0x4 ./src/main.o
                0x10000b44                LPC_I2Cx
 COMMON         0x10000b48       0xcc ./HAL_UART/uart.o
                0x10000b48                UART1Buffer
                0x10000b88                UART3Status
                0x10000b8c                UART0Buffer
                0x10000bcc                UART1Status
                0x10000bd0                UART3Buffer
                0x10000c10                UART0Status
 COMMON         0x10000c14        0x8 c:/nxp/lpcxpresso_3.6/tools/bin/../lib/gcc/arm-none-eabi/4.3.3/../../../../arm-none-eabi/lib/thumb2\libcr_nohost.a(_cr__main.o)
                0x10000c14                errno
                0x10000c18                _error_recursion
 COMMON         0x10000c1c        0x8 c:/nxp/lpcxpresso_3.6/tools/bin/../lib/gcc/arm-none-eabi/4.3.3/../../../../arm-none-eabi/lib/thumb2\libcr_c.a(__init_alloc.o)
                0x10000c1c                __heaps
                0x10000c20                __end_of_heap
 COMMON         0x10000c24        0x4 c:/nxp/lpcxpresso_3.6/tools/bin/../lib/gcc/arm-none-eabi/4.3.3/../../../../arm-none-eabi/lib/thumb2\libcr_c.a(initio.o)
                0x10000c24                _extra
 COMMON         0x10000c28      0x280 c:/nxp/lpcxpresso_3.6/tools/bin/../lib/gcc/arm-none-eabi/4.3.3/../../../../arm-none-eabi/lib/thumb2\libcr_c.a(stdio.o)
                0x10000c28                __Ciob
 COMMON         0x10000ea8       0x88 c:/nxp/lpcxpresso_3.6/tools/bin/../lib/gcc/arm-none-eabi/4.3.3/../../../../arm-none-eabi/lib/thumb2\libcr_c.a(stdlib.o)
                0x10000ea8                _exitvector
                0x10000f2c                _number_of_exit_functions
                0x10000f30                _ebss = .
                0x10000f30                PROVIDE (end, .)
                0x10000f30                PROVIDE (_pvHeapStart, .)
                0x10002000                PROVIDE (_vStackTop, (__top_RamLoc8 - 0x0))
OUTPUT(SimpleDemo.axf elf32-littlearm)

.debug_abbrev   0x00000000     0x142d
 .debug_abbrev  0x00000000       0xbd ./cr_startup_lpc17.o
 .debug_abbrev  0x000000bd       0x85 ./retargetPrintf.o
 .debug_abbrev  0x00000142      0x202 ./src/main.o
 .debug_abbrev  0x00000344      0x1dd ./HAL_UART/uart.o
 .debug_abbrev  0x00000521      0x17d ./HAL_SPI/lpc17xx_clkpwr.o
 .debug_abbrev  0x0000069e       0x6a ./HAL_SPI/lpc17xx_libcfg_default.o
 .debug_abbrev  0x00000708      0x1a6 ./HAL_SPI/lpc17xx_ssp.o
 .debug_abbrev  0x000008ae      0x19e ./HAL_SPI/main_spi.o
 .debug_abbrev  0x00000a4c      0x104 ./HAL_Analog/analog.o
 .debug_abbrev  0x00000b50       0xc6 C:\Users\admin\Documents\lpcxpresso_3.6\workspace\CMSISv1p30_LPC17xx\Debug\libCMSISv1p30_LPC17xx.a(system_LPC17xx.o)
 .debug_abbrev  0x00000c16      0x1bf C:\Users\admin\Documents\lpcxpresso_3.6\workspace\FreeRTOS_Library\Debug\libFreeRTOS_Library.a(queue.o)
 .debug_abbrev  0x00000dd5      0x270 C:\Users\admin\Documents\lpcxpresso_3.6\workspace\FreeRTOS_Library\Debug\libFreeRTOS_Library.a(tasks.o)
 .debug_abbrev  0x00001045      0x1a3 C:\Users\admin\Documents\lpcxpresso_3.6\workspace\FreeRTOS_Library\Debug\libFreeRTOS_Library.a(heap_2.o)
 .debug_abbrev  0x000011e8      0x159 C:\Users\admin\Documents\lpcxpresso_3.6\workspace\FreeRTOS_Library\Debug\libFreeRTOS_Library.a(port.o)
 .debug_abbrev  0x00001341       0xec C:\Users\admin\Documents\lpcxpresso_3.6\workspace\FreeRTOS_Library\Debug\libFreeRTOS_Library.a(list.o)

.debug_info     0x00000000     0x5b62
 .debug_info    0x00000000      0x1ec ./cr_startup_lpc17.o
 .debug_info    0x000001ec       0xd2 ./retargetPrintf.o
 .debug_info    0x000002be      0xbe3 ./src/main.o
 .debug_info    0x00000ea1      0xefa ./HAL_UART/uart.o
 .debug_info    0x00001d9b      0x641 ./HAL_SPI/lpc17xx_clkpwr.o
 .debug_info    0x000023dc       0xcd ./HAL_SPI/lpc17xx_libcfg_default.o
 .debug_info    0x000024a9      0x77a ./HAL_SPI/lpc17xx_ssp.o
 .debug_info    0x00002c23      0x922 ./HAL_SPI/main_spi.o
 .debug_info    0x00003545      0x5eb ./HAL_Analog/analog.o
 .debug_info    0x00003b30      0x362 C:\Users\admin\Documents\lpcxpresso_3.6\workspace\CMSISv1p30_LPC17xx\Debug\libCMSISv1p30_LPC17xx.a(system_LPC17xx.o)
 .debug_info    0x00003e92      0x7ee C:\Users\admin\Documents\lpcxpresso_3.6\workspace\FreeRTOS_Library\Debug\libFreeRTOS_Library.a(queue.o)
 .debug_info    0x00004680      0xd54 C:\Users\admin\Documents\lpcxpresso_3.6\workspace\FreeRTOS_Library\Debug\libFreeRTOS_Library.a(tasks.o)
 .debug_info    0x000053d4      0x2c6 C:\Users\admin\Documents\lpcxpresso_3.6\workspace\FreeRTOS_Library\Debug\libFreeRTOS_Library.a(heap_2.o)
 .debug_info    0x0000569a      0x20f C:\Users\admin\Documents\lpcxpresso_3.6\workspace\FreeRTOS_Library\Debug\libFreeRTOS_Library.a(port.o)
 .debug_info    0x000058a9      0x2b9 C:\Users\admin\Documents\lpcxpresso_3.6\workspace\FreeRTOS_Library\Debug\libFreeRTOS_Library.a(list.o)

.debug_line     0x00000000     0x3fc0
 .debug_line    0x00000000      0x34f ./cr_startup_lpc17.o
 .debug_line    0x0000034f      0x24a ./retargetPrintf.o
 .debug_line    0x00000599      0x5c6 ./src/main.o
 .debug_line    0x00000b5f      0x3c2 ./HAL_UART/uart.o
 .debug_line    0x00000f21      0x393 ./HAL_SPI/lpc17xx_clkpwr.o
 .debug_line    0x000012b4      0x274 ./HAL_SPI/lpc17xx_libcfg_default.o
 .debug_line    0x00001528      0x4f2 ./HAL_SPI/lpc17xx_ssp.o
 .debug_line    0x00001a1a      0x599 ./HAL_SPI/main_spi.o
 .debug_line    0x00001fb3      0x2d6 ./HAL_Analog/analog.o
 .debug_line    0x00002289      0x2fb C:\Users\admin\Documents\lpcxpresso_3.6\workspace\CMSISv1p30_LPC17xx\Debug\libCMSISv1p30_LPC17xx.a(system_LPC17xx.o)
 .debug_line    0x00002584      0x5cd C:\Users\admin\Documents\lpcxpresso_3.6\workspace\FreeRTOS_Library\Debug\libFreeRTOS_Library.a(queue.o)
 .debug_line    0x00002b51      0x68d C:\Users\admin\Documents\lpcxpresso_3.6\workspace\FreeRTOS_Library\Debug\libFreeRTOS_Library.a(tasks.o)
 .debug_line    0x000031de      0x4ad C:\Users\admin\Documents\lpcxpresso_3.6\workspace\FreeRTOS_Library\Debug\libFreeRTOS_Library.a(heap_2.o)
 .debug_line    0x0000368b      0x4a1 C:\Users\admin\Documents\lpcxpresso_3.6\workspace\FreeRTOS_Library\Debug\libFreeRTOS_Library.a(port.o)
 .debug_line    0x00003b2c      0x494 C:\Users\admin\Documents\lpcxpresso_3.6\workspace\FreeRTOS_Library\Debug\libFreeRTOS_Library.a(list.o)

.debug_macinfo  0x00000000    0x6aa58
 .debug_macinfo
                0x00000000     0x267e ./cr_startup_lpc17.o
 .debug_macinfo
                0x0000267e     0x14e3 ./retargetPrintf.o
 .debug_macinfo
                0x00003b61     0xa0f4 ./src/main.o
 .debug_macinfo
                0x0000dc55     0x6bbf ./HAL_UART/uart.o
 .debug_macinfo
                0x00014814     0x7f61 ./HAL_SPI/lpc17xx_clkpwr.o
 .debug_macinfo
                0x0001c775     0x2974 ./HAL_SPI/lpc17xx_libcfg_default.o
 .debug_macinfo
                0x0001f0e9     0x9224 ./HAL_SPI/lpc17xx_ssp.o
 .debug_macinfo
                0x0002830d     0xa18b ./HAL_SPI/main_spi.o
 .debug_macinfo
                0x00032498     0x6b6d ./HAL_Analog/analog.o
 .debug_macinfo
                0x00039005     0x6d5c C:\Users\admin\Documents\lpcxpresso_3.6\workspace\CMSISv1p30_LPC17xx\Debug\libCMSISv1p30_LPC17xx.a(system_LPC17xx.o)
 .debug_macinfo
                0x0003fd61     0x8e16 C:\Users\admin\Documents\lpcxpresso_3.6\workspace\FreeRTOS_Library\Debug\libFreeRTOS_Library.a(queue.o)
 .debug_macinfo
                0x00048b77     0x8cc6 C:\Users\admin\Documents\lpcxpresso_3.6\workspace\FreeRTOS_Library\Debug\libFreeRTOS_Library.a(tasks.o)
 .debug_macinfo
                0x0005183d     0x88ca C:\Users\admin\Documents\lpcxpresso_3.6\workspace\FreeRTOS_Library\Debug\libFreeRTOS_Library.a(heap_2.o)
 .debug_macinfo
                0x0005a107     0x8734 C:\Users\admin\Documents\lpcxpresso_3.6\workspace\FreeRTOS_Library\Debug\libFreeRTOS_Library.a(port.o)
 .debug_macinfo
                0x0006283b     0x821d C:\Users\admin\Documents\lpcxpresso_3.6\workspace\FreeRTOS_Library\Debug\libFreeRTOS_Library.a(list.o)

.debug_frame    0x00000000      0xe2c
 .debug_frame   0x00000000      0x120 ./cr_startup_lpc17.o
 .debug_frame   0x00000120       0x48 ./retargetPrintf.o
 .debug_frame   0x00000168      0x154 ./src/main.o
 .debug_frame   0x000002bc       0xbc ./HAL_UART/uart.o
 .debug_frame   0x00000378      0x10c ./HAL_SPI/lpc17xx_clkpwr.o
 .debug_frame   0x00000484       0x2c ./HAL_SPI/lpc17xx_libcfg_default.o
 .debug_frame   0x000004b0      0x24c ./HAL_SPI/lpc17xx_ssp.o
 .debug_frame   0x000006fc       0xb0 ./HAL_SPI/main_spi.o
 .debug_frame   0x000007ac       0x44 ./HAL_Analog/analog.o
 .debug_frame   0x000007f0       0x48 C:\Users\admin\Documents\lpcxpresso_3.6\workspace\CMSISv1p30_LPC17xx\Debug\libCMSISv1p30_LPC17xx.a(system_LPC17xx.o)
 .debug_frame   0x00000838      0x198 C:\Users\admin\Documents\lpcxpresso_3.6\workspace\FreeRTOS_Library\Debug\libFreeRTOS_Library.a(queue.o)
 .debug_frame   0x000009d0      0x2c8 C:\Users\admin\Documents\lpcxpresso_3.6\workspace\FreeRTOS_Library\Debug\libFreeRTOS_Library.a(tasks.o)
 .debug_frame   0x00000c98       0x6c C:\Users\admin\Documents\lpcxpresso_3.6\workspace\FreeRTOS_Library\Debug\libFreeRTOS_Library.a(heap_2.o)
 .debug_frame   0x00000d04       0xc0 C:\Users\admin\Documents\lpcxpresso_3.6\workspace\FreeRTOS_Library\Debug\libFreeRTOS_Library.a(port.o)
 .debug_frame   0x00000dc4       0x68 C:\Users\admin\Documents\lpcxpresso_3.6\workspace\FreeRTOS_Library\Debug\libFreeRTOS_Library.a(list.o)

.debug_loc      0x00000000     0x1fa8
 .debug_loc     0x00000000      0x1e5 ./cr_startup_lpc17.o
 .debug_loc     0x000001e5       0x6e ./retargetPrintf.o
 .debug_loc     0x00000253      0x239 ./src/main.o
 .debug_loc     0x0000048c      0x14a ./HAL_UART/uart.o
 .debug_loc     0x000005d6      0x1b3 ./HAL_SPI/lpc17xx_clkpwr.o
 .debug_loc     0x00000789       0x37 ./HAL_SPI/lpc17xx_libcfg_default.o
 .debug_loc     0x000007c0      0x3de ./HAL_SPI/lpc17xx_ssp.o
 .debug_loc     0x00000b9e      0x115 ./HAL_SPI/main_spi.o
 .debug_loc     0x00000cb3       0x62 ./HAL_Analog/analog.o
 .debug_loc     0x00000d15       0x56 C:\Users\admin\Documents\lpcxpresso_3.6\workspace\CMSISv1p30_LPC17xx\Debug\libCMSISv1p30_LPC17xx.a(system_LPC17xx.o)
 .debug_loc     0x00000d6b      0x6d5 C:\Users\admin\Documents\lpcxpresso_3.6\workspace\FreeRTOS_Library\Debug\libFreeRTOS_Library.a(queue.o)
 .debug_loc     0x00001440      0x8dc C:\Users\admin\Documents\lpcxpresso_3.6\workspace\FreeRTOS_Library\Debug\libFreeRTOS_Library.a(tasks.o)
 .debug_loc     0x00001d1c      0x1c2 C:\Users\admin\Documents\lpcxpresso_3.6\workspace\FreeRTOS_Library\Debug\libFreeRTOS_Library.a(heap_2.o)
 .debug_loc     0x00001ede       0x6f C:\Users\admin\Documents\lpcxpresso_3.6\workspace\FreeRTOS_Library\Debug\libFreeRTOS_Library.a(port.o)
 .debug_loc     0x00001f4d       0x5b C:\Users\admin\Documents\lpcxpresso_3.6\workspace\FreeRTOS_Library\Debug\libFreeRTOS_Library.a(list.o)

.debug_pubnames
                0x00000000      0xb9a
 .debug_pubnames
                0x00000000       0xfd ./cr_startup_lpc17.o
 .debug_pubnames
                0x000000fd       0x2a ./retargetPrintf.o
 .debug_pubnames
                0x00000127       0x9b ./src/main.o
 .debug_pubnames
                0x000001c2      0x12b ./HAL_UART/uart.o
 .debug_pubnames
                0x000002ed       0xbb ./HAL_SPI/lpc17xx_clkpwr.o
 .debug_pubnames
                0x000003a8       0x23 ./HAL_SPI/lpc17xx_libcfg_default.o
 .debug_pubnames
                0x000003cb      0x15c ./HAL_SPI/lpc17xx_ssp.o
 .debug_pubnames
                0x00000527       0x42 ./HAL_SPI/main_spi.o
 .debug_pubnames
                0x00000569       0x2c ./HAL_Analog/analog.o
 .debug_pubnames
                0x00000595       0x4f C:\Users\admin\Documents\lpcxpresso_3.6\workspace\CMSISv1p30_LPC17xx\Debug\libCMSISv1p30_LPC17xx.a(system_LPC17xx.o)
 .debug_pubnames
                0x000005e4      0x149 C:\Users\admin\Documents\lpcxpresso_3.6\workspace\FreeRTOS_Library\Debug\libFreeRTOS_Library.a(queue.o)
 .debug_pubnames
                0x0000072d      0x28b C:\Users\admin\Documents\lpcxpresso_3.6\workspace\FreeRTOS_Library\Debug\libFreeRTOS_Library.a(tasks.o)
 .debug_pubnames
                0x000009b8       0x64 C:\Users\admin\Documents\lpcxpresso_3.6\workspace\FreeRTOS_Library\Debug\libFreeRTOS_Library.a(heap_2.o)
 .debug_pubnames
                0x00000a1c      0x10d C:\Users\admin\Documents\lpcxpresso_3.6\workspace\FreeRTOS_Library\Debug\libFreeRTOS_Library.a(port.o)
 .debug_pubnames
                0x00000b29       0x71 C:\Users\admin\Documents\lpcxpresso_3.6\workspace\FreeRTOS_Library\Debug\libFreeRTOS_Library.a(list.o)

.debug_aranges  0x00000000      0x3a8
 .debug_aranges
                0x00000000       0x70 ./cr_startup_lpc17.o
 .debug_aranges
                0x00000070       0x28 ./retargetPrintf.o
 .debug_aranges
                0x00000098       0x70 ./src/main.o
 .debug_aranges
                0x00000108       0x48 ./HAL_UART/uart.o
 .debug_aranges
                0x00000150       0x60 ./HAL_SPI/lpc17xx_clkpwr.o
 .debug_aranges
                0x000001b0       0x20 ./HAL_SPI/lpc17xx_libcfg_default.o
 .debug_aranges
                0x000001d0       0xa8 ./HAL_SPI/lpc17xx_ssp.o
 .debug_aranges
                0x00000278       0x40 ./HAL_SPI/main_spi.o
 .debug_aranges
                0x000002b8       0x28 ./HAL_Analog/analog.o
 .debug_aranges
                0x000002e0       0x28 C:\Users\admin\Documents\lpcxpresso_3.6\workspace\CMSISv1p30_LPC17xx\Debug\libCMSISv1p30_LPC17xx.a(system_LPC17xx.o)
 .debug_aranges
                0x00000308       0x20 C:\Users\admin\Documents\lpcxpresso_3.6\workspace\FreeRTOS_Library\Debug\libFreeRTOS_Library.a(queue.o)
 .debug_aranges
                0x00000328       0x20 C:\Users\admin\Documents\lpcxpresso_3.6\workspace\FreeRTOS_Library\Debug\libFreeRTOS_Library.a(tasks.o)
 .debug_aranges
                0x00000348       0x20 C:\Users\admin\Documents\lpcxpresso_3.6\workspace\FreeRTOS_Library\Debug\libFreeRTOS_Library.a(heap_2.o)
 .debug_aranges
                0x00000368       0x20 C:\Users\admin\Documents\lpcxpresso_3.6\workspace\FreeRTOS_Library\Debug\libFreeRTOS_Library.a(port.o)
 .debug_aranges
                0x00000388       0x20 C:\Users\admin\Documents\lpcxpresso_3.6\workspace\FreeRTOS_Library\Debug\libFreeRTOS_Library.a(list.o)

.debug_ranges   0x00000000      0x308
 .debug_ranges  0x00000000       0x68 ./cr_startup_lpc17.o
 .debug_ranges  0x00000068       0x20 ./retargetPrintf.o
 .debug_ranges  0x00000088       0x68 ./src/main.o
 .debug_ranges  0x000000f0       0x40 ./HAL_UART/uart.o
 .debug_ranges  0x00000130       0x58 ./HAL_SPI/lpc17xx_clkpwr.o
 .debug_ranges  0x00000188       0x18 ./HAL_SPI/lpc17xx_libcfg_default.o
 .debug_ranges  0x000001a0       0xa0 ./HAL_SPI/lpc17xx_ssp.o
 .debug_ranges  0x00000240       0x38 ./HAL_SPI/main_spi.o
 .debug_ranges  0x00000278       0x20 ./HAL_Analog/analog.o
 .debug_ranges  0x00000298       0x20 C:\Users\admin\Documents\lpcxpresso_3.6\workspace\CMSISv1p30_LPC17xx\Debug\libCMSISv1p30_LPC17xx.a(system_LPC17xx.o)
 .debug_ranges  0x000002b8       0x50 C:\Users\admin\Documents\lpcxpresso_3.6\workspace\FreeRTOS_Library\Debug\libFreeRTOS_Library.a(tasks.o)

.debug_str      0x00000000     0x1e8b
 .debug_str     0x00000000      0x194 ./cr_startup_lpc17.o
                                0x1ce (size before relaxing)
 .debug_str     0x00000194       0x41 ./retargetPrintf.o
                                 0xd2 (size before relaxing)
 .debug_str     0x000001d5      0x5fe ./src/main.o
                                0x6e9 (size before relaxing)
 .debug_str     0x000007d3      0x3b4 ./HAL_UART/uart.o
                                0x6e0 (size before relaxing)
 .debug_str     0x00000b87      0x12d ./HAL_SPI/lpc17xx_clkpwr.o
                                0x372 (size before relaxing)
 .debug_str     0x00000cb4       0x3b ./HAL_SPI/lpc17xx_libcfg_default.o
                                0x119 (size before relaxing)
 .debug_str     0x00000cef      0x2b9 ./HAL_SPI/lpc17xx_ssp.o
                                0x3f9 (size before relaxing)
 .debug_str     0x00000fa8       0x90 ./HAL_SPI/main_spi.o
                                0x4be (size before relaxing)
 .debug_str     0x00001038       0x88 ./HAL_Analog/analog.o
                                0x39a (size before relaxing)
 .debug_str     0x000010c0       0x84 C:\Users\admin\Documents\lpcxpresso_3.6\workspace\CMSISv1p30_LPC17xx\Debug\libCMSISv1p30_LPC17xx.a(system_LPC17xx.o)
                                0x26a (size before relaxing)
 .debug_str     0x00001144      0x413 C:\Users\admin\Documents\lpcxpresso_3.6\workspace\FreeRTOS_Library\Debug\libFreeRTOS_Library.a(queue.o)
                                0x4f5 (size before relaxing)
 .debug_str     0x00001557      0x638 C:\Users\admin\Documents\lpcxpresso_3.6\workspace\FreeRTOS_Library\Debug\libFreeRTOS_Library.a(tasks.o)
                                0x82a (size before relaxing)
 .debug_str     0x00001b8f      0x150 C:\Users\admin\Documents\lpcxpresso_3.6\workspace\FreeRTOS_Library\Debug\libFreeRTOS_Library.a(heap_2.o)
                                0x244 (size before relaxing)
 .debug_str     0x00001cdf      0x11a C:\Users\admin\Documents\lpcxpresso_3.6\workspace\FreeRTOS_Library\Debug\libFreeRTOS_Library.a(port.o)
                                0x23d (size before relaxing)
 .debug_str     0x00001df9       0x92 C:\Users\admin\Documents\lpcxpresso_3.6\workspace\FreeRTOS_Library\Debug\libFreeRTOS_Library.a(list.o)
                                0x228 (size before relaxing)

.comment        0x00000000      0x993
 .comment       0x00000000       0x2b ./cr_startup_lpc17.o
 .comment       0x0000002b       0x2b ./retargetPrintf.o
 .comment       0x00000056       0x2b ./src/main.o
 .comment       0x00000081       0x2b ./HAL_UART/uart.o
 .comment       0x000000ac       0x2b ./HAL_SPI/lpc17xx_clkpwr.o
 .comment       0x000000d7       0x2b ./HAL_SPI/lpc17xx_libcfg_default.o
 .comment       0x00000102       0x2b ./HAL_SPI/lpc17xx_ssp.o
 .comment       0x0000012d       0x2b ./HAL_SPI/main_spi.o
 .comment       0x00000158       0x2b ./HAL_Analog/analog.o
 .comment       0x00000183       0x2b C:\Users\admin\Documents\lpcxpresso_3.6\workspace\CMSISv1p30_LPC17xx\Debug\libCMSISv1p30_LPC17xx.a(system_LPC17xx.o)
 .comment       0x000001ae       0x2b C:\Users\admin\Documents\lpcxpresso_3.6\workspace\FreeRTOS_Library\Debug\libFreeRTOS_Library.a(queue.o)
 .comment       0x000001d9       0x2b C:\Users\admin\Documents\lpcxpresso_3.6\workspace\FreeRTOS_Library\Debug\libFreeRTOS_Library.a(tasks.o)
 .comment       0x00000204       0x2b C:\Users\admin\Documents\lpcxpresso_3.6\workspace\FreeRTOS_Library\Debug\libFreeRTOS_Library.a(heap_2.o)
 .comment       0x0000022f       0x2b C:\Users\admin\Documents\lpcxpresso_3.6\workspace\FreeRTOS_Library\Debug\libFreeRTOS_Library.a(port.o)
 .comment       0x0000025a       0x2b C:\Users\admin\Documents\lpcxpresso_3.6\workspace\FreeRTOS_Library\Debug\libFreeRTOS_Library.a(list.o)
 .comment       0x00000285       0x2b c:/nxp/lpcxpresso_3.6/tools/bin/../lib/gcc/arm-none-eabi/4.3.3/../../../../arm-none-eabi/lib/thumb2\libcr_nohost.a(_cr__main.o)
 .comment       0x000002b0       0x2b c:/nxp/lpcxpresso_3.6/tools/bin/../lib/gcc/arm-none-eabi/4.3.3/../../../../arm-none-eabi/lib/thumb2\libcr_c.a(__init_alloc.o)
 .comment       0x000002db       0x2b c:/nxp/lpcxpresso_3.6/tools/bin/../lib/gcc/arm-none-eabi/4.3.3/../../../../arm-none-eabi/lib/thumb2\libcr_c.a(ctype.o)
 .comment       0x00000306       0x2b c:/nxp/lpcxpresso_3.6/tools/bin/../lib/gcc/arm-none-eabi/4.3.3/../../../../arm-none-eabi/lib/thumb2\libcr_c.a(fpprintf.o)
 .comment       0x00000331       0x2b c:/nxp/lpcxpresso_3.6/tools/bin/../lib/gcc/arm-none-eabi/4.3.3/../../../../arm-none-eabi/lib/thumb2\libcr_c.a(initio.o)
 .comment       0x0000035c       0x2b c:/nxp/lpcxpresso_3.6/tools/bin/../lib/gcc/arm-none-eabi/4.3.3/../../../../arm-none-eabi/lib/thumb2\libcr_c.a(memcpy.o)
 .comment       0x00000387       0x2b c:/nxp/lpcxpresso_3.6/tools/bin/../lib/gcc/arm-none-eabi/4.3.3/../../../../arm-none-eabi/lib/thumb2\libcr_c.a(memset.o)
 .comment       0x000003b2       0x2b c:/nxp/lpcxpresso_3.6/tools/bin/../lib/gcc/arm-none-eabi/4.3.3/../../../../arm-none-eabi/lib/thumb2\libcr_c.a(printf.o)
 .comment       0x000003dd       0x2b c:/nxp/lpcxpresso_3.6/tools/bin/../lib/gcc/arm-none-eabi/4.3.3/../../../../arm-none-eabi/lib/thumb2\libcr_c.a(setvbuf.o)
 .comment       0x00000408       0x2b c:/nxp/lpcxpresso_3.6/tools/bin/../lib/gcc/arm-none-eabi/4.3.3/../../../../arm-none-eabi/lib/thumb2\libcr_c.a(stdio.o)
 .comment       0x00000433       0x2b c:/nxp/lpcxpresso_3.6/tools/bin/../lib/gcc/arm-none-eabi/4.3.3/../../../../arm-none-eabi/lib/thumb2\libcr_c.a(stdlib.o)
 .comment       0x0000045e       0x2b c:/nxp/lpcxpresso_3.6/tools/bin/../lib/gcc/arm-none-eabi/4.3.3/../../../../arm-none-eabi/lib/thumb2\libcr_c.a(strcpy.o)
 .comment       0x00000489       0x2b c:/nxp/lpcxpresso_3.6/tools/bin/../lib/gcc/arm-none-eabi/4.3.3/../../../../arm-none-eabi/lib/thumb2\libcr_c.a(strlen.o)
 .comment       0x000004b4       0x2b c:/nxp/lpcxpresso_3.6/tools/bin/../lib/gcc/arm-none-eabi/4.3.3/../../../../arm-none-eabi/lib/thumb2\libcr_c.a(strncpy.o)
 .comment       0x000004df       0x2b c:/nxp/lpcxpresso_3.6/tools/bin/../lib/gcc/arm-none-eabi/4.3.3/../../../../arm-none-eabi/lib/thumb2\libcr_c.a(__fillbuf.o)
 .comment       0x0000050a       0x2b c:/nxp/lpcxpresso_3.6/tools/bin/../lib/gcc/arm-none-eabi/4.3.3/../../../../arm-none-eabi/lib/thumb2\libcr_c.a(_deferredlazyseek.o)
 .comment       0x00000535       0x2b c:/nxp/lpcxpresso_3.6/tools/bin/../lib/gcc/arm-none-eabi/4.3.3/../../../../arm-none-eabi/lib/thumb2\libcr_c.a(_fdopen.o)
 .comment       0x00000560       0x2b c:/nxp/lpcxpresso_3.6/tools/bin/../lib/gcc/arm-none-eabi/4.3.3/../../../../arm-none-eabi/lib/thumb2\libcr_c.a(_fflush.o)
 .comment       0x0000058b       0x2b c:/nxp/lpcxpresso_3.6/tools/bin/../lib/gcc/arm-none-eabi/4.3.3/../../../../arm-none-eabi/lib/thumb2\libcr_c.a(_frexpl.o)
 .comment       0x000005b6       0x2b c:/nxp/lpcxpresso_3.6/tools/bin/../lib/gcc/arm-none-eabi/4.3.3/../../../../arm-none-eabi/lib/thumb2\libcr_c.a(_ldexpl.o)
 .comment       0x000005e1       0x2b c:/nxp/lpcxpresso_3.6/tools/bin/../lib/gcc/arm-none-eabi/4.3.3/../../../../arm-none-eabi/lib/thumb2\libcr_c.a(_writebuf.o)
 .comment       0x0000060c       0x2b c:/nxp/lpcxpresso_3.6/tools/bin/../lib/gcc/arm-none-eabi/4.3.3/../../../../arm-none-eabi/lib/thumb2\libcr_c.a(alloc.o)
 .comment       0x00000637       0x2b c:/nxp/lpcxpresso_3.6/tools/bin/../lib/gcc/arm-none-eabi/4.3.3/../../../../arm-none-eabi/lib/thumb2\libcr_c.a(error.o)
 .comment       0x00000662       0x2b c:/nxp/lpcxpresso_3.6/tools/bin/../lib/gcc/arm-none-eabi/4.3.3/../../../../arm-none-eabi/lib/thumb2\libcr_c.a(fclose.o)
 .comment       0x0000068d       0x2b c:/nxp/lpcxpresso_3.6/tools/bin/../lib/gcc/arm-none-eabi/4.3.3/../../../../arm-none-eabi/lib/thumb2\libcr_c.a(fflush.o)
 .comment       0x000006b8       0x2b c:/nxp/lpcxpresso_3.6/tools/bin/../lib/gcc/arm-none-eabi/4.3.3/../../../../arm-none-eabi/lib/thumb2\libcr_c.a(fputs.o)
 .comment       0x000006e3       0x2b c:/nxp/lpcxpresso_3.6/tools/bin/../lib/gcc/arm-none-eabi/4.3.3/../../../../arm-none-eabi/lib/thumb2\libcr_c.a(fseek.o)
 .comment       0x0000070e       0x2b c:/nxp/lpcxpresso_3.6/tools/bin/../lib/gcc/arm-none-eabi/4.3.3/../../../../arm-none-eabi/lib/thumb2\libcr_c.a(ftell.o)
 .comment       0x00000739       0x2b c:/nxp/lpcxpresso_3.6/tools/bin/../lib/gcc/arm-none-eabi/4.3.3/../../../../arm-none-eabi/lib/thumb2\libcr_c.a(raise.o)
 .comment       0x00000764       0x2b c:/nxp/lpcxpresso_3.6/tools/bin/../lib/gcc/arm-none-eabi/4.3.3/../../../../arm-none-eabi/lib/thumb2\libcr_c.a(remove.o)
 .comment       0x0000078f       0x2b c:/nxp/lpcxpresso_3.6/tools/bin/../lib/gcc/arm-none-eabi/4.3.3/../../../../arm-none-eabi/lib/thumb2\libcr_c.a(_do_fflush.o)
 .comment       0x000007ba       0x2b c:/nxp/lpcxpresso_3.6/tools/bin/../lib/gcc/arm-none-eabi/4.3.3/../../../../arm-none-eabi/lib/thumb2\libcr_c.a(_hugeval.o)
 .comment       0x000007e5       0x2b c:/nxp/lpcxpresso_3.6/tools/bin/../lib/gcc/arm-none-eabi/4.3.3/thumb2\libcr_eabihelpers.a(double.o)
 .comment       0x00000810       0x2b c:/nxp/lpcxpresso_3.6/tools/bin/../lib/gcc/arm-none-eabi/4.3.3/thumb2\libcr_eabihelpers.a(rtlib.o)
 .comment       0x0000083b       0x2b c:/nxp/lpcxpresso_3.6/tools/bin/../lib/gcc/arm-none-eabi/4.3.3/../../../../arm-none-eabi/lib/thumb2\libcr_nohost.a(_cr_sbrk.o)
 .comment       0x00000866       0x2b c:/nxp/lpcxpresso_3.6/tools/bin/../lib/gcc/arm-none-eabi/4.3.3/../../../../arm-none-eabi/lib/thumb2\libcr_nohost.a(cr_sys.o)
 .comment       0x00000891       0x2b c:/nxp/lpcxpresso_3.6/tools/bin/../lib/gcc/arm-none-eabi/4.3.3/../../../../arm-none-eabi/lib/thumb2\libcr_nohost.a(cr__close.o)
 .comment       0x000008bc       0x2b c:/nxp/lpcxpresso_3.6/tools/bin/../lib/gcc/arm-none-eabi/4.3.3/../../../../arm-none-eabi/lib/thumb2\libcr_nohost.a(cr__exit.o)
 .comment       0x000008e7       0x2b c:/nxp/lpcxpresso_3.6/tools/bin/../lib/gcc/arm-none-eabi/4.3.3/../../../../arm-none-eabi/lib/thumb2\libcr_nohost.a(cr__open.o)
 .comment       0x00000912       0x2b c:/nxp/lpcxpresso_3.6/tools/bin/../lib/gcc/arm-none-eabi/4.3.3/../../../../arm-none-eabi/lib/thumb2\libcr_nohost.a(cr__read.o)
 .comment       0x0000093d       0x2b c:/nxp/lpcxpresso_3.6/tools/bin/../lib/gcc/arm-none-eabi/4.3.3/../../../../arm-none-eabi/lib/thumb2\libcr_nohost.a(cr__unlink.o)
 .comment       0x00000968       0x2b c:/nxp/lpcxpresso_3.6/tools/bin/../lib/gcc/arm-none-eabi/4.3.3/../../../../arm-none-eabi/lib/thumb2\libcr_nohost.a(cr_dummy_stubs.o)

.ARM.attributes
                0x00000000       0x2f
 .ARM.attributes
                0x00000000       0x31 ./cr_startup_lpc17.o
 .ARM.attributes
                0x00000031       0x31 ./retargetPrintf.o
 .ARM.attributes
                0x00000062       0x31 ./src/main.o
 .ARM.attributes
                0x00000093       0x31 ./HAL_UART/uart.o
 .ARM.attributes
                0x000000c4       0x31 ./HAL_SPI/lpc17xx_clkpwr.o
 .ARM.attributes
                0x000000f5       0x31 ./HAL_SPI/lpc17xx_libcfg_default.o
 .ARM.attributes
                0x00000126       0x31 ./HAL_SPI/lpc17xx_ssp.o
 .ARM.attributes
                0x00000157       0x31 ./HAL_SPI/main_spi.o
 .ARM.attributes
                0x00000188       0x31 ./HAL_Analog/analog.o
 .ARM.attributes
                0x000001b9       0x31 C:\Users\admin\Documents\lpcxpresso_3.6\workspace\CMSISv1p30_LPC17xx\Debug\libCMSISv1p30_LPC17xx.a(system_LPC17xx.o)
 .ARM.attributes
                0x000001ea       0x31 C:\Users\admin\Documents\lpcxpresso_3.6\workspace\FreeRTOS_Library\Debug\libFreeRTOS_Library.a(queue.o)
 .ARM.attributes
                0x0000021b       0x31 C:\Users\admin\Documents\lpcxpresso_3.6\workspace\FreeRTOS_Library\Debug\libFreeRTOS_Library.a(tasks.o)
 .ARM.attributes
                0x0000024c       0x31 C:\Users\admin\Documents\lpcxpresso_3.6\workspace\FreeRTOS_Library\Debug\libFreeRTOS_Library.a(heap_2.o)
 .ARM.attributes
                0x0000027d       0x31 C:\Users\admin\Documents\lpcxpresso_3.6\workspace\FreeRTOS_Library\Debug\libFreeRTOS_Library.a(port.o)
 .ARM.attributes
                0x000002ae       0x31 C:\Users\admin\Documents\lpcxpresso_3.6\workspace\FreeRTOS_Library\Debug\libFreeRTOS_Library.a(list.o)
 .ARM.attributes
                0x000002df       0x31 c:/nxp/lpcxpresso_3.6/tools/bin/../lib/gcc/arm-none-eabi/4.3.3/../../../../arm-none-eabi/lib/thumb2\libcr_nohost.a(_cr__main.o)
 .ARM.attributes
                0x00000310       0x31 c:/nxp/lpcxpresso_3.6/tools/bin/../lib/gcc/arm-none-eabi/4.3.3/../../../../arm-none-eabi/lib/thumb2\libcr_c.a(__init_alloc.o)
 .ARM.attributes
                0x00000341       0x31 c:/nxp/lpcxpresso_3.6/tools/bin/../lib/gcc/arm-none-eabi/4.3.3/../../../../arm-none-eabi/lib/thumb2\libcr_c.a(ctype.o)
 .ARM.attributes
                0x00000372       0x31 c:/nxp/lpcxpresso_3.6/tools/bin/../lib/gcc/arm-none-eabi/4.3.3/../../../../arm-none-eabi/lib/thumb2\libcr_c.a(fpprintf.o)
 .ARM.attributes
                0x000003a3       0x31 c:/nxp/lpcxpresso_3.6/tools/bin/../lib/gcc/arm-none-eabi/4.3.3/../../../../arm-none-eabi/lib/thumb2\libcr_c.a(initio.o)
 .ARM.attributes
                0x000003d4       0x31 c:/nxp/lpcxpresso_3.6/tools/bin/../lib/gcc/arm-none-eabi/4.3.3/../../../../arm-none-eabi/lib/thumb2\libcr_c.a(memcpy.o)
 .ARM.attributes
                0x00000405       0x31 c:/nxp/lpcxpresso_3.6/tools/bin/../lib/gcc/arm-none-eabi/4.3.3/../../../../arm-none-eabi/lib/thumb2\libcr_c.a(memset.o)
 .ARM.attributes
                0x00000436       0x31 c:/nxp/lpcxpresso_3.6/tools/bin/../lib/gcc/arm-none-eabi/4.3.3/../../../../arm-none-eabi/lib/thumb2\libcr_c.a(printf.o)
 .ARM.attributes
                0x00000467       0x31 c:/nxp/lpcxpresso_3.6/tools/bin/../lib/gcc/arm-none-eabi/4.3.3/../../../../arm-none-eabi/lib/thumb2\libcr_c.a(setvbuf.o)
 .ARM.attributes
                0x00000498       0x31 c:/nxp/lpcxpresso_3.6/tools/bin/../lib/gcc/arm-none-eabi/4.3.3/../../../../arm-none-eabi/lib/thumb2\libcr_c.a(stdio.o)
 .ARM.attributes
                0x000004c9       0x31 c:/nxp/lpcxpresso_3.6/tools/bin/../lib/gcc/arm-none-eabi/4.3.3/../../../../arm-none-eabi/lib/thumb2\libcr_c.a(stdlib.o)
 .ARM.attributes
                0x000004fa       0x31 c:/nxp/lpcxpresso_3.6/tools/bin/../lib/gcc/arm-none-eabi/4.3.3/../../../../arm-none-eabi/lib/thumb2\libcr_c.a(strcpy.o)
 .ARM.attributes
                0x0000052b       0x31 c:/nxp/lpcxpresso_3.6/tools/bin/../lib/gcc/arm-none-eabi/4.3.3/../../../../arm-none-eabi/lib/thumb2\libcr_c.a(strlen.o)
 .ARM.attributes
                0x0000055c       0x31 c:/nxp/lpcxpresso_3.6/tools/bin/../lib/gcc/arm-none-eabi/4.3.3/../../../../arm-none-eabi/lib/thumb2\libcr_c.a(strncpy.o)
 .ARM.attributes
                0x0000058d       0x31 c:/nxp/lpcxpresso_3.6/tools/bin/../lib/gcc/arm-none-eabi/4.3.3/../../../../arm-none-eabi/lib/thumb2\libcr_c.a(__fillbuf.o)
 .ARM.attributes
                0x000005be       0x31 c:/nxp/lpcxpresso_3.6/tools/bin/../lib/gcc/arm-none-eabi/4.3.3/../../../../arm-none-eabi/lib/thumb2\libcr_c.a(_deferredlazyseek.o)
 .ARM.attributes
                0x000005ef       0x31 c:/nxp/lpcxpresso_3.6/tools/bin/../lib/gcc/arm-none-eabi/4.3.3/../../../../arm-none-eabi/lib/thumb2\libcr_c.a(_fdopen.o)
 .ARM.attributes
                0x00000620       0x31 c:/nxp/lpcxpresso_3.6/tools/bin/../lib/gcc/arm-none-eabi/4.3.3/../../../../arm-none-eabi/lib/thumb2\libcr_c.a(_fflush.o)
 .ARM.attributes
                0x00000651       0x31 c:/nxp/lpcxpresso_3.6/tools/bin/../lib/gcc/arm-none-eabi/4.3.3/../../../../arm-none-eabi/lib/thumb2\libcr_c.a(_frexpl.o)
 .ARM.attributes
                0x00000682       0x31 c:/nxp/lpcxpresso_3.6/tools/bin/../lib/gcc/arm-none-eabi/4.3.3/../../../../arm-none-eabi/lib/thumb2\libcr_c.a(_ldexpl.o)
 .ARM.attributes
                0x000006b3       0x31 c:/nxp/lpcxpresso_3.6/tools/bin/../lib/gcc/arm-none-eabi/4.3.3/../../../../arm-none-eabi/lib/thumb2\libcr_c.a(_writebuf.o)
 .ARM.attributes
                0x000006e4       0x31 c:/nxp/lpcxpresso_3.6/tools/bin/../lib/gcc/arm-none-eabi/4.3.3/../../../../arm-none-eabi/lib/thumb2\libcr_c.a(alloc.o)
 .ARM.attributes
                0x00000715       0x31 c:/nxp/lpcxpresso_3.6/tools/bin/../lib/gcc/arm-none-eabi/4.3.3/../../../../arm-none-eabi/lib/thumb2\libcr_c.a(error.o)
 .ARM.attributes
                0x00000746       0x31 c:/nxp/lpcxpresso_3.6/tools/bin/../lib/gcc/arm-none-eabi/4.3.3/../../../../arm-none-eabi/lib/thumb2\libcr_c.a(fclose.o)
 .ARM.attributes
                0x00000777       0x31 c:/nxp/lpcxpresso_3.6/tools/bin/../lib/gcc/arm-none-eabi/4.3.3/../../../../arm-none-eabi/lib/thumb2\libcr_c.a(fflush.o)
 .ARM.attributes
                0x000007a8       0x31 c:/nxp/lpcxpresso_3.6/tools/bin/../lib/gcc/arm-none-eabi/4.3.3/../../../../arm-none-eabi/lib/thumb2\libcr_c.a(fputs.o)
 .ARM.attributes
                0x000007d9       0x31 c:/nxp/lpcxpresso_3.6/tools/bin/../lib/gcc/arm-none-eabi/4.3.3/../../../../arm-none-eabi/lib/thumb2\libcr_c.a(fseek.o)
 .ARM.attributes
                0x0000080a       0x31 c:/nxp/lpcxpresso_3.6/tools/bin/../lib/gcc/arm-none-eabi/4.3.3/../../../../arm-none-eabi/lib/thumb2\libcr_c.a(ftell.o)
 .ARM.attributes
                0x0000083b       0x31 c:/nxp/lpcxpresso_3.6/tools/bin/../lib/gcc/arm-none-eabi/4.3.3/../../../../arm-none-eabi/lib/thumb2\libcr_c.a(raise.o)
 .ARM.attributes
                0x0000086c       0x31 c:/nxp/lpcxpresso_3.6/tools/bin/../lib/gcc/arm-none-eabi/4.3.3/../../../../arm-none-eabi/lib/thumb2\libcr_c.a(remove.o)
 .ARM.attributes
                0x0000089d       0x31 c:/nxp/lpcxpresso_3.6/tools/bin/../lib/gcc/arm-none-eabi/4.3.3/../../../../arm-none-eabi/lib/thumb2\libcr_c.a(_do_fflush.o)
 .ARM.attributes
                0x000008ce       0x31 c:/nxp/lpcxpresso_3.6/tools/bin/../lib/gcc/arm-none-eabi/4.3.3/../../../../arm-none-eabi/lib/thumb2\libcr_c.a(_hugeval.o)
 .ARM.attributes
                0x000008ff       0x31 c:/nxp/lpcxpresso_3.6/tools/bin/../lib/gcc/arm-none-eabi/4.3.3/thumb2\libcr_eabihelpers.a(double.o)
 .ARM.attributes
                0x00000930       0x21 c:/nxp/lpcxpresso_3.6/tools/bin/../lib/gcc/arm-none-eabi/4.3.3/thumb2\libcr_eabihelpers.a(helpers.o)
 .ARM.attributes
                0x00000951       0x31 c:/nxp/lpcxpresso_3.6/tools/bin/../lib/gcc/arm-none-eabi/4.3.3/thumb2\libcr_eabihelpers.a(rtlib.o)
 .ARM.attributes
                0x00000982       0x31 c:/nxp/lpcxpresso_3.6/tools/bin/../lib/gcc/arm-none-eabi/4.3.3/../../../../arm-none-eabi/lib/thumb2\libcr_nohost.a(_cr_sbrk.o)
 .ARM.attributes
                0x000009b3       0x31 c:/nxp/lpcxpresso_3.6/tools/bin/../lib/gcc/arm-none-eabi/4.3.3/../../../../arm-none-eabi/lib/thumb2\libcr_nohost.a(cr_sys.o)
 .ARM.attributes
                0x000009e4       0x31 c:/nxp/lpcxpresso_3.6/tools/bin/../lib/gcc/arm-none-eabi/4.3.3/../../../../arm-none-eabi/lib/thumb2\libcr_nohost.a(cr__close.o)
 .ARM.attributes
                0x00000a15       0x31 c:/nxp/lpcxpresso_3.6/tools/bin/../lib/gcc/arm-none-eabi/4.3.3/../../../../arm-none-eabi/lib/thumb2\libcr_nohost.a(cr__exit.o)
 .ARM.attributes
                0x00000a46       0x31 c:/nxp/lpcxpresso_3.6/tools/bin/../lib/gcc/arm-none-eabi/4.3.3/../../../../arm-none-eabi/lib/thumb2\libcr_nohost.a(cr__open.o)
 .ARM.attributes
                0x00000a77       0x31 c:/nxp/lpcxpresso_3.6/tools/bin/../lib/gcc/arm-none-eabi/4.3.3/../../../../arm-none-eabi/lib/thumb2\libcr_nohost.a(cr__read.o)
 .ARM.attributes
                0x00000aa8       0x31 c:/nxp/lpcxpresso_3.6/tools/bin/../lib/gcc/arm-none-eabi/4.3.3/../../../../arm-none-eabi/lib/thumb2\libcr_nohost.a(cr__unlink.o)
 .ARM.attributes
                0x00000ad9       0x31 c:/nxp/lpcxpresso_3.6/tools/bin/../lib/gcc/arm-none-eabi/4.3.3/../../../../arm-none-eabi/lib/thumb2\libcr_nohost.a(cr_dummy_stubs.o)
