Archive member included because of file (symbol)

C:\Users\admin\Desktop\Keadrone\CMSISv1p30_LPC17xx\Debug\libCMSISv1p30_LPC17xx.a(system_LPC17xx.o)
                              ./HAL_UART/uart.o (SystemCoreClock)
C:\Users\admin\Desktop\Keadrone\FreeRTOS_Library\Debug\libFreeRTOS_Library.a(queue.o)
                              ./src/main.o (xQueueCreate)
C:\Users\admin\Desktop\Keadrone\FreeRTOS_Library\Debug\libFreeRTOS_Library.a(tasks.o)
                              C:\Users\admin\Desktop\Keadrone\FreeRTOS_Library\Debug\libFreeRTOS_Library.a(queue.o) (vTaskSuspendAll)
C:\Users\admin\Desktop\Keadrone\FreeRTOS_Library\Debug\libFreeRTOS_Library.a(heap_2.o)
                              C:\Users\admin\Desktop\Keadrone\FreeRTOS_Library\Debug\libFreeRTOS_Library.a(queue.o) (vPortFree)
C:\Users\admin\Desktop\Keadrone\FreeRTOS_Library\Debug\libFreeRTOS_Library.a(port.o)
                              C:\Users\admin\Desktop\Keadrone\FreeRTOS_Library\Debug\libFreeRTOS_Library.a(tasks.o) (pxPortInitialiseStack)
C:\Users\admin\Desktop\Keadrone\FreeRTOS_Library\Debug\libFreeRTOS_Library.a(list.o)
                              C:\Users\admin\Desktop\Keadrone\FreeRTOS_Library\Debug\libFreeRTOS_Library.a(queue.o) (vListInitialise)
c:/nxp/lpcxpresso_3.6/tools/bin/../lib/gcc/arm-none-eabi/4.3.3/../../../../arm-none-eabi/lib/thumb2\libcr_nohost.a(_cr__main.o)
                              ./cr_startup_lpc17.o (__main)
c:/nxp/lpcxpresso_3.6/tools/bin/../lib/gcc/arm-none-eabi/4.3.3/../../../../arm-none-eabi/lib/thumb2\libcr_c.a(__init_alloc.o)
                              c:/nxp/lpcxpresso_3.6/tools/bin/../lib/gcc/arm-none-eabi/4.3.3/../../../../arm-none-eabi/lib/thumb2\libcr_nohost.a(_cr__main.o) (_init_alloc)
c:/nxp/lpcxpresso_3.6/tools/bin/../lib/gcc/arm-none-eabi/4.3.3/../../../../arm-none-eabi/lib/thumb2\libcr_c.a(ctype.o)
                              c:/nxp/lpcxpresso_3.6/tools/bin/../lib/gcc/arm-none-eabi/4.3.3/../../../../arm-none-eabi/lib/thumb2\libcr_nohost.a(_cr__main.o) (_ctype_init)
c:/nxp/lpcxpresso_3.6/tools/bin/../lib/gcc/arm-none-eabi/4.3.3/../../../../arm-none-eabi/lib/thumb2\libcr_c.a(fpprintf.o)
                              ./src/main.o (printf)
c:/nxp/lpcxpresso_3.6/tools/bin/../lib/gcc/arm-none-eabi/4.3.3/../../../../arm-none-eabi/lib/thumb2\libcr_c.a(initio.o)
                              c:/nxp/lpcxpresso_3.6/tools/bin/../lib/gcc/arm-none-eabi/4.3.3/../../../../arm-none-eabi/lib/thumb2\libcr_nohost.a(_cr__main.o) (_terminateio)
c:/nxp/lpcxpresso_3.6/tools/bin/../lib/gcc/arm-none-eabi/4.3.3/../../../../arm-none-eabi/lib/thumb2\libcr_c.a(memcpy.o)
                              C:\Users\admin\Desktop\Keadrone\FreeRTOS_Library\Debug\libFreeRTOS_Library.a(queue.o) (memcpy)
c:/nxp/lpcxpresso_3.6/tools/bin/../lib/gcc/arm-none-eabi/4.3.3/../../../../arm-none-eabi/lib/thumb2\libcr_c.a(memset.o)
                              C:\Users\admin\Desktop\Keadrone\FreeRTOS_Library\Debug\libFreeRTOS_Library.a(tasks.o) (memset)
c:/nxp/lpcxpresso_3.6/tools/bin/../lib/gcc/arm-none-eabi/4.3.3/../../../../arm-none-eabi/lib/thumb2\libcr_c.a(printf.o)
                              c:/nxp/lpcxpresso_3.6/tools/bin/../lib/gcc/arm-none-eabi/4.3.3/../../../../arm-none-eabi/lib/thumb2\libcr_c.a(fpprintf.o) (__vfprintf)
c:/nxp/lpcxpresso_3.6/tools/bin/../lib/gcc/arm-none-eabi/4.3.3/../../../../arm-none-eabi/lib/thumb2\libcr_c.a(setvbuf.o)
                              c:/nxp/lpcxpresso_3.6/tools/bin/../lib/gcc/arm-none-eabi/4.3.3/../../../../arm-none-eabi/lib/thumb2\libcr_c.a(initio.o) (setvbuf)
c:/nxp/lpcxpresso_3.6/tools/bin/../lib/gcc/arm-none-eabi/4.3.3/../../../../arm-none-eabi/lib/thumb2\libcr_c.a(stdio.o)
                              c:/nxp/lpcxpresso_3.6/tools/bin/../lib/gcc/arm-none-eabi/4.3.3/../../../../arm-none-eabi/lib/thumb2\libcr_c.a(fpprintf.o) (__Ciob)
c:/nxp/lpcxpresso_3.6/tools/bin/../lib/gcc/arm-none-eabi/4.3.3/../../../../arm-none-eabi/lib/thumb2\libcr_c.a(stdlib.o)
                              c:/nxp/lpcxpresso_3.6/tools/bin/../lib/gcc/arm-none-eabi/4.3.3/../../../../arm-none-eabi/lib/thumb2\libcr_nohost.a(_cr__main.o) (_exit_init)
c:/nxp/lpcxpresso_3.6/tools/bin/../lib/gcc/arm-none-eabi/4.3.3/../../../../arm-none-eabi/lib/thumb2\libcr_c.a(strcpy.o)
                              c:/nxp/lpcxpresso_3.6/tools/bin/../lib/gcc/arm-none-eabi/4.3.3/../../../../arm-none-eabi/lib/thumb2\libcr_c.a(fpprintf.o) (strcpy)
c:/nxp/lpcxpresso_3.6/tools/bin/../lib/gcc/arm-none-eabi/4.3.3/../../../../arm-none-eabi/lib/thumb2\libcr_c.a(strlen.o)
                              c:/nxp/lpcxpresso_3.6/tools/bin/../lib/gcc/arm-none-eabi/4.3.3/../../../../arm-none-eabi/lib/thumb2\libcr_c.a(printf.o) (strlen)
c:/nxp/lpcxpresso_3.6/tools/bin/../lib/gcc/arm-none-eabi/4.3.3/../../../../arm-none-eabi/lib/thumb2\libcr_c.a(strncpy.o)
                              C:\Users\admin\Desktop\Keadrone\FreeRTOS_Library\Debug\libFreeRTOS_Library.a(tasks.o) (strncpy)
[...]
Memory Configuration

Name             Origin             Length             Attributes
MFlash32         0x00000000         0x00008000         xr
RamLoc8          0x10000000         0x00002000         xrw
*default*        0x00000000         0xffffffff

Linker script and memory map

LOAD ./cr_startup_lpc17.o
LOAD ./i2c.o
LOAD ./retargetPrintf.o
LOAD ./src/main.o
LOAD ./HAL_UART/uart.o
LOAD ./HAL_SPI/lpc17xx_clkpwr.o
LOAD ./HAL_SPI/lpc17xx_libcfg_default.o
LOAD ./HAL_SPI/lpc17xx_ssp.o
LOAD ./HAL_SPI/main_spi.o
LOAD ./HAL_Analog/analog.o
LOAD C:\Users\admin\Desktop\Keadrone\CMSISv1p30_LPC17xx\Debug\libCMSISv1p30_LPC17xx.a
LOAD C:\Users\admin\Desktop\Keadrone\FreeRTOS_Library\Debug\libFreeRTOS_Library.a
START GROUP
LOAD c:/nxp/lpcxpresso_3.6/tools/bin/../lib/gcc/arm-none-eabi/4.3.3/../../../../arm-none-eabi/lib/thumb2\libcr_nohost.a
LOAD c:/nxp/lpcxpresso_3.6/tools/bin/../lib/gcc/arm-none-eabi/4.3.3/../../../../arm-none-eabi/lib/thumb2\libcr_c.a
LOAD c:/nxp/lpcxpresso_3.6/tools/bin/../lib/gcc/arm-none-eabi/4.3.3/thumb2\libcr_eabihelpers.a
END GROUP
                0x00008000                __top_MFlash32 = 0x8000
                0x10002000                __top_RamLoc8 = 0x10002000

.text           0x00000000     0x733c
 FILL mask 0xff
 *(.isr_vector)
 .isr_vector    0x00000000       0xcc ./cr_startup_lpc17.o
                0x00000000                g_pfnVectors
                0x000000cc                . = ALIGN (0x4)
                0x000000cc                __section_table_start = .
                0x000000cc                __data_section_table = .
                0x000000cc        0x4 LONG 0x733c LOADADDR (.data)
                0x000000d0        0x4 LONG 0x10000000 ADDR (.data)
                0x000000d4        0x4 LONG 0x214 SIZEOF (.data)
                0x000000d8                __data_section_table_end = .
                0x000000d8                __bss_section_table = .
                0x000000d8        0x4 LONG 0x10000218 ADDR (.bss)
                0x000000dc        0x4 LONG 0xddc SIZEOF (.bss)
                0x000000e0                __bss_section_table_end = .
                0x000000e0                __section_table_end = .
 *(.after_vectors*)
 *(.text*)
 .text.ResetISR
                0x000000e0       0x68 ./cr_startup_lpc17.o
                0x000000e0                ResetISR
 .text.NMI_Handler
                0x00000148        0x8 ./cr_startup_lpc17.o
                0x00000148                NMI_Handler
 .text.HardFault_Handler
                0x00000150        0x8 ./cr_startup_lpc17.o
                0x00000150                HardFault_Handler
 .text.MemManage_Handler
                0x00000158        0x8 ./cr_startup_lpc17.o
                0x00000158                MemManage_Handler
 .text.BusFault_Handler
                0x00000160        0x8 ./cr_startup_lpc17.o
                0x00000160                BusFault_Handler
 .text.UsageFault_Handler
                0x00000168        0x8 ./cr_startup_lpc17.o
                0x00000168                UsageFault_Handler
 .text.DebugMon_Handler
                0x00000170        0x8 ./cr_startup_lpc17.o
                0x00000170                DebugMon_Handler
 .text.IntDefaultHandler
                0x00000178        0x8 ./cr_startup_lpc17.o
                0x00000178                TIMER2_IRQHandler
                0x00000178                RIT_IRQHandler
                0x00000178                I2C0_IRQHandler
                0x00000178                USBActivity_IRQHandler
                0x00000178                PWM1_IRQHandler
                0x00000178                EINT2_IRQHandler
                0x00000178                CANActivity_IRQHandler
                0x00000178                TIMER3_IRQHandler
                0x00000178                IntDefaultHandler
                0x00000178                PLL0_IRQHandler
                0x00000178                CAN_IRQHandler
                0x00000178                PLL1_IRQHandler
                0x00000178                SSP0_IRQHandler
                0x00000178                I2S_IRQHandler
                0x00000178                I2C2_IRQHandler
                0x00000178                RTC_IRQHandler
                0x00000178                TIMER0_IRQHandler
                0x00000178                SPI_IRQHandler
                0x00000178                EINT1_IRQHandler
                0x00000178                TIMER1_IRQHandler
                0x00000178                UART2_IRQHandler
                0x00000178                ADC_IRQHandler
                0x00000178                SSP1_IRQHandler
                0x00000178                USB_IRQHandler
                0x00000178                BOD_IRQHandler
                0x00000178                WDT_IRQHandler
                0x00000178                QEI_IRQHandler
                0x00000178                EINT0_IRQHandler
                0x00000178                DMA_IRQHandler
                0x00000178                MCPWM_IRQHandler
                0x00000178                ENET_IRQHandler
 .text.I2C1_IRQHandler
                0x00000180      0x460 ./i2c.o
                0x00000180                I2C1_IRQHandler
 .text.I2CInit  0x000005e0      0x14c ./i2c.o
                0x000005e0                I2CInit
 .text.NVIC_EnableIRQ
                0x0000072c       0x38 ./i2c.o
 .text.__write  0x00000764       0x28 ./retargetPrintf.o
                0x00000764                __write
 .text.__readc  0x0000078c       0x10 ./retargetPrintf.o
                0x0000078c                __readc
 .text.main     0x0000079c       0x9c ./src/main.o
                0x0000079c                main
 .text.mainTask
                0x00000838       0x48 ./src/main.o
 .text.idleTask
                0x00000880       0x44 ./src/main.o
 .text.UART0_IRQHandler
                0x000008c4      0x17c ./HAL_UART/uart.o
                0x000008c4                UART0_IRQHandler
 .text.UART1_IRQHandler
                0x00000a40      0x17c ./HAL_UART/uart.o
                0x00000a40                UART1_IRQHandler
 .text.UART3_IRQHandler
                0x00000bbc      0x17c ./HAL_UART/uart.o
                0x00000bbc                UART3_IRQHandler
 .text.UARTInit
                0x00000d38      0x390 ./HAL_UART/uart.o
                0x00000d38                UARTInit
 .text.NVIC_EnableIRQ
                0x000010c8       0x38 ./HAL_UART/uart.o
 .text.UARTSend
                0x00001100      0x104 ./HAL_UART/uart.o
                0x00001100                UARTSend
 .text.CLKPWR_GetPCLKSEL
                0x00001204       0x54 ./HAL_SPI/lpc17xx_clkpwr.o
                0x00001204                CLKPWR_GetPCLKSEL
 .text.CLKPWR_GetPCLK
                0x00001258       0x70 ./HAL_SPI/lpc17xx_clkpwr.o
                0x00001258                CLKPWR_GetPCLK
 .text.CLKPWR_ConfigPPWR
                0x000012c8       0x7c ./HAL_SPI/lpc17xx_clkpwr.o
                0x000012c8                CLKPWR_ConfigPPWR
 .text.check_failed
                0x00001344        0xc ./HAL_SPI/lpc17xx_libcfg_default.o
                0x00001344                check_failed
 .text.setSSPclock
                0x00001350       0xfc ./HAL_SPI/lpc17xx_ssp.o
 .text.SSP_Init
                0x0000144c       0xc0 ./HAL_SPI/lpc17xx_ssp.o
                0x0000144c                SSP_Init
 .text.SSP_GetDataSize
                0x0000150c       0x4c ./HAL_SPI/lpc17xx_ssp.o
                0x0000150c                SSP_GetDataSize
 .text.SSP_ConfigStructInit
                0x00001558       0x48 ./HAL_SPI/lpc17xx_ssp.o
                0x00001558                SSP_ConfigStructInit
 .text.SSP_Cmd  0x000015a0       0x80 ./HAL_SPI/lpc17xx_ssp.o
                0x000015a0                SSP_Cmd
 .text.SSP_SendData
                0x00001620       0x48 ./HAL_SPI/lpc17xx_ssp.o
                0x00001620                SSP_SendData
 .text.SSP_ReceiveData
                0x00001668       0x48 ./HAL_SPI/lpc17xx_ssp.o
                0x00001668                SSP_ReceiveData
 .text.SSP_ReadWrite
                0x000016b0      0x398 ./HAL_SPI/lpc17xx_ssp.o
                0x000016b0                SSP_ReadWrite
 .text.SSP_ReadWriteWp
                0x00001a48       0xc4 ./HAL_SPI/lpc17xx_ssp.o
                0x00001a48                SSP_ReadWriteWp
 .text.delay_ms
                0x00001b0c       0x20 ./HAL_SPI/main_spi.o
 .text.bmaRead  0x00001b2c       0x9c ./HAL_SPI/main_spi.o
 .text.bmaReadMultiple
                0x00001bc8       0xf4 ./HAL_SPI/main_spi.o
 .text.bmaWrite
                0x00001cbc       0xac ./HAL_SPI/main_spi.o
 .text.bmaInit  0x00001d68       0xfc ./HAL_SPI/main_spi.o
 .text.gpioIntInit
                0x00001e64       0x28 ./HAL_SPI/main_spi.o
                0x00001e64                gpioIntInit
 .text.NVIC_EnableIRQ
                0x00001e8c       0x38 ./HAL_SPI/main_spi.o
 .text.spiInit  0x00001ec4      0x104 ./HAL_SPI/main_spi.o
                0x00001ec4                spiInit
 .text.spiPoll  0x00001fc8      0x14c ./HAL_SPI/main_spi.o
                0x00001fc8                spiPoll
 .text.EINT3_IRQHandler
                0x00002114       0x1c ./HAL_SPI/main_spi.o
                0x00002114                EINT3_IRQHandler
 .text.SystemInit
                0x00002130      0x224 C:\Users\admin\Desktop\Keadrone\CMSISv1p30_LPC17xx\Debug\libCMSISv1p30_LPC17xx.a(system_LPC17xx.o)
                0x00002130                SystemInit
 .text          0x00002354      0x4e8 C:\Users\admin\Desktop\Keadrone\FreeRTOS_Library\Debug\libFreeRTOS_Library.a(queue.o)
                0x0000261c                xQueueGenericSendFromISR
                0x000027b0                xQueueCreate
                0x00002374                vQueueDelete
                0x00002678                xQueueGenericSend
                0x000023c4                xQueueReceiveFromISR
                0x00002824                xQueueCreateCountingSemaphore
                0x00002364                xQueueIsQueueFullFromISR
                0x00002498                xQueueGenericReceive
                0x00002388                uxQueueMessagesWaiting
                0x00002354                uxQueueMessagesWaitingFromISR
                0x00002358                xQueueIsQueueEmptyFromISR
                0x00002764                xQueueCreateMutex
 .text          0x0000283c      0xc64 C:\Users\admin\Desktop\Keadrone\FreeRTOS_Library\Debug\libFreeRTOS_Library.a(tasks.o)
                0x00002cd4                uxTaskPriorityGet
                0x00002f8c                vTaskPrioritySet
                0x000031d0                vTaskEndScheduler
                0x00002cf8                vTaskPlaceOnEventList
                0x00003258                xTaskGenericCreate
                0x0000283c                xTaskIsTaskSuspended
                0x00002bc8                xTaskResumeFromISR
                0x00002cbc                xTaskGetTickCount
                0x00002a4c                xTaskRemoveFromEventList
                0x00003150                vTaskDelete
                0x00002c44                xTaskCheckForTimeOut
                0x00002868                vTaskSuspendAll
                0x0000287c                xTaskGetTickCountFromISR
                0x00002964                vTaskPriorityDisinherit
                0x000029b8                vTaskPriorityInherit
                0x00002e7c                vTaskResume
                0x00002894                vTaskSwitchContext
                0x00002ef8                vTaskSuspend
                0x00002888                uxTaskGetNumberOfTasks
                0x00002ad4                vTaskIncrementTick
                0x000030a4                vTaskDelayUntil
                0x00002954                xTaskGetCurrentTaskHandle
                0x00002d80                xTaskResumeAll
                0x0000344c                vTaskStartScheduler
                0x00002940                vTaskMissedYield
                0x00003040                vTaskDelay
                0x0000292c                vTaskSetTimeOutState
 .text          0x000034a0      0x130 C:\Users\admin\Desktop\Keadrone\FreeRTOS_Library\Debug\libFreeRTOS_Library.a(heap_2.o)
                0x000034a0                xPortGetFreeHeapSize
                0x000034b0                vPortFree
                0x000034ec                pvPortMalloc
                0x000034ac                vPortInitialiseBlocks
 .text          0x000035d0      0x16c C:\Users\admin\Desktop\Keadrone\FreeRTOS_Library\Debug\libFreeRTOS_Library.a(port.o)
                0x00003650                vPortExitCritical
                0x000036a8                xPortStartScheduler
                0x00003710                xPortSysTickHandler
                0x0000366c                xPortPendSVHandler
                0x00003620                vPortEndScheduler
                0x00003614                vPortStartFirstTask
                0x000035f4                vPortSVCHandler
                0x00003624                vPortYieldFromISR
                0x000035d0                pxPortInitialiseStack
                0x00003634                vPortEnterCritical
 .text          0x0000373c       0xa8 C:\Users\admin\Desktop\Keadrone\FreeRTOS_Library\Debug\libFreeRTOS_Library.a(list.o)
                0x0000375c                vListInsertEnd
                0x000037bc                vListRemove
                0x00003754                vListInitialiseItem
                0x0000373c                vListInitialise
                0x0000377c                vListInsert
 .text          0x000037e4       0x54 c:/nxp/lpcxpresso_3.6/tools/bin/../lib/gcc/arm-none-eabi/4.3.3/../../../../arm-none-eabi/lib/thumb2\libcr_nohost.a(_cr__main.o)
                0x000037e4                __main
 .text._init_alloc
                0x00003838       0x18 c:/nxp/lpcxpresso_3.6/tools/bin/../lib/gcc/arm-none-eabi/4.3.3/../../../../arm-none-eabi/lib/thumb2\libcr_c.a(__init_alloc.o)
                0x00003838                _init_alloc
 .text          0x00003850      0x36c c:/nxp/lpcxpresso_3.6/tools/bin/../lib/gcc/arm-none-eabi/4.3.3/../../../../arm-none-eabi/lib/thumb2\libcr_c.a(ctype.o)
                0x00003850                _start_module_ctype
                0x00003924                islower
                0x00003a14                tolower
                0x00003974                ispunct
                0x0000399c                isspace
                0x00003bb0                _end_module_ctype
                0x000039ec                isxdigit
                0x00003b2c                _ctype_init
                0x000039c4                isupper
                0x00003884                isalpha
                0x000038fc                isgraph
                0x0000385c                isalnum
                0x0000394c                isprint
                0x00003a8c                _set_ctype_8859
                0x000038d4                isdigit
                0x000038ac                iscntrl
                0x00003a50                toupper
 .text.fp_round
                0x00003bbc       0x68 c:/nxp/lpcxpresso_3.6/tools/bin/../lib/gcc/arm-none-eabi/4.3.3/../../../../arm-none-eabi/lib/thumb2\libcr_c.a(fpprintf.o)
 .text.sprintf  0x00003c24       0x70 c:/nxp/lpcxpresso_3.6/tools/bin/../lib/gcc/arm-none-eabi/4.3.3/../../../../arm-none-eabi/lib/thumb2\libcr_c.a(fpprintf.o)
                0x00003c24                sprintf
 *fill*         0x00003c94        0x4 00
 .text.fp_display
                0x00003c98      0xc68 c:/nxp/lpcxpresso_3.6/tools/bin/../lib/gcc/arm-none-eabi/4.3.3/../../../../arm-none-eabi/lib/thumb2\libcr_c.a(fpprintf.o)
 .text.printf   0x00004900       0x38 c:/nxp/lpcxpresso_3.6/tools/bin/../lib/gcc/arm-none-eabi/4.3.3/../../../../arm-none-eabi/lib/thumb2\libcr_c.a(fpprintf.o)
                0x00004900                printf
 .text._terminateio
                0x00004938       0x44 c:/nxp/lpcxpresso_3.6/tools/bin/../lib/gcc/arm-none-eabi/4.3.3/../../../../arm-none-eabi/lib/thumb2\libcr_c.a(initio.o)
                0x00004938                _terminateio
 .text._initio  0x0000497c       0xc0 c:/nxp/lpcxpresso_3.6/tools/bin/../lib/gcc/arm-none-eabi/4.3.3/../../../../arm-none-eabi/lib/thumb2\libcr_c.a(initio.o)
                0x0000497c                _initio
 .text.memcpy   0x00004a3c       0x3c c:/nxp/lpcxpresso_3.6/tools/bin/../lib/gcc/arm-none-eabi/4.3.3/../../../../arm-none-eabi/lib/thumb2\libcr_c.a(memcpy.o)
                0x00004a3c                memcpy
 .text.memset   0x00004a78       0x50 c:/nxp/lpcxpresso_3.6/tools/bin/../lib/gcc/arm-none-eabi/4.3.3/../../../../arm-none-eabi/lib/thumb2\libcr_c.a(memset.o)
                0x00004a78                memset
 .text.__vfprintf
                0x00004ac8     0x10fc c:/nxp/lpcxpresso_3.6/tools/bin/../lib/gcc/arm-none-eabi/4.3.3/../../../../arm-none-eabi/lib/thumb2\libcr_c.a(printf.o)
                0x00004ac8                __vfprintf
 .text.setvbuf  0x00005bc4       0x50 c:/nxp/lpcxpresso_3.6/tools/bin/../lib/gcc/arm-none-eabi/4.3.3/../../../../arm-none-eabi/lib/thumb2\libcr_c.a(setvbuf.o)
                0x00005bc4                setvbuf
 .text._exit_init
                0x00005c14       0x10 c:/nxp/lpcxpresso_3.6/tools/bin/../lib/gcc/arm-none-eabi/4.3.3/../../../../arm-none-eabi/lib/thumb2\libcr_c.a(stdlib.o)
                0x00005c14                _exit_init
 .text.exit     0x00005c24       0x38 c:/nxp/lpcxpresso_3.6/tools/bin/../lib/gcc/arm-none-eabi/4.3.3/../../../../arm-none-eabi/lib/thumb2\libcr_c.a(stdlib.o)
                0x00005c24                exit
 .text.strcpy   0x00005c5c       0x60 c:/nxp/lpcxpresso_3.6/tools/bin/../lib/gcc/arm-none-eabi/4.3.3/../../../../arm-none-eabi/lib/thumb2\libcr_c.a(strcpy.o)
                0x00005c5c                strcpy
 .text.strlen   0x00005cbc       0x58 c:/nxp/lpcxpresso_3.6/tools/bin/../lib/gcc/arm-none-eabi/4.3.3/../../../../arm-none-eabi/lib/thumb2\libcr_c.a(strlen.o)
                0x00005cbc                strlen
 .text.strncpy  0x00005d14       0x78 c:/nxp/lpcxpresso_3.6/tools/bin/../lib/gcc/arm-none-eabi/4.3.3/../../../../arm-none-eabi/lib/thumb2\libcr_c.a(strncpy.o)
                0x00005d14                strncpy
 .text._deferredlazyseek
                0x00005d8c       0x44 c:/nxp/lpcxpresso_3.6/tools/bin/../lib/gcc/arm-none-eabi/4.3.3/../../../../arm-none-eabi/lib/thumb2\libcr_c.a(_deferredlazyseek.o)
                0x00005d8c                _deferredlazyseek
 .text.__flsbuf
                0x00005dd0      0x19c c:/nxp/lpcxpresso_3.6/tools/bin/../lib/gcc/arm-none-eabi/4.3.3/../../../../arm-none-eabi/lib/thumb2\libcr_c.a(_deferredlazyseek.o)
                0x00005dd0                __flsbuf
 .text._fdopen  0x00005f6c       0x70 c:/nxp/lpcxpresso_3.6/tools/bin/../lib/gcc/arm-none-eabi/4.3.3/../../../../arm-none-eabi/lib/thumb2\libcr_c.a(_fdopen.o)
                0x00005f6c                _fdopen
 .text._fflush  0x00005fdc       0x60 c:/nxp/lpcxpresso_3.6/tools/bin/../lib/gcc/arm-none-eabi/4.3.3/../../../../arm-none-eabi/lib/thumb2\libcr_c.a(_fflush.o)
                0x00005fdc                _fflush
 .text._frexpl  0x0000603c       0x54 c:/nxp/lpcxpresso_3.6/tools/bin/../lib/gcc/arm-none-eabi/4.3.3/../../../../arm-none-eabi/lib/thumb2\libcr_c.a(_frexpl.o)
                0x0000603c                _frexpl
 .text._ldexpl  0x00006090       0x50 c:/nxp/lpcxpresso_3.6/tools/bin/../lib/gcc/arm-none-eabi/4.3.3/../../../../arm-none-eabi/lib/thumb2\libcr_c.a(_ldexpl.o)
                0x00006090                _ldexpl
 .text._Cwritebuf
                0x000060e0       0xa0 c:/nxp/lpcxpresso_3.6/tools/bin/../lib/gcc/arm-none-eabi/4.3.3/../../../../arm-none-eabi/lib/thumb2\libcr_c.a(_writebuf.o)
                0x000060e0                _Cwritebuf
 .text.free     0x00006180        0xc c:/nxp/lpcxpresso_3.6/tools/bin/../lib/gcc/arm-none-eabi/4.3.3/../../../../arm-none-eabi/lib/thumb2\libcr_c.a(alloc.o)
                0x00006180                free
 .text.malloc   0x0000618c       0xe8 c:/nxp/lpcxpresso_3.6/tools/bin/../lib/gcc/arm-none-eabi/4.3.3/../../../../arm-none-eabi/lib/thumb2\libcr_c.a(alloc.o)
                0x0000618c                malloc
 .text._Csys_alloc
                0x00006274       0x30 c:/nxp/lpcxpresso_3.6/tools/bin/../lib/gcc/arm-none-eabi/4.3.3/../../../../arm-none-eabi/lib/thumb2\libcr_c.a(alloc.o)
                0x00006274                _Csys_alloc
 .text.calloc   0x000062a4       0x68 c:/nxp/lpcxpresso_3.6/tools/bin/../lib/gcc/arm-none-eabi/4.3.3/../../../../arm-none-eabi/lib/thumb2\libcr_c.a(alloc.o)
                0x000062a4                calloc
 .text._Csysdie
                0x0000630c       0x3c c:/nxp/lpcxpresso_3.6/tools/bin/../lib/gcc/arm-none-eabi/4.3.3/../../../../arm-none-eabi/lib/thumb2\libcr_c.a(error.o)
                0x0000630c                _Csysdie
 .text.fclose   0x00006348       0x80 c:/nxp/lpcxpresso_3.6/tools/bin/../lib/gcc/arm-none-eabi/4.3.3/../../../../arm-none-eabi/lib/thumb2\libcr_c.a(fclose.o)
                0x00006348                fclose
 .text.fflush   0x000063c8       0x34 c:/nxp/lpcxpresso_3.6/tools/bin/../lib/gcc/arm-none-eabi/4.3.3/../../../../arm-none-eabi/lib/thumb2\libcr_c.a(fflush.o)
                0x000063c8                fflush
 .text.fseek    0x000063fc      0x110 c:/nxp/lpcxpresso_3.6/tools/bin/../lib/gcc/arm-none-eabi/4.3.3/../../../../arm-none-eabi/lib/thumb2\libcr_c.a(fseek.o)
                0x000063fc                fseek
 .text.ftell    0x0000650c       0x54 c:/nxp/lpcxpresso_3.6/tools/bin/../lib/gcc/arm-none-eabi/4.3.3/../../../../arm-none-eabi/lib/thumb2\libcr_c.a(ftell.o)
                0x0000650c                ftell
 .text.remove   0x00006560        0xc c:/nxp/lpcxpresso_3.6/tools/bin/../lib/gcc/arm-none-eabi/4.3.3/../../../../arm-none-eabi/lib/thumb2\libcr_c.a(remove.o)
                0x00006560                remove
 .text._do_fflush
                0x0000656c       0x48 c:/nxp/lpcxpresso_3.6/tools/bin/../lib/gcc/arm-none-eabi/4.3.3/../../../../arm-none-eabi/lib/thumb2\libcr_c.a(_do_fflush.o)
                0x0000656c                _do_fflush
 .text.__aeabi_dmul
                0x000065b4      0x178 c:/nxp/lpcxpresso_3.6/tools/bin/../lib/gcc/arm-none-eabi/4.3.3/thumb2\libcr_eabihelpers.a(double.o)
                0x000065b4                __aeabi_dmul
 .text.__aeabi_ddiv
                0x0000672c      0x20c c:/nxp/lpcxpresso_3.6/tools/bin/../lib/gcc/arm-none-eabi/4.3.3/thumb2\libcr_eabihelpers.a(double.o)
                0x0000672c                __aeabi_ddiv
 .text.__aeabi_dsub
                0x00006938      0x230 c:/nxp/lpcxpresso_3.6/tools/bin/../lib/gcc/arm-none-eabi/4.3.3/thumb2\libcr_eabihelpers.a(double.o)
                0x00006938                __aeabi_dsub
 .text.__aeabi_dadd
                0x00006b68      0x160 c:/nxp/lpcxpresso_3.6/tools/bin/../lib/gcc/arm-none-eabi/4.3.3/thumb2\libcr_eabihelpers.a(double.o)
                0x00006b68                __aeabi_dadd
 .text.__aeabi_d2iz
                0x00006cc8       0x50 c:/nxp/lpcxpresso_3.6/tools/bin/../lib/gcc/arm-none-eabi/4.3.3/thumb2\libcr_eabihelpers.a(double.o)
                0x00006cc8                __aeabi_d2iz
 .text.__aeabi_dcmpeq
                0x00006d18       0x4c c:/nxp/lpcxpresso_3.6/tools/bin/../lib/gcc/arm-none-eabi/4.3.3/thumb2\libcr_eabihelpers.a(double.o)
                0x00006d18                __aeabi_dcmpeq
 .text.__aeabi_dcmplt
                0x00006d64       0x74 c:/nxp/lpcxpresso_3.6/tools/bin/../lib/gcc/arm-none-eabi/4.3.3/thumb2\libcr_eabihelpers.a(double.o)
                0x00006d64                __aeabi_dcmplt
 .text.__aeabi_dcmple
                0x00006dd8       0x7c c:/nxp/lpcxpresso_3.6/tools/bin/../lib/gcc/arm-none-eabi/4.3.3/thumb2\libcr_eabihelpers.a(double.o)
                0x00006dd8                __aeabi_dcmple
 .text.__aeabi_dcmpge
                0x00006e54       0x80 c:/nxp/lpcxpresso_3.6/tools/bin/../lib/gcc/arm-none-eabi/4.3.3/thumb2\libcr_eabihelpers.a(double.o)
                0x00006e54                __aeabi_dcmpge
 .text.__aeabi_i2d
                0x00006ed4       0x50 c:/nxp/lpcxpresso_3.6/tools/bin/../lib/gcc/arm-none-eabi/4.3.3/thumb2\libcr_eabihelpers.a(double.o)
                0x00006ed4                __aeabi_i2d
 .text          0x00006f24       0x24 c:/nxp/lpcxpresso_3.6/tools/bin/../lib/gcc/arm-none-eabi/4.3.3/../../../../arm-none-eabi/lib/thumb2\libcr_nohost.a(_cr_sbrk.o)
                0x00006f24                _sbrk
 .text          0x00006f48      0x13c c:/nxp/lpcxpresso_3.6/tools/bin/../lib/gcc/arm-none-eabi/4.3.3/../../../../arm-none-eabi/lib/thumb2\libcr_nohost.a(cr_sys.o)
                0x00006fac                _Csys_read_
                0x00007014                _Csyscall2
                0x00006f48                _Csyscall0
                0x00006f6c                _Csys_tmpnam_
                0x00006f64                _Csys_open
                0x00006fcc                _Csyscall3
                0x00007034                _Csyscall1
 .text          0x00007084        0x4 c:/nxp/lpcxpresso_3.6/tools/bin/../lib/gcc/arm-none-eabi/4.3.3/../../../../arm-none-eabi/lib/thumb2\libcr_nohost.a(cr__close.o)
                0x00007084                __close
 .text          0x00007088        0x4 c:/nxp/lpcxpresso_3.6/tools/bin/../lib/gcc/arm-none-eabi/4.3.3/../../../../arm-none-eabi/lib/thumb2\libcr_nohost.a(cr__exit.o)
                0x00007088                __exit
 .text          0x0000708c        0x8 c:/nxp/lpcxpresso_3.6/tools/bin/../lib/gcc/arm-none-eabi/4.3.3/../../../../arm-none-eabi/lib/thumb2\libcr_nohost.a(cr__open.o)
                0x0000708c                __open
 .text          0x00007094        0x8 c:/nxp/lpcxpresso_3.6/tools/bin/../lib/gcc/arm-none-eabi/4.3.3/../../../../arm-none-eabi/lib/thumb2\libcr_nohost.a(cr__read.o)
                0x00007094                __read
 .text          0x0000709c        0x8 c:/nxp/lpcxpresso_3.6/tools/bin/../lib/gcc/arm-none-eabi/4.3.3/../../../../arm-none-eabi/lib/thumb2\libcr_nohost.a(cr__unlink.o)
                0x0000709c                __unlink
 .text          0x000070a4       0x18 c:/nxp/lpcxpresso_3.6/tools/bin/../lib/gcc/arm-none-eabi/4.3.3/../../../../arm-none-eabi/lib/thumb2\libcr_nohost.a(cr_dummy_stubs.o)
                0x000070ac                _stub_istty
                0x000070a8                _stub_clock
                0x000070b4                _stub_read
                0x000070a4                _stub_tmpnam
                0x000070b0                _stub_seek
                0x000070b8                _stub_time
 *(.rodata*)
 .rodata        0x000070bc       0x1c ./src/main.o
 .rodata        0x000070d8       0x1c ./HAL_SPI/lpc17xx_ssp.o
 .rodata        0x000070f4       0x34 ./HAL_SPI/main_spi.o
 .rodata.str1.4
                0x00007128        0x5 C:\Users\admin\Desktop\Keadrone\FreeRTOS_Library\Debug\libFreeRTOS_Library.a(tasks.o)
                                  0x8 (size before relaxing)
 *fill*         0x0000712d        0x3 00
 .rodata.str1.4
                0x00007130       0x43 c:/nxp/lpcxpresso_3.6/tools/bin/../lib/gcc/arm-none-eabi/4.3.3/../../../../arm-none-eabi/lib/thumb2\libcr_c.a(fpprintf.o)
                                 0x48 (size before relaxing)
 *fill*         0x00007173        0x1 00
 .rodata.str1.4
                0x00007174        0x6 c:/nxp/lpcxpresso_3.6/tools/bin/../lib/gcc/arm-none-eabi/4.3.3/../../../../arm-none-eabi/lib/thumb2\libcr_c.a(initio.o)
                                  0x8 (size before relaxing)
 *fill*         0x0000717a        0x2 00
 .rodata.str1.4
                0x0000717c       0x3a c:/nxp/lpcxpresso_3.6/tools/bin/../lib/gcc/arm-none-eabi/4.3.3/../../../../arm-none-eabi/lib/thumb2\libcr_c.a(printf.o)
                                 0x4c (size before relaxing)
 *fill*         0x000071b6        0x2 00
 .rodata.str1.4
                0x000071b8       0x63 c:/nxp/lpcxpresso_3.6/tools/bin/../lib/gcc/arm-none-eabi/4.3.3/../../../../arm-none-eabi/lib/thumb2\libcr_c.a(alloc.o)
                                 0x64 (size before relaxing)
 *fill*         0x0000721b        0x1 00
 .rodata.str1.4
                0x0000721c      0x10c c:/nxp/lpcxpresso_3.6/tools/bin/../lib/gcc/arm-none-eabi/4.3.3/../../../../arm-none-eabi/lib/thumb2\libcr_c.a(error.o)
                                0x110 (size before relaxing)
 .rodata.__huge_vall
                0x00007328        0x8 c:/nxp/lpcxpresso_3.6/tools/bin/../lib/gcc/arm-none-eabi/4.3.3/../../../../arm-none-eabi/lib/thumb2\libcr_c.a(_hugeval.o)
                0x00007328                __huge_vall
 .rodata.str1.1
                0x00007330        0xc c:/nxp/lpcxpresso_3.6/tools/bin/../lib/gcc/arm-none-eabi/4.3.3/../../../../arm-none-eabi/lib/thumb2\libcr_nohost.a(cr_sys.o)

.glue_7         0x0000733c        0x0
 .glue_7        0x00000000        0x0 linker stubs

.glue_7t        0x0000733c        0x0
 .glue_7t       0x00000000        0x0 linker stubs

.vfp11_veneer   0x0000733c        0x0
 .vfp11_veneer  0x00000000        0x0 linker stubs

.v4_bx          0x0000733c        0x0
 .v4_bx         0x00000000        0x0 linker stubs

.ARM.extab
 *(.ARM.extab* .gnu.linkonce.armextab.*)
                0x0000733c                __exidx_start = .

.ARM.exidx
 *(.ARM.exidx* .gnu.linkonce.armexidx.*)
                0x0000733c                __exidx_end = .
                0x0000733c                _etext = .

.uninit_RESERVED
 *(.bss.$RESERVED*)

.data           0x10000000      0x214 load address 0x0000733c
 FILL mask 0xff
                0x10000000                _data = .
 *(vtable)
 *(.data*)
 .data          0x10000000        0x3 ./HAL_UART/uart.o
                0x10000002                UART3TxEmpty
                0x10000000                UART0TxEmpty
                0x10000001                UART1TxEmpty
 *fill*         0x10000003        0x1 00
 .data          0x10000004        0x4 C:\Users\admin\Desktop\Keadrone\CMSISv1p30_LPC17xx\Debug\libCMSISv1p30_LPC17xx.a(system_LPC17xx.o)
                0x10000004                SystemCoreClock
 .data          0x10000008        0x4 C:\Users\admin\Desktop\Keadrone\FreeRTOS_Library\Debug\libFreeRTOS_Library.a(heap_2.o)
 .data          0x1000000c        0x4 C:\Users\admin\Desktop\Keadrone\FreeRTOS_Library\Debug\libFreeRTOS_Library.a(port.o)
 .data          0x10000010      0x204 c:/nxp/lpcxpresso_3.6/tools/bin/../lib/gcc/arm-none-eabi/4.3.3/../../../../arm-none-eabi/lib/thumb2\libcr_c.a(ctype.o)
                0x10000010                __ctype
                0x10000214                _edata = .

.bss            0x10000218      0xddc load address 0x00007550
                0x10000218                _bss = .
 *(.bss*)
 .bss           0x10000218       0x14 ./i2c.o
                0x10000224                RdIndex
                0x10000218                I2CMasterState
                0x1000021c                I2CSlaveState
                0x10000220                I2CCount
                0x10000228                WrIndex
 .bss           0x1000022c        0x4 ./src/main.o
 .bss           0x10000230        0xc ./HAL_UART/uart.o
                0x10000230                UART0Count
                0x10000238                UART3Count
                0x10000234                UART1Count
 .bss           0x1000023c       0x1a ./HAL_SPI/main_spi.o
 *fill*         0x10000256        0x2 00
 .bss           0x10000258      0x100 C:\Users\admin\Desktop\Keadrone\FreeRTOS_Library\Debug\libFreeRTOS_Library.a(tasks.o)
                0x100002f8                pxCurrentTCB
 .bss           0x10000358      0x818 C:\Users\admin\Desktop\Keadrone\FreeRTOS_Library\Debug\libFreeRTOS_Library.a(heap_2.o)
 .bss.sys_message
                0x10000b70       0x3c c:/nxp/lpcxpresso_3.6/tools/bin/../lib/gcc/arm-none-eabi/4.3.3/../../../../arm-none-eabi/lib/thumb2\libcr_c.a(alloc.o)
 .bss           0x10000bac        0x4 c:/nxp/lpcxpresso_3.6/tools/bin/../lib/gcc/arm-none-eabi/4.3.3/../../../../arm-none-eabi/lib/thumb2\libcr_nohost.a(cr_sys.o)
 *(COMMON)
 COMMON         0x10000bb0       0x54 ./i2c.o
                0x10000bb0                I2CReadLength
                0x10000bb4                I2CSlaveBuffer
                0x10000bd4                I2CMode
                0x10000bd8                I2CMasterBuffer
                0x10000bf8                I2CCmd
                0x10000bfc                I2CWriteLength
                0x10000c00                LPC_I2Cx
 COMMON         0x10000c04       0xcc ./HAL_UART/uart.o
                0x10000c04                UART1Buffer
                0x10000c44                UART3Status
                0x10000c48                UART0Buffer
                0x10000c88                UART1Status
                0x10000c8c                UART3Buffer
                0x10000ccc                UART0Status
 COMMON         0x10000cd0        0x8 ./HAL_SPI/main_spi.o
                0x10000cd0                acc
 COMMON         0x10000cd8        0x8 c:/nxp/lpcxpresso_3.6/tools/bin/../lib/gcc/arm-none-eabi/4.3.3/../../../../arm-none-eabi/lib/thumb2\libcr_nohost.a(_cr__main.o)
                0x10000cd8                errno
                0x10000cdc                _error_recursion
 COMMON         0x10000ce0        0x8 c:/nxp/lpcxpresso_3.6/tools/bin/../lib/gcc/arm-none-eabi/4.3.3/../../../../arm-none-eabi/lib/thumb2\libcr_c.a(__init_alloc.o)
                0x10000ce0                __heaps
                0x10000ce4                __end_of_heap
 COMMON         0x10000ce8        0x4 c:/nxp/lpcxpresso_3.6/tools/bin/../lib/gcc/arm-none-eabi/4.3.3/../../../../arm-none-eabi/lib/thumb2\libcr_c.a(initio.o)
                0x10000ce8                _extra
 COMMON         0x10000cec      0x280 c:/nxp/lpcxpresso_3.6/tools/bin/../lib/gcc/arm-none-eabi/4.3.3/../../../../arm-none-eabi/lib/thumb2\libcr_c.a(stdio.o)
                0x10000cec                __Ciob
 COMMON         0x10000f6c       0x88 c:/nxp/lpcxpresso_3.6/tools/bin/../lib/gcc/arm-none-eabi/4.3.3/../../../../arm-none-eabi/lib/thumb2\libcr_c.a(stdlib.o)
                0x10000f6c                _exitvector
                0x10000ff0                _number_of_exit_functions
                0x10000ff4                _ebss = .
                0x10000ff4                PROVIDE (end, .)
                0x10000ff4                PROVIDE (_pvHeapStart, .)
                0x10002000                PROVIDE (_vStackTop, (__top_RamLoc8 - 0x0))
OUTPUT(SimpleDemo.axf elf32-littlearm)

.debug_abbrev   0x00000000     0x15b2
 .debug_abbrev  0x00000000       0xbd ./cr_startup_lpc17.o
 .debug_abbrev  0x000000bd      0x1cd ./i2c.o
 .debug_abbrev  0x0000028a       0x85 ./retargetPrintf.o
 .debug_abbrev  0x0000030f      0x12b ./src/main.o
 .debug_abbrev  0x0000043a      0x1dd ./HAL_UART/uart.o
 .debug_abbrev  0x00000617      0x17d ./HAL_SPI/lpc17xx_clkpwr.o
 .debug_abbrev  0x00000794       0x6a ./HAL_SPI/lpc17xx_libcfg_default.o
 .debug_abbrev  0x000007fe      0x1a6 ./HAL_SPI/lpc17xx_ssp.o
 .debug_abbrev  0x000009a4      0x22d ./HAL_SPI/main_spi.o
 .debug_abbrev  0x00000bd1      0x104 ./HAL_Analog/analog.o
 .debug_abbrev  0x00000cd5       0xc6 C:\Users\admin\Desktop\Keadrone\CMSISv1p30_LPC17xx\Debug\libCMSISv1p30_LPC17xx.a(system_LPC17xx.o)
 .debug_abbrev  0x00000d9b      0x1bf C:\Users\admin\Desktop\Keadrone\FreeRTOS_Library\Debug\libFreeRTOS_Library.a(queue.o)
 .debug_abbrev  0x00000f5a      0x270 C:\Users\admin\Desktop\Keadrone\FreeRTOS_Library\Debug\libFreeRTOS_Library.a(tasks.o)
 .debug_abbrev  0x000011ca      0x1a3 C:\Users\admin\Desktop\Keadrone\FreeRTOS_Library\Debug\libFreeRTOS_Library.a(heap_2.o)
 .debug_abbrev  0x0000136d      0x159 C:\Users\admin\Desktop\Keadrone\FreeRTOS_Library\Debug\libFreeRTOS_Library.a(port.o)
 .debug_abbrev  0x000014c6       0xec C:\Users\admin\Desktop\Keadrone\FreeRTOS_Library\Debug\libFreeRTOS_Library.a(list.o)

.debug_info     0x00000000     0x656b
 .debug_info    0x00000000      0x1ec ./cr_startup_lpc17.o
 .debug_info    0x000001ec      0xaec ./i2c.o
 .debug_info    0x00000cd8       0xf5 ./retargetPrintf.o
 .debug_info    0x00000dcd      0x638 ./src/main.o
 .debug_info    0x00001405      0xefa ./HAL_UART/uart.o
 .debug_info    0x000022ff      0x641 ./HAL_SPI/lpc17xx_clkpwr.o
 .debug_info    0x00002940       0xcd ./HAL_SPI/lpc17xx_libcfg_default.o
 .debug_info    0x00002a0d      0x823 ./HAL_SPI/lpc17xx_ssp.o
 .debug_info    0x00003230      0xd1e ./HAL_SPI/main_spi.o
 .debug_info    0x00003f4e      0x5eb ./HAL_Analog/analog.o
 .debug_info    0x00004539      0x362 C:\Users\admin\Desktop\Keadrone\CMSISv1p30_LPC17xx\Debug\libCMSISv1p30_LPC17xx.a(system_LPC17xx.o)
 .debug_info    0x0000489b      0x7ee C:\Users\admin\Desktop\Keadrone\FreeRTOS_Library\Debug\libFreeRTOS_Library.a(queue.o)
 .debug_info    0x00005089      0xd54 C:\Users\admin\Desktop\Keadrone\FreeRTOS_Library\Debug\libFreeRTOS_Library.a(tasks.o)
 .debug_info    0x00005ddd      0x2c6 C:\Users\admin\Desktop\Keadrone\FreeRTOS_Library\Debug\libFreeRTOS_Library.a(heap_2.o)
 .debug_info    0x000060a3      0x20f C:\Users\admin\Desktop\Keadrone\FreeRTOS_Library\Debug\libFreeRTOS_Library.a(port.o)
 .debug_info    0x000062b2      0x2b9 C:\Users\admin\Desktop\Keadrone\FreeRTOS_Library\Debug\libFreeRTOS_Library.a(list.o)

.debug_line     0x00000000     0x40b7
 .debug_line    0x00000000      0x33d ./cr_startup_lpc17.o
 .debug_line    0x0000033d      0x3ad ./i2c.o
 .debug_line    0x000006ea      0x2a0 ./retargetPrintf.o
 .debug_line    0x0000098a      0x4a9 ./src/main.o
 .debug_line    0x00000e33      0x3b0 ./HAL_UART/uart.o
 .debug_line    0x000011e3      0x381 ./HAL_SPI/lpc17xx_clkpwr.o
 .debug_line    0x00001564      0x274 ./HAL_SPI/lpc17xx_libcfg_default.o
 .debug_line    0x000017d8      0x512 ./HAL_SPI/lpc17xx_ssp.o
 .debug_line    0x00001cea      0x54c ./HAL_SPI/main_spi.o
 .debug_line    0x00002236      0x2c4 ./HAL_Analog/analog.o
 .debug_line    0x000024fa      0x2e9 C:\Users\admin\Desktop\Keadrone\CMSISv1p30_LPC17xx\Debug\libCMSISv1p30_LPC17xx.a(system_LPC17xx.o)
 .debug_line    0x000027e3      0x585 C:\Users\admin\Desktop\Keadrone\FreeRTOS_Library\Debug\libFreeRTOS_Library.a(queue.o)
 .debug_line    0x00002d68      0x645 C:\Users\admin\Desktop\Keadrone\FreeRTOS_Library\Debug\libFreeRTOS_Library.a(tasks.o)
 .debug_line    0x000033ad      0x465 C:\Users\admin\Desktop\Keadrone\FreeRTOS_Library\Debug\libFreeRTOS_Library.a(heap_2.o)
 .debug_line    0x00003812      0x459 C:\Users\admin\Desktop\Keadrone\FreeRTOS_Library\Debug\libFreeRTOS_Library.a(port.o)
 .debug_line    0x00003c6b      0x44c C:\Users\admin\Desktop\Keadrone\FreeRTOS_Library\Debug\libFreeRTOS_Library.a(list.o)

.debug_macinfo  0x00000000    0x73ed3
 .debug_macinfo
                0x00000000     0x267e ./cr_startup_lpc17.o
 .debug_macinfo
                0x0000267e     0x816a ./i2c.o
 .debug_macinfo
                0x0000a7e8     0x2909 ./retargetPrintf.o
 .debug_macinfo
                0x0000d0f1     0xa0d9 ./src/main.o
 .debug_macinfo
                0x000171ca     0x6bbf ./HAL_UART/uart.o
 .debug_macinfo
                0x0001dd89     0x7f61 ./HAL_SPI/lpc17xx_clkpwr.o
 .debug_macinfo
                0x00025cea     0x2974 ./HAL_SPI/lpc17xx_libcfg_default.o
 .debug_macinfo
                0x0002865e     0x9224 ./HAL_SPI/lpc17xx_ssp.o
 .debug_macinfo
                0x00031882     0xa091 ./HAL_SPI/main_spi.o
 .debug_macinfo
                0x0003b913     0x6b6d ./HAL_Analog/analog.o
 .debug_macinfo
                0x00042480     0x6d5c C:\Users\admin\Desktop\Keadrone\CMSISv1p30_LPC17xx\Debug\libCMSISv1p30_LPC17xx.a(system_LPC17xx.o)
 .debug_macinfo
                0x000491dc     0x8e16 C:\Users\admin\Desktop\Keadrone\FreeRTOS_Library\Debug\libFreeRTOS_Library.a(queue.o)
 .debug_macinfo
                0x00051ff2     0x8cc6 C:\Users\admin\Desktop\Keadrone\FreeRTOS_Library\Debug\libFreeRTOS_Library.a(tasks.o)
 .debug_macinfo
                0x0005acb8     0x88ca C:\Users\admin\Desktop\Keadrone\FreeRTOS_Library\Debug\libFreeRTOS_Library.a(heap_2.o)
 .debug_macinfo
                0x00063582     0x8734 C:\Users\admin\Desktop\Keadrone\FreeRTOS_Library\Debug\libFreeRTOS_Library.a(port.o)
 .debug_macinfo
                0x0006bcb6     0x821d C:\Users\admin\Desktop\Keadrone\FreeRTOS_Library\Debug\libFreeRTOS_Library.a(list.o)

.debug_frame    0x00000000      0xeb8
 .debug_frame   0x00000000      0x120 ./cr_startup_lpc17.o
 .debug_frame   0x00000120       0xbc ./i2c.o
 .debug_frame   0x000001dc       0x4c ./retargetPrintf.o
 .debug_frame   0x00000228       0x70 ./src/main.o
 .debug_frame   0x00000298       0xbc ./HAL_UART/uart.o
 .debug_frame   0x00000354      0x10c ./HAL_SPI/lpc17xx_clkpwr.o
 .debug_frame   0x00000460       0x2c ./HAL_SPI/lpc17xx_libcfg_default.o
 .debug_frame   0x0000048c      0x26c ./HAL_SPI/lpc17xx_ssp.o
 .debug_frame   0x000006f8      0x140 ./HAL_SPI/main_spi.o
 .debug_frame   0x00000838       0x44 ./HAL_Analog/analog.o
 .debug_frame   0x0000087c       0x48 C:\Users\admin\Desktop\Keadrone\CMSISv1p30_LPC17xx\Debug\libCMSISv1p30_LPC17xx.a(system_LPC17xx.o)
 .debug_frame   0x000008c4      0x198 C:\Users\admin\Desktop\Keadrone\FreeRTOS_Library\Debug\libFreeRTOS_Library.a(queue.o)
 .debug_frame   0x00000a5c      0x2c8 C:\Users\admin\Desktop\Keadrone\FreeRTOS_Library\Debug\libFreeRTOS_Library.a(tasks.o)
 .debug_frame   0x00000d24       0x6c C:\Users\admin\Desktop\Keadrone\FreeRTOS_Library\Debug\libFreeRTOS_Library.a(heap_2.o)
 .debug_frame   0x00000d90       0xc0 C:\Users\admin\Desktop\Keadrone\FreeRTOS_Library\Debug\libFreeRTOS_Library.a(port.o)
 .debug_frame   0x00000e50       0x68 C:\Users\admin\Desktop\Keadrone\FreeRTOS_Library\Debug\libFreeRTOS_Library.a(list.o)

.debug_loc      0x00000000     0x2076
 .debug_loc     0x00000000      0x1e5 ./cr_startup_lpc17.o
 .debug_loc     0x000001e5      0x13e ./i2c.o
 .debug_loc     0x00000323       0x6e ./retargetPrintf.o
 .debug_loc     0x00000391       0xa5 ./src/main.o
 .debug_loc     0x00000436      0x14a ./HAL_UART/uart.o
 .debug_loc     0x00000580      0x1b3 ./HAL_SPI/lpc17xx_clkpwr.o
 .debug_loc     0x00000733       0x37 ./HAL_SPI/lpc17xx_libcfg_default.o
 .debug_loc     0x0000076a      0x415 ./HAL_SPI/lpc17xx_ssp.o
 .debug_loc     0x00000b7f      0x202 ./HAL_SPI/main_spi.o
 .debug_loc     0x00000d81       0x62 ./HAL_Analog/analog.o
 .debug_loc     0x00000de3       0x56 C:\Users\admin\Desktop\Keadrone\CMSISv1p30_LPC17xx\Debug\libCMSISv1p30_LPC17xx.a(system_LPC17xx.o)
 .debug_loc     0x00000e39      0x6d5 C:\Users\admin\Desktop\Keadrone\FreeRTOS_Library\Debug\libFreeRTOS_Library.a(queue.o)
 .debug_loc     0x0000150e      0x8dc C:\Users\admin\Desktop\Keadrone\FreeRTOS_Library\Debug\libFreeRTOS_Library.a(tasks.o)
 .debug_loc     0x00001dea      0x1c2 C:\Users\admin\Desktop\Keadrone\FreeRTOS_Library\Debug\libFreeRTOS_Library.a(heap_2.o)
 .debug_loc     0x00001fac       0x6f C:\Users\admin\Desktop\Keadrone\FreeRTOS_Library\Debug\libFreeRTOS_Library.a(port.o)
 .debug_loc     0x0000201b       0x5b C:\Users\admin\Desktop\Keadrone\FreeRTOS_Library\Debug\libFreeRTOS_Library.a(list.o)

.debug_pubnames
                0x00000000      0xc56
 .debug_pubnames
                0x00000000       0xfd ./cr_startup_lpc17.o
 .debug_pubnames
                0x000000fd      0x113 ./i2c.o
 .debug_pubnames
                0x00000210       0x2a ./retargetPrintf.o
 .debug_pubnames
                0x0000023a       0x1b ./src/main.o
 .debug_pubnames
                0x00000255      0x12b ./HAL_UART/uart.o
 .debug_pubnames
                0x00000380       0xbb ./HAL_SPI/lpc17xx_clkpwr.o
 .debug_pubnames
                0x0000043b       0x23 ./HAL_SPI/lpc17xx_libcfg_default.o
 .debug_pubnames
                0x0000045e      0x170 ./HAL_SPI/lpc17xx_ssp.o
 .debug_pubnames
                0x000005ce       0x57 ./HAL_SPI/main_spi.o
 .debug_pubnames
                0x00000625       0x2c ./HAL_Analog/analog.o
 .debug_pubnames
                0x00000651       0x4f C:\Users\admin\Desktop\Keadrone\CMSISv1p30_LPC17xx\Debug\libCMSISv1p30_LPC17xx.a(system_LPC17xx.o)
 .debug_pubnames
                0x000006a0      0x149 C:\Users\admin\Desktop\Keadrone\FreeRTOS_Library\Debug\libFreeRTOS_Library.a(queue.o)
 .debug_pubnames
                0x000007e9      0x28b C:\Users\admin\Desktop\Keadrone\FreeRTOS_Library\Debug\libFreeRTOS_Library.a(tasks.o)
 .debug_pubnames
                0x00000a74       0x64 C:\Users\admin\Desktop\Keadrone\FreeRTOS_Library\Debug\libFreeRTOS_Library.a(heap_2.o)
 .debug_pubnames
                0x00000ad8      0x10d C:\Users\admin\Desktop\Keadrone\FreeRTOS_Library\Debug\libFreeRTOS_Library.a(port.o)
 .debug_pubnames
                0x00000be5       0x71 C:\Users\admin\Desktop\Keadrone\FreeRTOS_Library\Debug\libFreeRTOS_Library.a(list.o)

.debug_aranges  0x00000000      0x3e0
 .debug_aranges
                0x00000000       0x70 ./cr_startup_lpc17.o
 .debug_aranges
                0x00000070       0x48 ./i2c.o
 .debug_aranges
                0x000000b8       0x28 ./retargetPrintf.o
 .debug_aranges
                0x000000e0       0x30 ./src/main.o
 .debug_aranges
                0x00000110       0x48 ./HAL_UART/uart.o
 .debug_aranges
                0x00000158       0x60 ./HAL_SPI/lpc17xx_clkpwr.o
 .debug_aranges
                0x000001b8       0x20 ./HAL_SPI/lpc17xx_libcfg_default.o
 .debug_aranges
                0x000001d8       0xb0 ./HAL_SPI/lpc17xx_ssp.o
 .debug_aranges
                0x00000288       0x68 ./HAL_SPI/main_spi.o
 .debug_aranges
                0x000002f0       0x28 ./HAL_Analog/analog.o
 .debug_aranges
                0x00000318       0x28 C:\Users\admin\Desktop\Keadrone\CMSISv1p30_LPC17xx\Debug\libCMSISv1p30_LPC17xx.a(system_LPC17xx.o)
 .debug_aranges
                0x00000340       0x20 C:\Users\admin\Desktop\Keadrone\FreeRTOS_Library\Debug\libFreeRTOS_Library.a(queue.o)
 .debug_aranges
                0x00000360       0x20 C:\Users\admin\Desktop\Keadrone\FreeRTOS_Library\Debug\libFreeRTOS_Library.a(tasks.o)
 .debug_aranges
                0x00000380       0x20 C:\Users\admin\Desktop\Keadrone\FreeRTOS_Library\Debug\libFreeRTOS_Library.a(heap_2.o)
 .debug_aranges
                0x000003a0       0x20 C:\Users\admin\Desktop\Keadrone\FreeRTOS_Library\Debug\libFreeRTOS_Library.a(port.o)
 .debug_aranges
                0x000003c0       0x20 C:\Users\admin\Desktop\Keadrone\FreeRTOS_Library\Debug\libFreeRTOS_Library.a(list.o)

.debug_ranges   0x00000000      0x338
 .debug_ranges  0x00000000       0x68 ./cr_startup_lpc17.o
 .debug_ranges  0x00000068       0x40 ./i2c.o
 .debug_ranges  0x000000a8       0x20 ./retargetPrintf.o
 .debug_ranges  0x000000c8       0x28 ./src/main.o
 .debug_ranges  0x000000f0       0x40 ./HAL_UART/uart.o
 .debug_ranges  0x00000130       0x58 ./HAL_SPI/lpc17xx_clkpwr.o
 .debug_ranges  0x00000188       0x18 ./HAL_SPI/lpc17xx_libcfg_default.o
 .debug_ranges  0x000001a0       0xa8 ./HAL_SPI/lpc17xx_ssp.o
 .debug_ranges  0x00000248       0x60 ./HAL_SPI/main_spi.o
 .debug_ranges  0x000002a8       0x20 ./HAL_Analog/analog.o
 .debug_ranges  0x000002c8       0x20 C:\Users\admin\Desktop\Keadrone\CMSISv1p30_LPC17xx\Debug\libCMSISv1p30_LPC17xx.a(system_LPC17xx.o)
 .debug_ranges  0x000002e8       0x50 C:\Users\admin\Desktop\Keadrone\FreeRTOS_Library\Debug\libFreeRTOS_Library.a(tasks.o)

.debug_str      0x00000000     0x1fa8
 .debug_str     0x00000000      0x182 ./cr_startup_lpc17.o
                                0x1bc (size before relaxing)
 .debug_str     0x00000182      0x722 ./i2c.o
                                0x7e2 (size before relaxing)
 .debug_str     0x000008a4       0x41 ./retargetPrintf.o
                                0x10e (size before relaxing)
 .debug_str     0x000008e5      0x19d ./src/main.o
                                0x3aa (size before relaxing)
 .debug_str     0x00000a82      0x183 ./HAL_UART/uart.o
                                0x6ce (size before relaxing)
 .debug_str     0x00000c05      0x12d ./HAL_SPI/lpc17xx_clkpwr.o
                                0x360 (size before relaxing)
 .debug_str     0x00000d32       0x3b ./HAL_SPI/lpc17xx_libcfg_default.o
                                0x107 (size before relaxing)
 .debug_str     0x00000d6d      0x2c9 ./HAL_SPI/lpc17xx_ssp.o
                                0x3f7 (size before relaxing)
 .debug_str     0x00001036      0x143 ./HAL_SPI/main_spi.o
                                0x7ba (size before relaxing)
 .debug_str     0x00001179       0x88 ./HAL_Analog/analog.o
                                0x388 (size before relaxing)
 .debug_str     0x00001201       0x72 C:\Users\admin\Desktop\Keadrone\CMSISv1p30_LPC17xx\Debug\libCMSISv1p30_LPC17xx.a(system_LPC17xx.o)
                                0x258 (size before relaxing)
 .debug_str     0x00001273      0x401 C:\Users\admin\Desktop\Keadrone\FreeRTOS_Library\Debug\libFreeRTOS_Library.a(queue.o)
                                0x4e3 (size before relaxing)
 .debug_str     0x00001674      0x638 C:\Users\admin\Desktop\Keadrone\FreeRTOS_Library\Debug\libFreeRTOS_Library.a(tasks.o)
                                0x818 (size before relaxing)
 .debug_str     0x00001cac      0x150 C:\Users\admin\Desktop\Keadrone\FreeRTOS_Library\Debug\libFreeRTOS_Library.a(heap_2.o)
                                0x232 (size before relaxing)
 .debug_str     0x00001dfc      0x11a C:\Users\admin\Desktop\Keadrone\FreeRTOS_Library\Debug\libFreeRTOS_Library.a(port.o)
                                0x22b (size before relaxing)
 .debug_str     0x00001f16       0x92 C:\Users\admin\Desktop\Keadrone\FreeRTOS_Library\Debug\libFreeRTOS_Library.a(list.o)
                                0x216 (size before relaxing)

.comment        0x00000000      0x9be
 .comment       0x00000000       0x2b ./cr_startup_lpc17.o
 .comment       0x0000002b       0x2b ./i2c.o
 .comment       0x00000056       0x2b ./retargetPrintf.o
 .comment       0x00000081       0x2b ./src/main.o
 .comment       0x000000ac       0x2b ./HAL_UART/uart.o
 .comment       0x000000d7       0x2b ./HAL_SPI/lpc17xx_clkpwr.o
 .comment       0x00000102       0x2b ./HAL_SPI/lpc17xx_libcfg_default.o
 .comment       0x0000012d       0x2b ./HAL_SPI/lpc17xx_ssp.o
 .comment       0x00000158       0x2b ./HAL_SPI/main_spi.o
 .comment       0x00000183       0x2b ./HAL_Analog/analog.o
 .comment       0x000001ae       0x2b C:\Users\admin\Desktop\Keadrone\CMSISv1p30_LPC17xx\Debug\libCMSISv1p30_LPC17xx.a(system_LPC17xx.o)
 .comment       0x000001d9       0x2b C:\Users\admin\Desktop\Keadrone\FreeRTOS_Library\Debug\libFreeRTOS_Library.a(queue.o)
 .comment       0x00000204       0x2b C:\Users\admin\Desktop\Keadrone\FreeRTOS_Library\Debug\libFreeRTOS_Library.a(tasks.o)
 .comment       0x0000022f       0x2b C:\Users\admin\Desktop\Keadrone\FreeRTOS_Library\Debug\libFreeRTOS_Library.a(heap_2.o)
 .comment       0x0000025a       0x2b C:\Users\admin\Desktop\Keadrone\FreeRTOS_Library\Debug\libFreeRTOS_Library.a(port.o)
 .comment       0x00000285       0x2b C:\Users\admin\Desktop\Keadrone\FreeRTOS_Library\Debug\libFreeRTOS_Library.a(list.o)
 .comment       0x000002b0       0x2b c:/nxp/lpcxpresso_3.6/tools/bin/../lib/gcc/arm-none-eabi/4.3.3/../../../../arm-none-eabi/lib/thumb2\libcr_nohost.a(_cr__main.o)
 .comment       0x000002db       0x2b c:/nxp/lpcxpresso_3.6/tools/bin/../lib/gcc/arm-none-eabi/4.3.3/../../../../arm-none-eabi/lib/thumb2\libcr_c.a(__init_alloc.o)
 .comment       0x00000306       0x2b c:/nxp/lpcxpresso_3.6/tools/bin/../lib/gcc/arm-none-eabi/4.3.3/../../../../arm-none-eabi/lib/thumb2\libcr_c.a(ctype.o)
 .comment       0x00000331       0x2b c:/nxp/lpcxpresso_3.6/tools/bin/../lib/gcc/arm-none-eabi/4.3.3/../../../../arm-none-eabi/lib/thumb2\libcr_c.a(fpprintf.o)
 .comment       0x0000035c       0x2b c:/nxp/lpcxpresso_3.6/tools/bin/../lib/gcc/arm-none-eabi/4.3.3/../../../../arm-none-eabi/lib/thumb2\libcr_c.a(initio.o)
 .comment       0x00000387       0x2b c:/nxp/lpcxpresso_3.6/tools/bin/../lib/gcc/arm-none-eabi/4.3.3/../../../../arm-none-eabi/lib/thumb2\libcr_c.a(memcpy.o)
 .comment       0x000003b2       0x2b c:/nxp/lpcxpresso_3.6/tools/bin/../lib/gcc/arm-none-eabi/4.3.3/../../../../arm-none-eabi/lib/thumb2\libcr_c.a(memset.o)
 .comment       0x000003dd       0x2b c:/nxp/lpcxpresso_3.6/tools/bin/../lib/gcc/arm-none-eabi/4.3.3/../../../../arm-none-eabi/lib/thumb2\libcr_c.a(printf.o)
 .comment       0x00000408       0x2b c:/nxp/lpcxpresso_3.6/tools/bin/../lib/gcc/arm-none-eabi/4.3.3/../../../../arm-none-eabi/lib/thumb2\libcr_c.a(setvbuf.o)
 .comment       0x00000433       0x2b c:/nxp/lpcxpresso_3.6/tools/bin/../lib/gcc/arm-none-eabi/4.3.3/../../../../arm-none-eabi/lib/thumb2\libcr_c.a(stdio.o)
 .comment       0x0000045e       0x2b c:/nxp/lpcxpresso_3.6/tools/bin/../lib/gcc/arm-none-eabi/4.3.3/../../../../arm-none-eabi/lib/thumb2\libcr_c.a(stdlib.o)
 .comment       0x00000489       0x2b c:/nxp/lpcxpresso_3.6/tools/bin/../lib/gcc/arm-none-eabi/4.3.3/../../../../arm-none-eabi/lib/thumb2\libcr_c.a(strcpy.o)
 .comment       0x000004b4       0x2b c:/nxp/lpcxpresso_3.6/tools/bin/../lib/gcc/arm-none-eabi/4.3.3/../../../../arm-none-eabi/lib/thumb2\libcr_c.a(strlen.o)
 .comment       0x000004df       0x2b c:/nxp/lpcxpresso_3.6/tools/bin/../lib/gcc/arm-none-eabi/4.3.3/../../../../arm-none-eabi/lib/thumb2\libcr_c.a(strncpy.o)
 .comment       0x0000050a       0x2b c:/nxp/lpcxpresso_3.6/tools/bin/../lib/gcc/arm-none-eabi/4.3.3/../../../../arm-none-eabi/lib/thumb2\libcr_c.a(__fillbuf.o)
 .comment       0x00000535       0x2b c:/nxp/lpcxpresso_3.6/tools/bin/../lib/gcc/arm-none-eabi/4.3.3/../../../../arm-none-eabi/lib/thumb2\libcr_c.a(_deferredlazyseek.o)
 .comment       0x00000560       0x2b c:/nxp/lpcxpresso_3.6/tools/bin/../lib/gcc/arm-none-eabi/4.3.3/../../../../arm-none-eabi/lib/thumb2\libcr_c.a(_fdopen.o)
 .comment       0x0000058b       0x2b c:/nxp/lpcxpresso_3.6/tools/bin/../lib/gcc/arm-none-eabi/4.3.3/../../../../arm-none-eabi/lib/thumb2\libcr_c.a(_fflush.o)
 .comment       0x000005b6       0x2b c:/nxp/lpcxpresso_3.6/tools/bin/../lib/gcc/arm-none-eabi/4.3.3/../../../../arm-none-eabi/lib/thumb2\libcr_c.a(_frexpl.o)
 .comment       0x000005e1       0x2b c:/nxp/lpcxpresso_3.6/tools/bin/../lib/gcc/arm-none-eabi/4.3.3/../../../../arm-none-eabi/lib/thumb2\libcr_c.a(_ldexpl.o)
 .comment       0x0000060c       0x2b c:/nxp/lpcxpresso_3.6/tools/bin/../lib/gcc/arm-none-eabi/4.3.3/../../../../arm-none-eabi/lib/thumb2\libcr_c.a(_writebuf.o)
 .comment       0x00000637       0x2b c:/nxp/lpcxpresso_3.6/tools/bin/../lib/gcc/arm-none-eabi/4.3.3/../../../../arm-none-eabi/lib/thumb2\libcr_c.a(alloc.o)
 .comment       0x00000662       0x2b c:/nxp/lpcxpresso_3.6/tools/bin/../lib/gcc/arm-none-eabi/4.3.3/../../../../arm-none-eabi/lib/thumb2\libcr_c.a(error.o)
 .comment       0x0000068d       0x2b c:/nxp/lpcxpresso_3.6/tools/bin/../lib/gcc/arm-none-eabi/4.3.3/../../../../arm-none-eabi/lib/thumb2\libcr_c.a(fclose.o)
 .comment       0x000006b8       0x2b c:/nxp/lpcxpresso_3.6/tools/bin/../lib/gcc/arm-none-eabi/4.3.3/../../../../arm-none-eabi/lib/thumb2\libcr_c.a(fflush.o)
 .comment       0x000006e3       0x2b c:/nxp/lpcxpresso_3.6/tools/bin/../lib/gcc/arm-none-eabi/4.3.3/../../../../arm-none-eabi/lib/thumb2\libcr_c.a(fputs.o)
 .comment       0x0000070e       0x2b c:/nxp/lpcxpresso_3.6/tools/bin/../lib/gcc/arm-none-eabi/4.3.3/../../../../arm-none-eabi/lib/thumb2\libcr_c.a(fseek.o)
 .comment       0x00000739       0x2b c:/nxp/lpcxpresso_3.6/tools/bin/../lib/gcc/arm-none-eabi/4.3.3/../../../../arm-none-eabi/lib/thumb2\libcr_c.a(ftell.o)
 .comment       0x00000764       0x2b c:/nxp/lpcxpresso_3.6/tools/bin/../lib/gcc/arm-none-eabi/4.3.3/../../../../arm-none-eabi/lib/thumb2\libcr_c.a(raise.o)
 .comment       0x0000078f       0x2b c:/nxp/lpcxpresso_3.6/tools/bin/../lib/gcc/arm-none-eabi/4.3.3/../../../../arm-none-eabi/lib/thumb2\libcr_c.a(remove.o)
 .comment       0x000007ba       0x2b c:/nxp/lpcxpresso_3.6/tools/bin/../lib/gcc/arm-none-eabi/4.3.3/../../../../arm-none-eabi/lib/thumb2\libcr_c.a(_do_fflush.o)
 .comment       0x000007e5       0x2b c:/nxp/lpcxpresso_3.6/tools/bin/../lib/gcc/arm-none-eabi/4.3.3/../../../../arm-none-eabi/lib/thumb2\libcr_c.a(_hugeval.o)
 .comment       0x00000810       0x2b c:/nxp/lpcxpresso_3.6/tools/bin/../lib/gcc/arm-none-eabi/4.3.3/thumb2\libcr_eabihelpers.a(double.o)
 .comment       0x0000083b       0x2b c:/nxp/lpcxpresso_3.6/tools/bin/../lib/gcc/arm-none-eabi/4.3.3/thumb2\libcr_eabihelpers.a(rtlib.o)
 .comment       0x00000866       0x2b c:/nxp/lpcxpresso_3.6/tools/bin/../lib/gcc/arm-none-eabi/4.3.3/../../../../arm-none-eabi/lib/thumb2\libcr_nohost.a(_cr_sbrk.o)
 .comment       0x00000891       0x2b c:/nxp/lpcxpresso_3.6/tools/bin/../lib/gcc/arm-none-eabi/4.3.3/../../../../arm-none-eabi/lib/thumb2\libcr_nohost.a(cr_sys.o)
 .comment       0x000008bc       0x2b c:/nxp/lpcxpresso_3.6/tools/bin/../lib/gcc/arm-none-eabi/4.3.3/../../../../arm-none-eabi/lib/thumb2\libcr_nohost.a(cr__close.o)
 .comment       0x000008e7       0x2b c:/nxp/lpcxpresso_3.6/tools/bin/../lib/gcc/arm-none-eabi/4.3.3/../../../../arm-none-eabi/lib/thumb2\libcr_nohost.a(cr__exit.o)
 .comment       0x00000912       0x2b c:/nxp/lpcxpresso_3.6/tools/bin/../lib/gcc/arm-none-eabi/4.3.3/../../../../arm-none-eabi/lib/thumb2\libcr_nohost.a(cr__open.o)
 .comment       0x0000093d       0x2b c:/nxp/lpcxpresso_3.6/tools/bin/../lib/gcc/arm-none-eabi/4.3.3/../../../../arm-none-eabi/lib/thumb2\libcr_nohost.a(cr__read.o)
 .comment       0x00000968       0x2b c:/nxp/lpcxpresso_3.6/tools/bin/../lib/gcc/arm-none-eabi/4.3.3/../../../../arm-none-eabi/lib/thumb2\libcr_nohost.a(cr__unlink.o)
 .comment       0x00000993       0x2b c:/nxp/lpcxpresso_3.6/tools/bin/../lib/gcc/arm-none-eabi/4.3.3/../../../../arm-none-eabi/lib/thumb2\libcr_nohost.a(cr_dummy_stubs.o)

.ARM.attributes
                0x00000000       0x2f
 .ARM.attributes
                0x00000000       0x31 ./cr_startup_lpc17.o
 .ARM.attributes
                0x00000031       0x31 ./i2c.o
 .ARM.attributes
                0x00000062       0x31 ./retargetPrintf.o
 .ARM.attributes
                0x00000093       0x31 ./src/main.o
 .ARM.attributes
                0x000000c4       0x31 ./HAL_UART/uart.o
 .ARM.attributes
                0x000000f5       0x31 ./HAL_SPI/lpc17xx_clkpwr.o
 .ARM.attributes
                0x00000126       0x31 ./HAL_SPI/lpc17xx_libcfg_default.o
 .ARM.attributes
                0x00000157       0x31 ./HAL_SPI/lpc17xx_ssp.o
 .ARM.attributes
                0x00000188       0x31 ./HAL_SPI/main_spi.o
 .ARM.attributes
                0x000001b9       0x31 ./HAL_Analog/analog.o
 .ARM.attributes
                0x000001ea       0x31 C:\Users\admin\Desktop\Keadrone\CMSISv1p30_LPC17xx\Debug\libCMSISv1p30_LPC17xx.a(system_LPC17xx.o)
 .ARM.attributes
                0x0000021b       0x31 C:\Users\admin\Desktop\Keadrone\FreeRTOS_Library\Debug\libFreeRTOS_Library.a(queue.o)
 .ARM.attributes
                0x0000024c       0x31 C:\Users\admin\Desktop\Keadrone\FreeRTOS_Library\Debug\libFreeRTOS_Library.a(tasks.o)
 .ARM.attributes
                0x0000027d       0x31 C:\Users\admin\Desktop\Keadrone\FreeRTOS_Library\Debug\libFreeRTOS_Library.a(heap_2.o)
 .ARM.attributes
                0x000002ae       0x31 C:\Users\admin\Desktop\Keadrone\FreeRTOS_Library\Debug\libFreeRTOS_Library.a(port.o)
 .ARM.attributes
                0x000002df       0x31 C:\Users\admin\Desktop\Keadrone\FreeRTOS_Library\Debug\libFreeRTOS_Library.a(list.o)
 .ARM.attributes
                0x00000310       0x31 c:/nxp/lpcxpresso_3.6/tools/bin/../lib/gcc/arm-none-eabi/4.3.3/../../../../arm-none-eabi/lib/thumb2\libcr_nohost.a(_cr__main.o)
 .ARM.attributes
                0x00000341       0x31 c:/nxp/lpcxpresso_3.6/tools/bin/../lib/gcc/arm-none-eabi/4.3.3/../../../../arm-none-eabi/lib/thumb2\libcr_c.a(__init_alloc.o)
 .ARM.attributes
                0x00000372       0x31 c:/nxp/lpcxpresso_3.6/tools/bin/../lib/gcc/arm-none-eabi/4.3.3/../../../../arm-none-eabi/lib/thumb2\libcr_c.a(ctype.o)
 .ARM.attributes
                0x000003a3       0x31 c:/nxp/lpcxpresso_3.6/tools/bin/../lib/gcc/arm-none-eabi/4.3.3/../../../../arm-none-eabi/lib/thumb2\libcr_c.a(fpprintf.o)
 .ARM.attributes
                0x000003d4       0x31 c:/nxp/lpcxpresso_3.6/tools/bin/../lib/gcc/arm-none-eabi/4.3.3/../../../../arm-none-eabi/lib/thumb2\libcr_c.a(initio.o)
 .ARM.attributes
                0x00000405       0x31 c:/nxp/lpcxpresso_3.6/tools/bin/../lib/gcc/arm-none-eabi/4.3.3/../../../../arm-none-eabi/lib/thumb2\libcr_c.a(memcpy.o)
 .ARM.attributes
                0x00000436       0x31 c:/nxp/lpcxpresso_3.6/tools/bin/../lib/gcc/arm-none-eabi/4.3.3/../../../../arm-none-eabi/lib/thumb2\libcr_c.a(memset.o)
 .ARM.attributes
                0x00000467       0x31 c:/nxp/lpcxpresso_3.6/tools/bin/../lib/gcc/arm-none-eabi/4.3.3/../../../../arm-none-eabi/lib/thumb2\libcr_c.a(printf.o)
 .ARM.attributes
                0x00000498       0x31 c:/nxp/lpcxpresso_3.6/tools/bin/../lib/gcc/arm-none-eabi/4.3.3/../../../../arm-none-eabi/lib/thumb2\libcr_c.a(setvbuf.o)
 .ARM.attributes
                0x000004c9       0x31 c:/nxp/lpcxpresso_3.6/tools/bin/../lib/gcc/arm-none-eabi/4.3.3/../../../../arm-none-eabi/lib/thumb2\libcr_c.a(stdio.o)
 .ARM.attributes
                0x000004fa       0x31 c:/nxp/lpcxpresso_3.6/tools/bin/../lib/gcc/arm-none-eabi/4.3.3/../../../../arm-none-eabi/lib/thumb2\libcr_c.a(stdlib.o)
 .ARM.attributes
                0x0000052b       0x31 c:/nxp/lpcxpresso_3.6/tools/bin/../lib/gcc/arm-none-eabi/4.3.3/../../../../arm-none-eabi/lib/thumb2\libcr_c.a(strcpy.o)
 .ARM.attributes
                0x0000055c       0x31 c:/nxp/lpcxpresso_3.6/tools/bin/../lib/gcc/arm-none-eabi/4.3.3/../../../../arm-none-eabi/lib/thumb2\libcr_c.a(strlen.o)
 .ARM.attributes
                0x0000058d       0x31 c:/nxp/lpcxpresso_3.6/tools/bin/../lib/gcc/arm-none-eabi/4.3.3/../../../../arm-none-eabi/lib/thumb2\libcr_c.a(strncpy.o)
 .ARM.attributes
                0x000005be       0x31 c:/nxp/lpcxpresso_3.6/tools/bin/../lib/gcc/arm-none-eabi/4.3.3/../../../../arm-none-eabi/lib/thumb2\libcr_c.a(__fillbuf.o)
 .ARM.attributes
                0x000005ef       0x31 c:/nxp/lpcxpresso_3.6/tools/bin/../lib/gcc/arm-none-eabi/4.3.3/../../../../arm-none-eabi/lib/thumb2\libcr_c.a(_deferredlazyseek.o)
 .ARM.attributes
                0x00000620       0x31 c:/nxp/lpcxpresso_3.6/tools/bin/../lib/gcc/arm-none-eabi/4.3.3/../../../../arm-none-eabi/lib/thumb2\libcr_c.a(_fdopen.o)
 .ARM.attributes
                0x00000651       0x31 c:/nxp/lpcxpresso_3.6/tools/bin/../lib/gcc/arm-none-eabi/4.3.3/../../../../arm-none-eabi/lib/thumb2\libcr_c.a(_fflush.o)
 .ARM.attributes
                0x00000682       0x31 c:/nxp/lpcxpresso_3.6/tools/bin/../lib/gcc/arm-none-eabi/4.3.3/../../../../arm-none-eabi/lib/thumb2\libcr_c.a(_frexpl.o)
 .ARM.attributes
                0x000006b3       0x31 c:/nxp/lpcxpresso_3.6/tools/bin/../lib/gcc/arm-none-eabi/4.3.3/../../../../arm-none-eabi/lib/thumb2\libcr_c.a(_ldexpl.o)
 .ARM.attributes
                0x000006e4       0x31 c:/nxp/lpcxpresso_3.6/tools/bin/../lib/gcc/arm-none-eabi/4.3.3/../../../../arm-none-eabi/lib/thumb2\libcr_c.a(_writebuf.o)
 .ARM.attributes
                0x00000715       0x31 c:/nxp/lpcxpresso_3.6/tools/bin/../lib/gcc/arm-none-eabi/4.3.3/../../../../arm-none-eabi/lib/thumb2\libcr_c.a(alloc.o)
 .ARM.attributes
                0x00000746       0x31 c:/nxp/lpcxpresso_3.6/tools/bin/../lib/gcc/arm-none-eabi/4.3.3/../../../../arm-none-eabi/lib/thumb2\libcr_c.a(error.o)
 .ARM.attributes
                0x00000777       0x31 c:/nxp/lpcxpresso_3.6/tools/bin/../lib/gcc/arm-none-eabi/4.3.3/../../../../arm-none-eabi/lib/thumb2\libcr_c.a(fclose.o)
 .ARM.attributes
                0x000007a8       0x31 c:/nxp/lpcxpresso_3.6/tools/bin/../lib/gcc/arm-none-eabi/4.3.3/../../../../arm-none-eabi/lib/thumb2\libcr_c.a(fflush.o)
 .ARM.attributes
                0x000007d9       0x31 c:/nxp/lpcxpresso_3.6/tools/bin/../lib/gcc/arm-none-eabi/4.3.3/../../../../arm-none-eabi/lib/thumb2\libcr_c.a(fputs.o)
 .ARM.attributes
                0x0000080a       0x31 c:/nxp/lpcxpresso_3.6/tools/bin/../lib/gcc/arm-none-eabi/4.3.3/../../../../arm-none-eabi/lib/thumb2\libcr_c.a(fseek.o)
 .ARM.attributes
                0x0000083b       0x31 c:/nxp/lpcxpresso_3.6/tools/bin/../lib/gcc/arm-none-eabi/4.3.3/../../../../arm-none-eabi/lib/thumb2\libcr_c.a(ftell.o)
 .ARM.attributes
                0x0000086c       0x31 c:/nxp/lpcxpresso_3.6/tools/bin/../lib/gcc/arm-none-eabi/4.3.3/../../../../arm-none-eabi/lib/thumb2\libcr_c.a(raise.o)
 .ARM.attributes
                0x0000089d       0x31 c:/nxp/lpcxpresso_3.6/tools/bin/../lib/gcc/arm-none-eabi/4.3.3/../../../../arm-none-eabi/lib/thumb2\libcr_c.a(remove.o)
 .ARM.attributes
                0x000008ce       0x31 c:/nxp/lpcxpresso_3.6/tools/bin/../lib/gcc/arm-none-eabi/4.3.3/../../../../arm-none-eabi/lib/thumb2\libcr_c.a(_do_fflush.o)
 .ARM.attributes
                0x000008ff       0x31 c:/nxp/lpcxpresso_3.6/tools/bin/../lib/gcc/arm-none-eabi/4.3.3/../../../../arm-none-eabi/lib/thumb2\libcr_c.a(_hugeval.o)
 .ARM.attributes
                0x00000930       0x31 c:/nxp/lpcxpresso_3.6/tools/bin/../lib/gcc/arm-none-eabi/4.3.3/thumb2\libcr_eabihelpers.a(double.o)
 .ARM.attributes
                0x00000961       0x21 c:/nxp/lpcxpresso_3.6/tools/bin/../lib/gcc/arm-none-eabi/4.3.3/thumb2\libcr_eabihelpers.a(helpers.o)
 .ARM.attributes
                0x00000982       0x31 c:/nxp/lpcxpresso_3.6/tools/bin/../lib/gcc/arm-none-eabi/4.3.3/thumb2\libcr_eabihelpers.a(rtlib.o)
 .ARM.attributes
                0x000009b3       0x31 c:/nxp/lpcxpresso_3.6/tools/bin/../lib/gcc/arm-none-eabi/4.3.3/../../../../arm-none-eabi/lib/thumb2\libcr_nohost.a(_cr_sbrk.o)
 .ARM.attributes
                0x000009e4       0x31 c:/nxp/lpcxpresso_3.6/tools/bin/../lib/gcc/arm-none-eabi/4.3.3/../../../../arm-none-eabi/lib/thumb2\libcr_nohost.a(cr_sys.o)
 .ARM.attributes
                0x00000a15       0x31 c:/nxp/lpcxpresso_3.6/tools/bin/../lib/gcc/arm-none-eabi/4.3.3/../../../../arm-none-eabi/lib/thumb2\libcr_nohost.a(cr__close.o)
 .ARM.attributes
                0x00000a46       0x31 c:/nxp/lpcxpresso_3.6/tools/bin/../lib/gcc/arm-none-eabi/4.3.3/../../../../arm-none-eabi/lib/thumb2\libcr_nohost.a(cr__exit.o)
 .ARM.attributes
                0x00000a77       0x31 c:/nxp/lpcxpresso_3.6/tools/bin/../lib/gcc/arm-none-eabi/4.3.3/../../../../arm-none-eabi/lib/thumb2\libcr_nohost.a(cr__open.o)
 .ARM.attributes
                0x00000aa8       0x31 c:/nxp/lpcxpresso_3.6/tools/bin/../lib/gcc/arm-none-eabi/4.3.3/../../../../arm-none-eabi/lib/thumb2\libcr_nohost.a(cr__read.o)
 .ARM.attributes
                0x00000ad9       0x31 c:/nxp/lpcxpresso_3.6/tools/bin/../lib/gcc/arm-none-eabi/4.3.3/../../../../arm-none-eabi/lib/thumb2\libcr_nohost.a(cr__unlink.o)
 .ARM.attributes
                0x00000b0a       0x31 c:/nxp/lpcxpresso_3.6/tools/bin/../lib/gcc/arm-none-eabi/4.3.3/../../../../arm-none-eabi/lib/thumb2\libcr_nohost.a(cr_dummy_stubs.o)
