Archive member included because of file (symbol)

C:\Users\admin\Desktop\Keadrone\CMSISv1p30_LPC17xx\Debug\libCMSISv1p30_LPC17xx.a(system_LPC17xx.o)
                              ./lpc17xx_clkpwr.o (SystemCoreClock)
C:\Users\admin\Desktop\Keadrone\FreeRTOS_Library\Debug\libFreeRTOS_Library.a(queue.o)
                              ./src/calculations_heading.o (xQueueGenericReceive)
C:\Users\admin\Desktop\Keadrone\FreeRTOS_Library\Debug\libFreeRTOS_Library.a(tasks.o)
                              C:\Users\admin\Desktop\Keadrone\FreeRTOS_Library\Debug\libFreeRTOS_Library.a(queue.o) (vTaskSuspendAll)
C:\Users\admin\Desktop\Keadrone\FreeRTOS_Library\Debug\libFreeRTOS_Library.a(heap_2.o)
                              C:\Users\admin\Desktop\Keadrone\FreeRTOS_Library\Debug\libFreeRTOS_Library.a(queue.o) (vPortFree)
C:\Users\admin\Desktop\Keadrone\FreeRTOS_Library\Debug\libFreeRTOS_Library.a(port.o)
                              C:\Users\admin\Desktop\Keadrone\FreeRTOS_Library\Debug\libFreeRTOS_Library.a(tasks.o) (pxPortInitialiseStack)
C:\Users\admin\Desktop\Keadrone\FreeRTOS_Library\Debug\libFreeRTOS_Library.a(list.o)
                              C:\Users\admin\Desktop\Keadrone\FreeRTOS_Library\Debug\libFreeRTOS_Library.a(queue.o) (vListInitialise)
c:/nxp/lpcxpresso_3.6/tools/bin/../lib/gcc/arm-none-eabi/4.3.3/../../../../arm-none-eabi/lib/thumb2\libcr_nohost.a(_cr__main.o)
                              ./cr_startup_lpc17.o (__main)
c:/nxp/lpcxpresso_3.6/tools/bin/../lib/gcc/arm-none-eabi/4.3.3/../../../../arm-none-eabi/lib/thumb2\libcr_c.a(__init_alloc.o)
                              c:/nxp/lpcxpresso_3.6/tools/bin/../lib/gcc/arm-none-eabi/4.3.3/../../../../arm-none-eabi/lib/thumb2\libcr_nohost.a(_cr__main.o) (_init_alloc)
c:/nxp/lpcxpresso_3.6/tools/bin/../lib/gcc/arm-none-eabi/4.3.3/../../../../arm-none-eabi/lib/thumb2\libcr_c.a(asin.o)
                              ./src/DCM.o (asin)
c:/nxp/lpcxpresso_3.6/tools/bin/../lib/gcc/arm-none-eabi/4.3.3/../../../../arm-none-eabi/lib/thumb2\libcr_c.a(atan2.o)
                              ./src/DCM.o (atan2)
c:/nxp/lpcxpresso_3.6/tools/bin/../lib/gcc/arm-none-eabi/4.3.3/../../../../arm-none-eabi/lib/thumb2\libcr_c.a(ctype.o)
                              c:/nxp/lpcxpresso_3.6/tools/bin/../lib/gcc/arm-none-eabi/4.3.3/../../../../arm-none-eabi/lib/thumb2\libcr_nohost.a(_cr__main.o) (_ctype_init)
c:/nxp/lpcxpresso_3.6/tools/bin/../lib/gcc/arm-none-eabi/4.3.3/../../../../arm-none-eabi/lib/thumb2\libcr_c.a(fabs.o)
                              ./src/DCM.o (fabs)
c:/nxp/lpcxpresso_3.6/tools/bin/../lib/gcc/arm-none-eabi/4.3.3/../../../../arm-none-eabi/lib/thumb2\libcr_c.a(fpprintf.o)
                              ./src/calculations_heading.o (printf)
c:/nxp/lpcxpresso_3.6/tools/bin/../lib/gcc/arm-none-eabi/4.3.3/../../../../arm-none-eabi/lib/thumb2\libcr_c.a(initio.o)
                              c:/nxp/lpcxpresso_3.6/tools/bin/../lib/gcc/arm-none-eabi/4.3.3/../../../../arm-none-eabi/lib/thumb2\libcr_nohost.a(_cr__main.o) (_terminateio)
c:/nxp/lpcxpresso_3.6/tools/bin/../lib/gcc/arm-none-eabi/4.3.3/../../../../arm-none-eabi/lib/thumb2\libcr_c.a(memcpy.o)
                              ./src/calculations_heading.o (memcpy)
c:/nxp/lpcxpresso_3.6/tools/bin/../lib/gcc/arm-none-eabi/4.3.3/../../../../arm-none-eabi/lib/thumb2\libcr_c.a(memset.o)
                              C:\Users\admin\Desktop\Keadrone\FreeRTOS_Library\Debug\libFreeRTOS_Library.a(tasks.o) (memset)
c:/nxp/lpcxpresso_3.6/tools/bin/../lib/gcc/arm-none-eabi/4.3.3/../../../../arm-none-eabi/lib/thumb2\libcr_c.a(printf.o)
                              c:/nxp/lpcxpresso_3.6/tools/bin/../lib/gcc/arm-none-eabi/4.3.3/../../../../arm-none-eabi/lib/thumb2\libcr_c.a(fpprintf.o) (__vfprintf)
c:/nxp/lpcxpresso_3.6/tools/bin/../lib/gcc/arm-none-eabi/4.3.3/../../../../arm-none-eabi/lib/thumb2\libcr_c.a(setvbuf.o)
                              c:/nxp/lpcxpresso_3.6/tools/bin/../lib/gcc/arm-none-eabi/4.3.3/../../../../arm-none-eabi/lib/thumb2\libcr_c.a(initio.o) (setvbuf)
c:/nxp/lpcxpresso_3.6/tools/bin/../lib/gcc/arm-none-eabi/4.3.3/../../../../arm-none-eabi/lib/thumb2\libcr_c.a(sqrt.o)
                              ./src/DCM.o (sqrt)
c:/nxp/lpcxpresso_3.6/tools/bin/../lib/gcc/arm-none-eabi/4.3.3/../../../../arm-none-eabi/lib/thumb2\libcr_c.a(stdio.o)
                              c:/nxp/lpcxpresso_3.6/tools/bin/../lib/gcc/arm-none-eabi/4.3.3/../../../../arm-none-eabi/lib/thumb2\libcr_c.a(fpprintf.o) (__Ciob)
c:/nxp/lpcxpresso_3.6/tools/bin/../lib/gcc/arm-none-eabi/4.3.3/../../../../arm-none-eabi/lib/thumb2\libcr_c.a(stdlib.o)
                              c:/nxp/lpcxpresso_3.6/tools/bin/../lib/gcc/arm-none-eabi/4.3.3/../../../../arm-none-eabi/lib/thumb2\libcr_nohost.a(_cr__main.o) (_exit_init)
c:/nxp/lpcxpresso_3.6/tools/bin/../lib/gcc/arm-none-eabi/4.3.3/../../../../arm-none-eabi/lib/thumb2\libcr_c.a(strcpy.o)
[...]
Memory Configuration

Name             Origin             Length             Attributes
MFlash128        0x00000000         0x00020000         xr
RamLoc16         0x10000000         0x00004000         xrw
RamAHB16         0x2007c000         0x00004000         xrw
*default*        0x00000000         0xffffffff

Linker script and memory map

LOAD ./cr_startup_lpc17.o
LOAD ./i2c.o
LOAD ./lpc17xx_clkpwr.o
LOAD ./lpc17xx_libcfg_default.o
LOAD ./lpc17xx_ssp.o
LOAD ./src/DCM.o
LOAD ./src/Vector.o
LOAD ./src/calculations.o
LOAD ./src/calculations_heading.o
LOAD ./src/dAccelerometer_BMA180.o
LOAD ./src/dAnalogLpc.o
LOAD ./src/dGyro_ITG-3200.o
LOAD ./src/dServoPwm.o
LOAD ./src/dServoTimers.o
LOAD ./src/main.o
LOAD ./HAL_UART/retargetPrintf.o
LOAD ./HAL_UART/uart.o
LOAD C:\Users\admin\Desktop\Keadrone\CMSISv1p30_LPC17xx\Debug\libCMSISv1p30_LPC17xx.a
LOAD C:\Users\admin\Desktop\Keadrone\FreeRTOS_Library\Debug\libFreeRTOS_Library.a
START GROUP
LOAD c:/nxp/lpcxpresso_3.6/tools/bin/../lib/gcc/arm-none-eabi/4.3.3/../../../../arm-none-eabi/lib/thumb2\libcr_nohost.a
LOAD c:/nxp/lpcxpresso_3.6/tools/bin/../lib/gcc/arm-none-eabi/4.3.3/../../../../arm-none-eabi/lib/thumb2\libcr_c.a
LOAD c:/nxp/lpcxpresso_3.6/tools/bin/../lib/gcc/arm-none-eabi/4.3.3/thumb2\libcr_eabihelpers.a
END GROUP
                0x00020000                __top_MFlash128 = 0x20000
                0x10004000                __top_RamLoc16 = 0x10004000
                0x20080000                __top_RamAHB16 = 0x20080000

.text           0x00000000     0xa608
 FILL mask 0xff
 *(.isr_vector)
 .isr_vector    0x00000000       0xcc ./cr_startup_lpc17.o
                0x00000000                g_pfnVectors
                0x000000cc                . = ALIGN (0x4)
                0x000000cc                __section_table_start = .
                0x000000cc                __data_section_table = .
                0x000000cc        0x4 LONG 0xa608 LOADADDR (.data)
                0x000000d0        0x4 LONG 0x10000000 ADDR (.data)
                0x000000d4        0x4 LONG 0x288 SIZEOF (.data)
                0x000000d8        0x4 LONG 0xa608 LOADADDR (.data_RAM2)
                0x000000dc        0x4 LONG 0x2007c000 ADDR (.data_RAM2)
                0x000000e0        0x4 LONG 0x0 SIZEOF (.data_RAM2)
                0x000000e4                __data_section_table_end = .
                0x000000e4                __bss_section_table = .
                0x000000e4        0x4 LONG 0x10000288 ADDR (.bss)
                0x000000e8        0x4 LONG 0x1360 SIZEOF (.bss)
                0x000000ec        0x4 LONG 0x2007c000 ADDR (.bss_RAM2)
                0x000000f0        0x4 LONG 0x0 SIZEOF (.bss_RAM2)
                0x000000f4                __bss_section_table_end = .
                0x000000f4                __section_table_end = .
 *(.after_vectors*)
 *(.text*)
 .text.ResetISR
                0x000000f4       0x68 ./cr_startup_lpc17.o
                0x000000f4                ResetISR
 .text.NMI_Handler
                0x0000015c        0x8 ./cr_startup_lpc17.o
                0x0000015c                NMI_Handler
 .text.HardFault_Handler
                0x00000164        0x8 ./cr_startup_lpc17.o
                0x00000164                HardFault_Handler
 .text.MemManage_Handler
                0x0000016c        0x8 ./cr_startup_lpc17.o
                0x0000016c                MemManage_Handler
 .text.BusFault_Handler
                0x00000174        0x8 ./cr_startup_lpc17.o
                0x00000174                BusFault_Handler
 .text.UsageFault_Handler
                0x0000017c        0x8 ./cr_startup_lpc17.o
                0x0000017c                UsageFault_Handler
 .text.DebugMon_Handler
                0x00000184        0x8 ./cr_startup_lpc17.o
                0x00000184                DebugMon_Handler
 .text.IntDefaultHandler
                0x0000018c        0x8 ./cr_startup_lpc17.o
                0x0000018c                TIMER2_IRQHandler
                0x0000018c                RIT_IRQHandler
                0x0000018c                I2C0_IRQHandler
                0x0000018c                USBActivity_IRQHandler
                0x0000018c                PWM1_IRQHandler
                0x0000018c                EINT2_IRQHandler
                0x0000018c                CANActivity_IRQHandler
                0x0000018c                TIMER3_IRQHandler
                0x0000018c                IntDefaultHandler
                0x0000018c                PLL0_IRQHandler
                0x0000018c                CAN_IRQHandler
                0x0000018c                PLL1_IRQHandler
                0x0000018c                SSP0_IRQHandler
                0x0000018c                I2S_IRQHandler
                0x0000018c                I2C2_IRQHandler
                0x0000018c                RTC_IRQHandler
                0x0000018c                SPI_IRQHandler
                0x0000018c                EINT1_IRQHandler
                0x0000018c                TIMER1_IRQHandler
                0x0000018c                UART2_IRQHandler
                0x0000018c                ADC_IRQHandler
                0x0000018c                SSP1_IRQHandler
                0x0000018c                USB_IRQHandler
                0x0000018c                BOD_IRQHandler
                0x0000018c                WDT_IRQHandler
                0x0000018c                QEI_IRQHandler
                0x0000018c                EINT0_IRQHandler
                0x0000018c                DMA_IRQHandler
                0x0000018c                MCPWM_IRQHandler
                0x0000018c                ENET_IRQHandler
 .text.I2C1_IRQHandler
                0x00000194      0x56c ./i2c.o
                0x00000194                I2C1_IRQHandler
 .text.I2CStart
                0x00000700       0x34 ./i2c.o
                0x00000700                I2CStart
 .text.I2CStop  0x00000734       0x44 ./i2c.o
                0x00000734                I2CStop
 .text.I2CInit  0x00000778      0x14c ./i2c.o
                0x00000778                I2CInit
 .text.NVIC_EnableIRQ
                0x000008c4       0x38 ./i2c.o
 .text.I2CEnginePolling
                0x000008fc       0x84 ./i2c.o
                0x000008fc                I2CEnginePolling
 .text.I2CEngine_FromISR
                0x00000980       0x3c ./i2c.o
                0x00000980                I2CEngine_FromISR
 .text.CLKPWR_SetPCLKDiv
                0x000009bc       0xd0 ./lpc17xx_clkpwr.o
                0x000009bc                CLKPWR_SetPCLKDiv
 .text.CLKPWR_GetPCLKSEL
                0x00000a8c       0x54 ./lpc17xx_clkpwr.o
                0x00000a8c                CLKPWR_GetPCLKSEL
 .text.CLKPWR_GetPCLK
                0x00000ae0       0x70 ./lpc17xx_clkpwr.o
                0x00000ae0                CLKPWR_GetPCLK
 .text.CLKPWR_ConfigPPWR
                0x00000b50       0x7c ./lpc17xx_clkpwr.o
                0x00000b50                CLKPWR_ConfigPPWR
 .text.check_failed
                0x00000bcc        0xc ./lpc17xx_libcfg_default.o
                0x00000bcc                check_failed
 .text.setSSPclock
                0x00000bd8       0xfc ./lpc17xx_ssp.o
 .text.SSP_Init
                0x00000cd4       0xc0 ./lpc17xx_ssp.o
                0x00000cd4                SSP_Init
 .text.SSP_GetDataSize
                0x00000d94       0x4c ./lpc17xx_ssp.o
                0x00000d94                SSP_GetDataSize
 .text.SSP_ConfigStructInit
                0x00000de0       0x48 ./lpc17xx_ssp.o
                0x00000de0                SSP_ConfigStructInit
 .text.SSP_Cmd  0x00000e28       0x80 ./lpc17xx_ssp.o
                0x00000e28                SSP_Cmd
 .text.SSP_SendData
                0x00000ea8       0x48 ./lpc17xx_ssp.o
                0x00000ea8                SSP_SendData
 .text.SSP_ReceiveData
                0x00000ef0       0x48 ./lpc17xx_ssp.o
                0x00000ef0                SSP_ReceiveData
 .text.SSP_ReadWrite
                0x00000f38      0x398 ./lpc17xx_ssp.o
                0x00000f38                SSP_ReadWrite
 .text.SSP_ReadWriteBMA180
                0x000012d0       0xc4 ./lpc17xx_ssp.o
                0x000012d0                SSP_ReadWriteBMA180
 .text.updateAcc
                0x00001394       0x44 ./src/DCM.o
                0x00001394                updateAcc
 .text.Matrix_Multiply
                0x000013d8       0xf4 ./src/DCM.o
 .text.Normalize
                0x000014cc      0x19c ./src/DCM.o
                0x000014cc                Normalize
 .text.Drift_correction
                0x00001668      0x1d8 ./src/DCM.o
                0x00001668                Drift_correction
 .text.Matrix_update
                0x00001840      0x2a4 ./src/DCM.o
                0x00001840                Matrix_update
 .text.Euler_angles
                0x00001ae4       0xd0 ./src/DCM.o
                0x00001ae4                Euler_angles
 .text.Vector_Dot_Product
                0x00001bb4       0x68 ./src/Vector.o
                0x00001bb4                Vector_Dot_Product
 .text.Vector_Cross_Product
                0x00001c1c       0xdc ./src/Vector.o
                0x00001c1c                Vector_Cross_Product
 .text.Vector_Scale
                0x00001cf8       0x50 ./src/Vector.o
                0x00001cf8                Vector_Scale
 .text.Vector_Add
                0x00001d48       0x5c ./src/Vector.o
                0x00001d48                Vector_Add
 .text.read_adc
                0x00001da4       0x78 ./src/calculations.o
                0x00001da4                read_adc
 .text.initi2c1
                0x00001e1c       0x54 ./src/calculations.o
                0x00001e1c                initi2c1
 .text.initi2c2
                0x00001e70       0x7c ./src/calculations.o
                0x00001e70                initi2c2
 .text.update_sensor_data
                0x00001eec      0x148 ./src/calculations.o
                0x00001eec                update_sensor_data
 *fill*         0x00002034        0x4 00
 .text.calculations_heading
                0x00002038      0x3d8 ./src/calculations_heading.o
 .text.calculations_heading_init
                0x00002410       0x90 ./src/calculations_heading.o
                0x00002410                calculations_heading_init
 .text.calculations_heading_FromISR
                0x000024a0      0x488 ./src/calculations_heading.o
                0x000024a0                calculations_heading_FromISR
 .text.delay_ms
                0x00002928       0x20 ./src/dAccelerometer_BMA180.o
 .text.bmaRead  0x00002948       0x9c ./src/dAccelerometer_BMA180.o
 .text.bmaReadMultiple_FromISR
                0x000029e4       0xf4 ./src/dAccelerometer_BMA180.o
 .text.bmaWrite
                0x00002ad8       0xac ./src/dAccelerometer_BMA180.o
 .text.bmaInit  0x00002b84       0xfc ./src/dAccelerometer_BMA180.o
 .text.gpioIntInit
                0x00002c80       0x34 ./src/dAccelerometer_BMA180.o
 .text.NVIC_SetPriority
                0x00002cb4       0x5c ./src/dAccelerometer_BMA180.o
 .text.NVIC_EnableIRQ
                0x00002d10       0x38 ./src/dAccelerometer_BMA180.o
 .text.spiReqNewData_FromISR
                0x00002d48      0x260 ./src/dAccelerometer_BMA180.o
                0x00002d48                spiReqNewData_FromISR
 .text.spiGetAccelero
                0x00002fa8       0x50 ./src/dAccelerometer_BMA180.o
                0x00002fa8                spiGetAccelero
 .text.spiInit  0x00002ff8      0x108 ./src/dAccelerometer_BMA180.o
                0x00002ff8                spiInit
 .text.slewRateLimit
                0x00003100       0x58 ./src/dGyro_ITG-3200.o
 .text.gyroCalculateOffset
                0x00003158      0x1e0 ./src/dGyro_ITG-3200.o
 .text.gpioIntEnable
                0x00003338       0x34 ./src/dGyro_ITG-3200.o
 .text.NVIC_SetPriority
                0x0000336c       0x5c ./src/dGyro_ITG-3200.o
 .text.NVIC_EnableIRQ
                0x000033c8       0x38 ./src/dGyro_ITG-3200.o
 .text.gyroInit
                0x00003400      0x324 ./src/dGyro_ITG-3200.o
                0x00003400                gyroInit
 .text.gyroGetDataFromChip
                0x00003724      0x1e8 ./src/dGyro_ITG-3200.o
                0x00003724                gyroGetDataFromChip
 .text.initPwmServos
                0x0000390c      0x104 ./src/dServoPwm.o
                0x0000390c                initPwmServos
 .text.servoSet
                0x00003a10       0xf4 ./src/dServoPwm.o
                0x00003a10                servoSet
 .text.TIMER0_IRQHandler
                0x00003b04       0x90 ./src/dServoTimers.o
                0x00003b04                TIMER0_IRQHandler
 .text.main     0x00003b94       0x14 ./src/main.o
                0x00003b94                main
 .text.EINT3_IRQHandler
                0x00003ba8       0x54 ./src/main.o
                0x00003ba8                EINT3_IRQHandler
 .text.__write  0x00003bfc       0x28 ./HAL_UART/retargetPrintf.o
                0x00003bfc                __write
 .text.__readc  0x00003c24       0x10 ./HAL_UART/retargetPrintf.o
                0x00003c24                __readc
 .text.UART0_IRQHandler
                0x00003c34      0x17c ./HAL_UART/uart.o
                0x00003c34                UART0_IRQHandler
 .text.UART1_IRQHandler
                0x00003db0      0x17c ./HAL_UART/uart.o
                0x00003db0                UART1_IRQHandler
 .text.UART3_IRQHandler
                0x00003f2c      0x17c ./HAL_UART/uart.o
                0x00003f2c                UART3_IRQHandler
 .text.UARTInit
                0x000040a8      0x390 ./HAL_UART/uart.o
                0x000040a8                UARTInit
 .text.NVIC_EnableIRQ
                0x00004438       0x38 ./HAL_UART/uart.o
 .text.UARTSend
                0x00004470      0x104 ./HAL_UART/uart.o
                0x00004470                UARTSend
 .text.SystemInit
                0x00004574      0x224 C:\Users\admin\Desktop\Keadrone\CMSISv1p30_LPC17xx\Debug\libCMSISv1p30_LPC17xx.a(system_LPC17xx.o)
                0x00004574                SystemInit
 .text          0x00004798      0x4e8 C:\Users\admin\Desktop\Keadrone\FreeRTOS_Library\Debug\libFreeRTOS_Library.a(queue.o)
                0x00004a60                xQueueGenericSendFromISR
                0x00004bf4                xQueueCreate
                0x000047b8                vQueueDelete
                0x00004abc                xQueueGenericSend
                0x00004808                xQueueReceiveFromISR
                0x00004c68                xQueueCreateCountingSemaphore
                0x000047a8                xQueueIsQueueFullFromISR
                0x000047cc                uxQueueMessagesWaiting
                0x000048dc                xQueueGenericReceive
                0x00004798                uxQueueMessagesWaitingFromISR
                0x0000479c                xQueueIsQueueEmptyFromISR
                0x00004ba8                xQueueCreateMutex
 .text          0x00004c80      0xc64 C:\Users\admin\Desktop\Keadrone\FreeRTOS_Library\Debug\libFreeRTOS_Library.a(tasks.o)
                0x00005118                uxTaskPriorityGet
                0x000053d0                vTaskPrioritySet
                0x00005614                vTaskEndScheduler
                0x0000513c                vTaskPlaceOnEventList
                0x0000569c                xTaskGenericCreate
                0x00004c80                xTaskIsTaskSuspended
                0x0000500c                xTaskResumeFromISR
                0x00005100                xTaskGetTickCount
                0x00004e90                xTaskRemoveFromEventList
                0x00005594                vTaskDelete
                0x00005088                xTaskCheckForTimeOut
                0x00004cac                vTaskSuspendAll
                0x00004cc0                xTaskGetTickCountFromISR
                0x00004da8                vTaskPriorityDisinherit
                0x00004dfc                vTaskPriorityInherit
                0x000052c0                vTaskResume
                0x00004cd8                vTaskSwitchContext
                0x0000533c                vTaskSuspend
                0x00004ccc                uxTaskGetNumberOfTasks
                0x00004f18                vTaskIncrementTick
                0x000054e8                vTaskDelayUntil
                0x00004d98                xTaskGetCurrentTaskHandle
                0x000051c4                xTaskResumeAll
                0x00005890                vTaskStartScheduler
                0x00004d84                vTaskMissedYield
                0x00005484                vTaskDelay
                0x00004d70                vTaskSetTimeOutState
 .text          0x000058e4      0x130 C:\Users\admin\Desktop\Keadrone\FreeRTOS_Library\Debug\libFreeRTOS_Library.a(heap_2.o)
                0x000058e4                xPortGetFreeHeapSize
                0x000058f4                vPortFree
                0x00005930                pvPortMalloc
                0x000058f0                vPortInitialiseBlocks
 .text          0x00005a14      0x16c C:\Users\admin\Desktop\Keadrone\FreeRTOS_Library\Debug\libFreeRTOS_Library.a(port.o)
                0x00005a94                vPortExitCritical
                0x00005aec                xPortStartScheduler
                0x00005b54                xPortSysTickHandler
                0x00005ab0                xPortPendSVHandler
                0x00005a64                vPortEndScheduler
                0x00005a58                vPortStartFirstTask
                0x00005a38                vPortSVCHandler
                0x00005a68                vPortYieldFromISR
                0x00005a14                pxPortInitialiseStack
                0x00005a78                vPortEnterCritical
 .text          0x00005b80       0xa8 C:\Users\admin\Desktop\Keadrone\FreeRTOS_Library\Debug\libFreeRTOS_Library.a(list.o)
                0x00005ba0                vListInsertEnd
                0x00005c00                vListRemove
                0x00005b98                vListInitialiseItem
                0x00005b80                vListInitialise
                0x00005bc0                vListInsert
 .text          0x00005c28       0x54 c:/nxp/lpcxpresso_3.6/tools/bin/../lib/gcc/arm-none-eabi/4.3.3/../../../../arm-none-eabi/lib/thumb2\libcr_nohost.a(_cr__main.o)
                0x00005c28                __main
 .text._init_alloc
                0x00005c7c       0x18 c:/nxp/lpcxpresso_3.6/tools/bin/../lib/gcc/arm-none-eabi/4.3.3/../../../../arm-none-eabi/lib/thumb2\libcr_c.a(__init_alloc.o)
                0x00005c7c                _init_alloc
 .text.asin     0x00005c94        0xc c:/nxp/lpcxpresso_3.6/tools/bin/../lib/gcc/arm-none-eabi/4.3.3/../../../../arm-none-eabi/lib/thumb2\libcr_c.a(asin.o)
                0x00005c94                asin
 .text.atan2    0x00005ca0      0x128 c:/nxp/lpcxpresso_3.6/tools/bin/../lib/gcc/arm-none-eabi/4.3.3/../../../../arm-none-eabi/lib/thumb2\libcr_c.a(atan2.o)
                0x00005ca0                atan2
 .text          0x00005dc8      0x36c c:/nxp/lpcxpresso_3.6/tools/bin/../lib/gcc/arm-none-eabi/4.3.3/../../../../arm-none-eabi/lib/thumb2\libcr_c.a(ctype.o)
                0x00005dc8                _start_module_ctype
                0x00005e9c                islower
                0x00005f8c                tolower
                0x00005eec                ispunct
                0x00005f14                isspace
                0x00006128                _end_module_ctype
                0x00005f64                isxdigit
                0x000060a4                _ctype_init
                0x00005f3c                isupper
                0x00005dfc                isalpha
                0x00005e74                isgraph
                0x00005dd4                isalnum
                0x00005ec4                isprint
                0x00006004                _set_ctype_8859
                0x00005e4c                isdigit
                0x00005e24                iscntrl
                0x00005fc8                toupper
 .text.fabs     0x00006134       0x1c c:/nxp/lpcxpresso_3.6/tools/bin/../lib/gcc/arm-none-eabi/4.3.3/../../../../arm-none-eabi/lib/thumb2\libcr_c.a(fabs.o)
                0x00006134                fabs
 .text.fp_round
                0x00006150       0x68 c:/nxp/lpcxpresso_3.6/tools/bin/../lib/gcc/arm-none-eabi/4.3.3/../../../../arm-none-eabi/lib/thumb2\libcr_c.a(fpprintf.o)
 .text.sprintf  0x000061b8       0x70 c:/nxp/lpcxpresso_3.6/tools/bin/../lib/gcc/arm-none-eabi/4.3.3/../../../../arm-none-eabi/lib/thumb2\libcr_c.a(fpprintf.o)
                0x000061b8                sprintf
 .text.fp_display
                0x00006228      0xc68 c:/nxp/lpcxpresso_3.6/tools/bin/../lib/gcc/arm-none-eabi/4.3.3/../../../../arm-none-eabi/lib/thumb2\libcr_c.a(fpprintf.o)
 .text.printf   0x00006e90       0x38 c:/nxp/lpcxpresso_3.6/tools/bin/../lib/gcc/arm-none-eabi/4.3.3/../../../../arm-none-eabi/lib/thumb2\libcr_c.a(fpprintf.o)
                0x00006e90                printf
 .text._terminateio
                0x00006ec8       0x44 c:/nxp/lpcxpresso_3.6/tools/bin/../lib/gcc/arm-none-eabi/4.3.3/../../../../arm-none-eabi/lib/thumb2\libcr_c.a(initio.o)
                0x00006ec8                _terminateio
 .text._initio  0x00006f0c       0xc0 c:/nxp/lpcxpresso_3.6/tools/bin/../lib/gcc/arm-none-eabi/4.3.3/../../../../arm-none-eabi/lib/thumb2\libcr_c.a(initio.o)
                0x00006f0c                _initio
 .text.memcpy   0x00006fcc       0x3c c:/nxp/lpcxpresso_3.6/tools/bin/../lib/gcc/arm-none-eabi/4.3.3/../../../../arm-none-eabi/lib/thumb2\libcr_c.a(memcpy.o)
                0x00006fcc                memcpy
 .text.memset   0x00007008       0x50 c:/nxp/lpcxpresso_3.6/tools/bin/../lib/gcc/arm-none-eabi/4.3.3/../../../../arm-none-eabi/lib/thumb2\libcr_c.a(memset.o)
                0x00007008                memset
 .text.__vfprintf
                0x00007058     0x10fc c:/nxp/lpcxpresso_3.6/tools/bin/../lib/gcc/arm-none-eabi/4.3.3/../../../../arm-none-eabi/lib/thumb2\libcr_c.a(printf.o)
                0x00007058                __vfprintf
 .text.setvbuf  0x00008154       0x50 c:/nxp/lpcxpresso_3.6/tools/bin/../lib/gcc/arm-none-eabi/4.3.3/../../../../arm-none-eabi/lib/thumb2\libcr_c.a(setvbuf.o)
                0x00008154                setvbuf
 *fill*         0x000081a4        0x4 00
 .text.sqrt     0x000081a8      0x138 c:/nxp/lpcxpresso_3.6/tools/bin/../lib/gcc/arm-none-eabi/4.3.3/../../../../arm-none-eabi/lib/thumb2\libcr_c.a(sqrt.o)
                0x000081a8                sqrt
 .text._exit_init
                0x000082e0       0x10 c:/nxp/lpcxpresso_3.6/tools/bin/../lib/gcc/arm-none-eabi/4.3.3/../../../../arm-none-eabi/lib/thumb2\libcr_c.a(stdlib.o)
                0x000082e0                _exit_init
 .text.exit     0x000082f0       0x38 c:/nxp/lpcxpresso_3.6/tools/bin/../lib/gcc/arm-none-eabi/4.3.3/../../../../arm-none-eabi/lib/thumb2\libcr_c.a(stdlib.o)
                0x000082f0                exit
 .text.strcpy   0x00008328       0x60 c:/nxp/lpcxpresso_3.6/tools/bin/../lib/gcc/arm-none-eabi/4.3.3/../../../../arm-none-eabi/lib/thumb2\libcr_c.a(strcpy.o)
                0x00008328                strcpy
 .text.strlen   0x00008388       0x58 c:/nxp/lpcxpresso_3.6/tools/bin/../lib/gcc/arm-none-eabi/4.3.3/../../../../arm-none-eabi/lib/thumb2\libcr_c.a(strlen.o)
                0x00008388                strlen
 .text.strncpy  0x000083e0       0x78 c:/nxp/lpcxpresso_3.6/tools/bin/../lib/gcc/arm-none-eabi/4.3.3/../../../../arm-none-eabi/lib/thumb2\libcr_c.a(strncpy.o)
                0x000083e0                strncpy
 .text._asinacos
                0x00008458      0x2b8 c:/nxp/lpcxpresso_3.6/tools/bin/../lib/gcc/arm-none-eabi/4.3.3/../../../../arm-none-eabi/lib/thumb2\libcr_c.a(_asinacos.o)
                0x00008458                _asinacos
 .text._deferredlazyseek
                0x00008710       0x44 c:/nxp/lpcxpresso_3.6/tools/bin/../lib/gcc/arm-none-eabi/4.3.3/../../../../arm-none-eabi/lib/thumb2\libcr_c.a(_deferredlazyseek.o)
                0x00008710                _deferredlazyseek
 .text.__flsbuf
                0x00008754      0x19c c:/nxp/lpcxpresso_3.6/tools/bin/../lib/gcc/arm-none-eabi/4.3.3/../../../../arm-none-eabi/lib/thumb2\libcr_c.a(_deferredlazyseek.o)
                0x00008754                __flsbuf
 .text._fdopen  0x000088f0       0x70 c:/nxp/lpcxpresso_3.6/tools/bin/../lib/gcc/arm-none-eabi/4.3.3/../../../../arm-none-eabi/lib/thumb2\libcr_c.a(_fdopen.o)
                0x000088f0                _fdopen
 .text._fflush  0x00008960       0x60 c:/nxp/lpcxpresso_3.6/tools/bin/../lib/gcc/arm-none-eabi/4.3.3/../../../../arm-none-eabi/lib/thumb2\libcr_c.a(_fflush.o)
                0x00008960                _fflush
 .text._frexpl  0x000089c0       0x54 c:/nxp/lpcxpresso_3.6/tools/bin/../lib/gcc/arm-none-eabi/4.3.3/../../../../arm-none-eabi/lib/thumb2\libcr_c.a(_frexpl.o)
                0x000089c0                _frexpl
 .text._ldexpl  0x00008a14       0x50 c:/nxp/lpcxpresso_3.6/tools/bin/../lib/gcc/arm-none-eabi/4.3.3/../../../../arm-none-eabi/lib/thumb2\libcr_c.a(_ldexpl.o)
                0x00008a14                _ldexpl
 .text._Cwritebuf
                0x00008a64       0xa0 c:/nxp/lpcxpresso_3.6/tools/bin/../lib/gcc/arm-none-eabi/4.3.3/../../../../arm-none-eabi/lib/thumb2\libcr_c.a(_writebuf.o)
                0x00008a64                _Cwritebuf
 .text.free     0x00008b04        0xc c:/nxp/lpcxpresso_3.6/tools/bin/../lib/gcc/arm-none-eabi/4.3.3/../../../../arm-none-eabi/lib/thumb2\libcr_c.a(alloc.o)
                0x00008b04                free
 .text.malloc   0x00008b10       0xe8 c:/nxp/lpcxpresso_3.6/tools/bin/../lib/gcc/arm-none-eabi/4.3.3/../../../../arm-none-eabi/lib/thumb2\libcr_c.a(alloc.o)
                0x00008b10                malloc
 .text._Csys_alloc
                0x00008bf8       0x30 c:/nxp/lpcxpresso_3.6/tools/bin/../lib/gcc/arm-none-eabi/4.3.3/../../../../arm-none-eabi/lib/thumb2\libcr_c.a(alloc.o)
                0x00008bf8                _Csys_alloc
 .text.calloc   0x00008c28       0x68 c:/nxp/lpcxpresso_3.6/tools/bin/../lib/gcc/arm-none-eabi/4.3.3/../../../../arm-none-eabi/lib/thumb2\libcr_c.a(alloc.o)
                0x00008c28                calloc
 .text.atan     0x00008c90      0x230 c:/nxp/lpcxpresso_3.6/tools/bin/../lib/gcc/arm-none-eabi/4.3.3/../../../../arm-none-eabi/lib/thumb2\libcr_c.a(atan.o)
                0x00008c90                atan
 .text._Csysdie
                0x00008ec0       0x3c c:/nxp/lpcxpresso_3.6/tools/bin/../lib/gcc/arm-none-eabi/4.3.3/../../../../arm-none-eabi/lib/thumb2\libcr_c.a(error.o)
                0x00008ec0                _Csysdie
 .text.fclose   0x00008efc       0x80 c:/nxp/lpcxpresso_3.6/tools/bin/../lib/gcc/arm-none-eabi/4.3.3/../../../../arm-none-eabi/lib/thumb2\libcr_c.a(fclose.o)
                0x00008efc                fclose
 .text.fflush   0x00008f7c       0x34 c:/nxp/lpcxpresso_3.6/tools/bin/../lib/gcc/arm-none-eabi/4.3.3/../../../../arm-none-eabi/lib/thumb2\libcr_c.a(fflush.o)
                0x00008f7c                fflush
 .text.fseek    0x00008fb0      0x110 c:/nxp/lpcxpresso_3.6/tools/bin/../lib/gcc/arm-none-eabi/4.3.3/../../../../arm-none-eabi/lib/thumb2\libcr_c.a(fseek.o)
                0x00008fb0                fseek
 .text.ftell    0x000090c0       0x54 c:/nxp/lpcxpresso_3.6/tools/bin/../lib/gcc/arm-none-eabi/4.3.3/../../../../arm-none-eabi/lib/thumb2\libcr_c.a(ftell.o)
                0x000090c0                ftell
 .text.remove   0x00009114        0xc c:/nxp/lpcxpresso_3.6/tools/bin/../lib/gcc/arm-none-eabi/4.3.3/../../../../arm-none-eabi/lib/thumb2\libcr_c.a(remove.o)
                0x00009114                remove
 .text._do_fflush
                0x00009120       0x48 c:/nxp/lpcxpresso_3.6/tools/bin/../lib/gcc/arm-none-eabi/4.3.3/../../../../arm-none-eabi/lib/thumb2\libcr_c.a(_do_fflush.o)
                0x00009120                _do_fflush
 .text.__aeabi_dmul
                0x00009168      0x178 c:/nxp/lpcxpresso_3.6/tools/bin/../lib/gcc/arm-none-eabi/4.3.3/thumb2\libcr_eabihelpers.a(double.o)
                0x00009168                __aeabi_dmul
 .text.__aeabi_ddiv
                0x000092e0      0x20c c:/nxp/lpcxpresso_3.6/tools/bin/../lib/gcc/arm-none-eabi/4.3.3/thumb2\libcr_eabihelpers.a(double.o)
                0x000092e0                __aeabi_ddiv
 .text.__aeabi_dsub
                0x000094ec      0x230 c:/nxp/lpcxpresso_3.6/tools/bin/../lib/gcc/arm-none-eabi/4.3.3/thumb2\libcr_eabihelpers.a(double.o)
                0x000094ec                __aeabi_dsub
 .text.__aeabi_dadd
                0x0000971c      0x160 c:/nxp/lpcxpresso_3.6/tools/bin/../lib/gcc/arm-none-eabi/4.3.3/thumb2\libcr_eabihelpers.a(double.o)
                0x0000971c                __aeabi_dadd
 .text.__aeabi_d2f
                0x0000987c       0x5c c:/nxp/lpcxpresso_3.6/tools/bin/../lib/gcc/arm-none-eabi/4.3.3/thumb2\libcr_eabihelpers.a(double.o)
                0x0000987c                __aeabi_d2f
 .text.__aeabi_d2iz
                0x000098d8       0x50 c:/nxp/lpcxpresso_3.6/tools/bin/../lib/gcc/arm-none-eabi/4.3.3/thumb2\libcr_eabihelpers.a(double.o)
                0x000098d8                __aeabi_d2iz
 .text.__aeabi_dcmpeq
                0x00009928       0x4c c:/nxp/lpcxpresso_3.6/tools/bin/../lib/gcc/arm-none-eabi/4.3.3/thumb2\libcr_eabihelpers.a(double.o)
                0x00009928                __aeabi_dcmpeq
 .text.__aeabi_dcmplt
                0x00009974       0x74 c:/nxp/lpcxpresso_3.6/tools/bin/../lib/gcc/arm-none-eabi/4.3.3/thumb2\libcr_eabihelpers.a(double.o)
                0x00009974                __aeabi_dcmplt
 .text.__aeabi_dcmpgt
                0x000099e8       0x78 c:/nxp/lpcxpresso_3.6/tools/bin/../lib/gcc/arm-none-eabi/4.3.3/thumb2\libcr_eabihelpers.a(double.o)
                0x000099e8                __aeabi_dcmpgt
 .text.__aeabi_dcmple
                0x00009a60       0x7c c:/nxp/lpcxpresso_3.6/tools/bin/../lib/gcc/arm-none-eabi/4.3.3/thumb2\libcr_eabihelpers.a(double.o)
                0x00009a60                __aeabi_dcmple
 .text.__aeabi_dcmpge
                0x00009adc       0x80 c:/nxp/lpcxpresso_3.6/tools/bin/../lib/gcc/arm-none-eabi/4.3.3/thumb2\libcr_eabihelpers.a(double.o)
                0x00009adc                __aeabi_dcmpge
 .text.__aeabi_i2d
                0x00009b5c       0x50 c:/nxp/lpcxpresso_3.6/tools/bin/../lib/gcc/arm-none-eabi/4.3.3/thumb2\libcr_eabihelpers.a(double.o)
                0x00009b5c                __aeabi_i2d
 .text.__aeabi_fmul
                0x00009bac       0xd8 c:/nxp/lpcxpresso_3.6/tools/bin/../lib/gcc/arm-none-eabi/4.3.3/thumb2\libcr_eabihelpers.a(float.o)
                0x00009bac                __aeabi_fmul
 .text.__aeabi_fdiv
                0x00009c84      0x14c c:/nxp/lpcxpresso_3.6/tools/bin/../lib/gcc/arm-none-eabi/4.3.3/thumb2\libcr_eabihelpers.a(float.o)
                0x00009c84                __aeabi_fdiv
 .text.__aeabi_fsub
                0x00009dd0      0x144 c:/nxp/lpcxpresso_3.6/tools/bin/../lib/gcc/arm-none-eabi/4.3.3/thumb2\libcr_eabihelpers.a(float.o)
                0x00009dd0                __aeabi_fsub
 .text.__aeabi_fadd
                0x00009f14       0xd0 c:/nxp/lpcxpresso_3.6/tools/bin/../lib/gcc/arm-none-eabi/4.3.3/thumb2\libcr_eabihelpers.a(float.o)
                0x00009f14                __aeabi_fadd
 .text.__aeabi_f2uiz
                0x00009fe4       0x38 c:/nxp/lpcxpresso_3.6/tools/bin/../lib/gcc/arm-none-eabi/4.3.3/thumb2\libcr_eabihelpers.a(float.o)
                0x00009fe4                __aeabi_f2uiz
 .text.__aeabi_f2d
                0x0000a01c       0x3c c:/nxp/lpcxpresso_3.6/tools/bin/../lib/gcc/arm-none-eabi/4.3.3/thumb2\libcr_eabihelpers.a(float.o)
                0x0000a01c                __aeabi_f2d
 .text.__aeabi_fcmplt
                0x0000a058       0x50 c:/nxp/lpcxpresso_3.6/tools/bin/../lib/gcc/arm-none-eabi/4.3.3/thumb2\libcr_eabihelpers.a(float.o)
                0x0000a058                __aeabi_fcmplt
 .text.__aeabi_fcmpgt
                0x0000a0a8       0x50 c:/nxp/lpcxpresso_3.6/tools/bin/../lib/gcc/arm-none-eabi/4.3.3/thumb2\libcr_eabihelpers.a(float.o)
                0x0000a0a8                __aeabi_fcmpgt
 .text.__aeabi_i2f
                0x0000a0f8       0x54 c:/nxp/lpcxpresso_3.6/tools/bin/../lib/gcc/arm-none-eabi/4.3.3/thumb2\libcr_eabihelpers.a(float.o)
                0x0000a0f8                __aeabi_i2f
 .text          0x0000a14c       0x24 c:/nxp/lpcxpresso_3.6/tools/bin/../lib/gcc/arm-none-eabi/4.3.3/../../../../arm-none-eabi/lib/thumb2\libcr_nohost.a(_cr_sbrk.o)
                0x0000a14c                _sbrk
 .text          0x0000a170      0x13c c:/nxp/lpcxpresso_3.6/tools/bin/../lib/gcc/arm-none-eabi/4.3.3/../../../../arm-none-eabi/lib/thumb2\libcr_nohost.a(cr_sys.o)
                0x0000a1d4                _Csys_read_
                0x0000a23c                _Csyscall2
                0x0000a170                _Csyscall0
                0x0000a194                _Csys_tmpnam_
                0x0000a18c                _Csys_open
                0x0000a1f4                _Csyscall3
                0x0000a25c                _Csyscall1
 .text          0x0000a2ac        0x4 c:/nxp/lpcxpresso_3.6/tools/bin/../lib/gcc/arm-none-eabi/4.3.3/../../../../arm-none-eabi/lib/thumb2\libcr_nohost.a(cr__close.o)
                0x0000a2ac                __close
 .text          0x0000a2b0        0x4 c:/nxp/lpcxpresso_3.6/tools/bin/../lib/gcc/arm-none-eabi/4.3.3/../../../../arm-none-eabi/lib/thumb2\libcr_nohost.a(cr__exit.o)
                0x0000a2b0                __exit
 .text          0x0000a2b4        0x8 c:/nxp/lpcxpresso_3.6/tools/bin/../lib/gcc/arm-none-eabi/4.3.3/../../../../arm-none-eabi/lib/thumb2\libcr_nohost.a(cr__open.o)
                0x0000a2b4                __open
 .text          0x0000a2bc        0x8 c:/nxp/lpcxpresso_3.6/tools/bin/../lib/gcc/arm-none-eabi/4.3.3/../../../../arm-none-eabi/lib/thumb2\libcr_nohost.a(cr__read.o)
                0x0000a2bc                __read
 .text          0x0000a2c4        0x8 c:/nxp/lpcxpresso_3.6/tools/bin/../lib/gcc/arm-none-eabi/4.3.3/../../../../arm-none-eabi/lib/thumb2\libcr_nohost.a(cr__unlink.o)
                0x0000a2c4                __unlink
 .text          0x0000a2cc       0x18 c:/nxp/lpcxpresso_3.6/tools/bin/../lib/gcc/arm-none-eabi/4.3.3/../../../../arm-none-eabi/lib/thumb2\libcr_nohost.a(cr_dummy_stubs.o)
                0x0000a2d4                _stub_istty
                0x0000a2d0                _stub_clock
                0x0000a2dc                _stub_read
                0x0000a2cc                _stub_tmpnam
                0x0000a2d8                _stub_seek
                0x0000a2e0                _stub_time
 *(.rodata .rodata.*)
 .rodata        0x0000a2e4       0x14 ./lpc17xx_ssp.o
 .rodata        0x0000a2f8       0x50 ./src/calculations_heading.o
                0x0000a2f8                PI
 .rodata        0x0000a348       0x34 ./src/dAccelerometer_BMA180.o
 .rodata        0x0000a37c       0x2c ./src/dGyro_ITG-3200.o
 .rodata.str1.4
                0x0000a3a8        0x5 C:\Users\admin\Desktop\Keadrone\FreeRTOS_Library\Debug\libFreeRTOS_Library.a(tasks.o)
                                  0x8 (size before relaxing)
 *fill*         0x0000a3ad        0x3 00
 .rodata.str1.4
                0x0000a3b0       0x43 c:/nxp/lpcxpresso_3.6/tools/bin/../lib/gcc/arm-none-eabi/4.3.3/../../../../arm-none-eabi/lib/thumb2\libcr_c.a(fpprintf.o)
                                 0x48 (size before relaxing)
 *fill*         0x0000a3f3        0x1 00
 .rodata.str1.4
                0x0000a3f4        0x6 c:/nxp/lpcxpresso_3.6/tools/bin/../lib/gcc/arm-none-eabi/4.3.3/../../../../arm-none-eabi/lib/thumb2\libcr_c.a(initio.o)
                                  0x8 (size before relaxing)
 *fill*         0x0000a3fa        0x2 00
 .rodata.str1.4
                0x0000a3fc       0x3a c:/nxp/lpcxpresso_3.6/tools/bin/../lib/gcc/arm-none-eabi/4.3.3/../../../../arm-none-eabi/lib/thumb2\libcr_c.a(printf.o)
                                 0x4c (size before relaxing)
 *fill*         0x0000a436        0x2 00
 .rodata.b.1383
                0x0000a438       0x10 c:/nxp/lpcxpresso_3.6/tools/bin/../lib/gcc/arm-none-eabi/4.3.3/../../../../arm-none-eabi/lib/thumb2\libcr_c.a(_asinacos.o)
 .rodata.a.1382
                0x0000a448       0x10 c:/nxp/lpcxpresso_3.6/tools/bin/../lib/gcc/arm-none-eabi/4.3.3/../../../../arm-none-eabi/lib/thumb2\libcr_c.a(_asinacos.o)
 .rodata.__huge_val
                0x0000a458        0x8 c:/nxp/lpcxpresso_3.6/tools/bin/../lib/gcc/arm-none-eabi/4.3.3/../../../../arm-none-eabi/lib/thumb2\libcr_c.a(_hugeval.o)
                0x0000a458                __huge_val
 .rodata.__huge_vall
                0x0000a460        0x8 c:/nxp/lpcxpresso_3.6/tools/bin/../lib/gcc/arm-none-eabi/4.3.3/../../../../arm-none-eabi/lib/thumb2\libcr_c.a(_hugeval.o)
                0x0000a460                __huge_vall
 .rodata.str1.4
                0x0000a468       0x63 c:/nxp/lpcxpresso_3.6/tools/bin/../lib/gcc/arm-none-eabi/4.3.3/../../../../arm-none-eabi/lib/thumb2\libcr_c.a(alloc.o)
                                 0x64 (size before relaxing)
 *fill*         0x0000a4cb        0x5 00
 .rodata.a.1379
                0x0000a4d0       0x20 c:/nxp/lpcxpresso_3.6/tools/bin/../lib/gcc/arm-none-eabi/4.3.3/../../../../arm-none-eabi/lib/thumb2\libcr_c.a(atan.o)
 .rodata.str1.4
                0x0000a4f0      0x10c c:/nxp/lpcxpresso_3.6/tools/bin/../lib/gcc/arm-none-eabi/4.3.3/../../../../arm-none-eabi/lib/thumb2\libcr_c.a(error.o)
                                0x110 (size before relaxing)
 .rodata.str1.1
                0x0000a5fc        0xc c:/nxp/lpcxpresso_3.6/tools/bin/../lib/gcc/arm-none-eabi/4.3.3/../../../../arm-none-eabi/lib/thumb2\libcr_nohost.a(cr_sys.o)
                0x0000a608                . = ALIGN (0x4)

.glue_7         0x0000a608        0x0
 .glue_7        0x00000000        0x0 linker stubs

.glue_7t        0x0000a608        0x0
 .glue_7t       0x00000000        0x0 linker stubs

.vfp11_veneer   0x0000a608        0x0
 .vfp11_veneer  0x00000000        0x0 linker stubs

.v4_bx          0x0000a608        0x0
 .v4_bx         0x00000000        0x0 linker stubs

.ARM.extab
 *(.ARM.extab* .gnu.linkonce.armextab.*)
                0x0000a608                __exidx_start = .

.ARM.exidx
 *(.ARM.exidx* .gnu.linkonce.armexidx.*)
                0x0000a608                __exidx_end = .
                0x0000a608                _etext = .

.data_RAM2      0x2007c000        0x0 load address 0x0000a608
 FILL mask 0xff
 *(.data.$RAM2*)
 *(.data.$RamAHB16*)
                0x2007c000                . = ALIGN (0x4)

.uninit_RESERVED
 *(.bss.$RESERVED*)

.data           0x10000000      0x288 load address 0x0000a608
 FILL mask 0xff
                0x10000000                _data = .
 *(vtable)
 *(.data*)
 .data          0x10000000       0x50 ./src/DCM.o
                0x1000004c                Kp_ROLLPITCHa
 .data          0x10000050       0x24 ./src/calculations.o
 .data          0x10000074        0x1 ./src/calculations_heading.o
 .data          0x10000075        0x3 ./HAL_UART/uart.o
                0x10000077                UART3TxEmpty
                0x10000075                UART0TxEmpty
                0x10000076                UART1TxEmpty
 .data          0x10000078        0x4 C:\Users\admin\Desktop\Keadrone\CMSISv1p30_LPC17xx\Debug\libCMSISv1p30_LPC17xx.a(system_LPC17xx.o)
                0x10000078                SystemCoreClock
 .data          0x1000007c        0x4 C:\Users\admin\Desktop\Keadrone\FreeRTOS_Library\Debug\libFreeRTOS_Library.a(heap_2.o)
 .data          0x10000080        0x4 C:\Users\admin\Desktop\Keadrone\FreeRTOS_Library\Debug\libFreeRTOS_Library.a(port.o)
 .data          0x10000084      0x204 c:/nxp/lpcxpresso_3.6/tools/bin/../lib/gcc/arm-none-eabi/4.3.3/../../../../arm-none-eabi/lib/thumb2\libcr_c.a(ctype.o)
                0x10000084                __ctype
                0x10000288                . = ALIGN (0x4)
                0x10000288                _edata = .

.bss_RAM2       0x2007c000        0x0
 *(.bss.$RAM2*)
 *(.bss.$RamAHB16*)
                0x2007c000                . = ALIGN (0x4)

.bss            0x10000288     0x1360
                0x10000288                _bss = .
 *(.bss*)
 .bss           0x10000288       0x18 ./i2c.o
                0x10000294                RdIndex
                0x10000288                I2CMasterState
                0x10000290                I2CCount
                0x10000298                WrIndex
 .bss           0x100002a0       0x9c ./src/DCM.o
                0x10000324                Ki_ROLLPITCHa
 .bss           0x1000033c       0x3c ./src/calculations.o
 .bss           0x10000378       0x5c ./src/calculations_heading.o
 .bss           0x100003d4       0x30 ./src/dAccelerometer_BMA180.o
 .bss           0x10000404       0x34 ./src/dGyro_ITG-3200.o
 .bss           0x10000438        0xc ./HAL_UART/uart.o
                0x10000438                UART0Count
                0x10000440                UART3Count
                0x1000043c                UART1Count
 .bss           0x10000444      0x100 C:\Users\admin\Desktop\Keadrone\FreeRTOS_Library\Debug\libFreeRTOS_Library.a(tasks.o)
                0x100004e4                pxCurrentTCB
 *fill*         0x10000544        0x4 00
 .bss           0x10000548      0xc18 C:\Users\admin\Desktop\Keadrone\FreeRTOS_Library\Debug\libFreeRTOS_Library.a(heap_2.o)
 .bss.sys_message
                0x10001160       0x3c c:/nxp/lpcxpresso_3.6/tools/bin/../lib/gcc/arm-none-eabi/4.3.3/../../../../arm-none-eabi/lib/thumb2\libcr_c.a(alloc.o)
 .bss           0x1000119c        0x4 c:/nxp/lpcxpresso_3.6/tools/bin/../lib/gcc/arm-none-eabi/4.3.3/../../../../arm-none-eabi/lib/thumb2\libcr_nohost.a(cr_sys.o)
 *(COMMON)
 COMMON         0x100011a0       0x10 ./i2c.o
                0x100011a0                I2CReadLength
                0x100011a4                I2CCmd
                0x100011a8                I2CWriteLength
                0x100011ac                LPC_I2Cx
 COMMON         0x100011b0        0xc ./src/DCM.o
                0x100011b0                gyro_true
 COMMON         0x100011bc       0x30 ./src/calculations_heading.o
                0x100011bc                xSemaphore
                0x100011c0                gyro
                0x100011cc                gyroCurrent
                0x100011e4                accCurrent
 COMMON         0x100011ec       0x14 ./src/dServoTimers.o
                0x100011ec                SERVO_TIMERS
 COMMON         0x10001200       0xcc ./HAL_UART/uart.o
                0x10001200                UART1Buffer
                0x10001240                UART3Status
                0x10001244                UART0Buffer
                0x10001284                UART1Status
                0x10001288                UART3Buffer
                0x100012c8                UART0Status
 COMMON         0x100012cc        0x8 c:/nxp/lpcxpresso_3.6/tools/bin/../lib/gcc/arm-none-eabi/4.3.3/../../../../arm-none-eabi/lib/thumb2\libcr_nohost.a(_cr__main.o)
                0x100012cc                errno
                0x100012d0                _error_recursion
 COMMON         0x100012d4        0x8 c:/nxp/lpcxpresso_3.6/tools/bin/../lib/gcc/arm-none-eabi/4.3.3/../../../../arm-none-eabi/lib/thumb2\libcr_c.a(__init_alloc.o)
                0x100012d4                __heaps
                0x100012d8                __end_of_heap
 COMMON         0x100012dc        0x4 c:/nxp/lpcxpresso_3.6/tools/bin/../lib/gcc/arm-none-eabi/4.3.3/../../../../arm-none-eabi/lib/thumb2\libcr_c.a(initio.o)
                0x100012dc                _extra
 COMMON         0x100012e0      0x280 c:/nxp/lpcxpresso_3.6/tools/bin/../lib/gcc/arm-none-eabi/4.3.3/../../../../arm-none-eabi/lib/thumb2\libcr_c.a(stdio.o)
                0x100012e0                __Ciob
 COMMON         0x10001560       0x88 c:/nxp/lpcxpresso_3.6/tools/bin/../lib/gcc/arm-none-eabi/4.3.3/../../../../arm-none-eabi/lib/thumb2\libcr_c.a(stdlib.o)
                0x10001560                _exitvector
                0x100015e4                _number_of_exit_functions
                0x100015e8                . = ALIGN (0x4)
                0x100015e8                _ebss = .
                0x100015e8                PROVIDE (end, .)
                0x100015e8                PROVIDE (_pvHeapStart, .)
                0x10004000                PROVIDE (_vStackTop, (__top_RamLoc16 - 0x0))
OUTPUT(SimpleDemo.axf elf32-littlearm)

.debug_abbrev   0x00000000     0x1de8
 .debug_abbrev  0x00000000       0xbd ./cr_startup_lpc17.o
 .debug_abbrev  0x000000bd      0x1f5 ./i2c.o
 .debug_abbrev  0x000002b2      0x17d ./lpc17xx_clkpwr.o
 .debug_abbrev  0x0000042f       0x6a ./lpc17xx_libcfg_default.o
 .debug_abbrev  0x00000499      0x1a6 ./lpc17xx_ssp.o
 .debug_abbrev  0x0000063f      0x118 ./src/DCM.o
 .debug_abbrev  0x00000757       0xa9 ./src/Vector.o
 .debug_abbrev  0x00000800       0xf8 ./src/calculations.o
 .debug_abbrev  0x000008f8      0x15b ./src/calculations_heading.o
 .debug_abbrev  0x00000a53      0x210 ./src/dAccelerometer_BMA180.o
 .debug_abbrev  0x00000c63      0x104 ./src/dAnalogLpc.o
 .debug_abbrev  0x00000d67      0x1f5 ./src/dGyro_ITG-3200.o
 .debug_abbrev  0x00000f5c      0x10d ./src/dServoPwm.o
 .debug_abbrev  0x00001069      0x176 ./src/dServoTimers.o
 .debug_abbrev  0x000011df       0xbd ./src/main.o
 .debug_abbrev  0x0000129c       0x85 ./HAL_UART/retargetPrintf.o
 .debug_abbrev  0x00001321      0x1ea ./HAL_UART/uart.o
 .debug_abbrev  0x0000150b       0xc6 C:\Users\admin\Desktop\Keadrone\CMSISv1p30_LPC17xx\Debug\libCMSISv1p30_LPC17xx.a(system_LPC17xx.o)
 .debug_abbrev  0x000015d1      0x1bf C:\Users\admin\Desktop\Keadrone\FreeRTOS_Library\Debug\libFreeRTOS_Library.a(queue.o)
 .debug_abbrev  0x00001790      0x270 C:\Users\admin\Desktop\Keadrone\FreeRTOS_Library\Debug\libFreeRTOS_Library.a(tasks.o)
 .debug_abbrev  0x00001a00      0x1a3 C:\Users\admin\Desktop\Keadrone\FreeRTOS_Library\Debug\libFreeRTOS_Library.a(heap_2.o)
 .debug_abbrev  0x00001ba3      0x159 C:\Users\admin\Desktop\Keadrone\FreeRTOS_Library\Debug\libFreeRTOS_Library.a(port.o)
 .debug_abbrev  0x00001cfc       0xec C:\Users\admin\Desktop\Keadrone\FreeRTOS_Library\Debug\libFreeRTOS_Library.a(list.o)

.debug_info     0x00000000     0x87a9
 .debug_info    0x00000000      0x1ec ./cr_startup_lpc17.o
 .debug_info    0x000001ec      0xb7c ./i2c.o
 .debug_info    0x00000d68      0x641 ./lpc17xx_clkpwr.o
 .debug_info    0x000013a9       0xcd ./lpc17xx_libcfg_default.o
 .debug_info    0x00001476      0x823 ./lpc17xx_ssp.o
 .debug_info    0x00001c99      0x445 ./src/DCM.o
 .debug_info    0x000020de      0x173 ./src/Vector.o
 .debug_info    0x00002251      0x210 ./src/calculations.o
 .debug_info    0x00002461      0x44e ./src/calculations_heading.o
 .debug_info    0x000028af      0xf01 ./src/dAccelerometer_BMA180.o
 .debug_info    0x000037b0      0x5eb ./src/dAnalogLpc.o
 .debug_info    0x00003d9b      0xb63 ./src/dGyro_ITG-3200.o
 .debug_info    0x000048fe      0x42c ./src/dServoPwm.o
 .debug_info    0x00004d2a      0x895 ./src/dServoTimers.o
 .debug_info    0x000055bf      0x1a2 ./src/main.o
 .debug_info    0x00005761       0xf5 ./HAL_UART/retargetPrintf.o
 .debug_info    0x00005856      0xf16 ./HAL_UART/uart.o
 .debug_info    0x0000676c      0x362 C:\Users\admin\Desktop\Keadrone\CMSISv1p30_LPC17xx\Debug\libCMSISv1p30_LPC17xx.a(system_LPC17xx.o)
 .debug_info    0x00006ace      0x7ee C:\Users\admin\Desktop\Keadrone\FreeRTOS_Library\Debug\libFreeRTOS_Library.a(queue.o)
 .debug_info    0x000072bc      0xd54 C:\Users\admin\Desktop\Keadrone\FreeRTOS_Library\Debug\libFreeRTOS_Library.a(tasks.o)
 .debug_info    0x00008010      0x2c6 C:\Users\admin\Desktop\Keadrone\FreeRTOS_Library\Debug\libFreeRTOS_Library.a(heap_2.o)
 .debug_info    0x000082d6      0x21a C:\Users\admin\Desktop\Keadrone\FreeRTOS_Library\Debug\libFreeRTOS_Library.a(port.o)
 .debug_info    0x000084f0      0x2b9 C:\Users\admin\Desktop\Keadrone\FreeRTOS_Library\Debug\libFreeRTOS_Library.a(list.o)

.debug_line     0x00000000     0x5882
 .debug_line    0x00000000      0x33d ./cr_startup_lpc17.o
 .debug_line    0x0000033d      0x3ad ./i2c.o
 .debug_line    0x000006ea      0x37f ./lpc17xx_clkpwr.o
 .debug_line    0x00000a69      0x272 ./lpc17xx_libcfg_default.o
 .debug_line    0x00000cdb      0x516 ./lpc17xx_ssp.o
 .debug_line    0x000011f1      0x38d ./src/DCM.o
 .debug_line    0x0000157e       0x83 ./src/Vector.o
 .debug_line    0x00001601      0x311 ./src/calculations.o
 .debug_line    0x00001912      0x51c ./src/calculations_heading.o
 .debug_line    0x00001e2e      0x57e ./src/dAccelerometer_BMA180.o
 .debug_line    0x000023ac      0x2c1 ./src/dAnalogLpc.o
 .debug_line    0x0000266d      0x526 ./src/dGyro_ITG-3200.o
 .debug_line    0x00002b93      0x313 ./src/dServoPwm.o
 .debug_line    0x00002ea6      0x358 ./src/dServoTimers.o
 .debug_line    0x000031fe      0x446 ./src/main.o
 .debug_line    0x00003644      0x2a3 ./HAL_UART/retargetPrintf.o
 .debug_line    0x000038e7      0x3de ./HAL_UART/uart.o
 .debug_line    0x00003cc5      0x2e9 C:\Users\admin\Desktop\Keadrone\CMSISv1p30_LPC17xx\Debug\libCMSISv1p30_LPC17xx.a(system_LPC17xx.o)
 .debug_line    0x00003fae      0x585 C:\Users\admin\Desktop\Keadrone\FreeRTOS_Library\Debug\libFreeRTOS_Library.a(queue.o)
 .debug_line    0x00004533      0x645 C:\Users\admin\Desktop\Keadrone\FreeRTOS_Library\Debug\libFreeRTOS_Library.a(tasks.o)
 .debug_line    0x00004b78      0x465 C:\Users\admin\Desktop\Keadrone\FreeRTOS_Library\Debug\libFreeRTOS_Library.a(heap_2.o)
 .debug_line    0x00004fdd      0x459 C:\Users\admin\Desktop\Keadrone\FreeRTOS_Library\Debug\libFreeRTOS_Library.a(port.o)
 .debug_line    0x00005436      0x44c C:\Users\admin\Desktop\Keadrone\FreeRTOS_Library\Debug\libFreeRTOS_Library.a(list.o)

.debug_macinfo  0x00000000    0x9b646
 .debug_macinfo
                0x00000000     0x267e ./cr_startup_lpc17.o
 .debug_macinfo
                0x0000267e     0x8104 ./i2c.o
 .debug_macinfo
                0x0000a782     0x7f61 ./lpc17xx_clkpwr.o
 .debug_macinfo
                0x000126e3     0x2974 ./lpc17xx_libcfg_default.o
 .debug_macinfo
                0x00015057     0x9224 ./lpc17xx_ssp.o
 .debug_macinfo
                0x0001e27b     0x2d16 ./src/DCM.o
 .debug_macinfo
                0x00020f91      0xc1a ./src/Vector.o
 .debug_macinfo
                0x00021bab     0x2d05 ./src/calculations.o
 .debug_macinfo
                0x000248b0     0xa9b6 ./src/calculations_heading.o
 .debug_macinfo
                0x0002f266     0x9a00 ./src/dAccelerometer_BMA180.o
 .debug_macinfo
                0x00038c66     0x6b6d ./src/dAnalogLpc.o
 .debug_macinfo
                0x0003f7d3     0x887f ./src/dGyro_ITG-3200.o
 .debug_macinfo
                0x00048052     0x7f61 ./src/dServoPwm.o
 .debug_macinfo
                0x0004ffb3     0x7f61 ./src/dServoTimers.o
 .debug_macinfo
                0x00057f14     0x851d ./src/main.o
 .debug_macinfo
                0x00060431     0x2a86 ./HAL_UART/retargetPrintf.o
 .debug_macinfo
                0x00062eb7     0x6d3c ./HAL_UART/uart.o
 .debug_macinfo
                0x00069bf3     0x6d5c C:\Users\admin\Desktop\Keadrone\CMSISv1p30_LPC17xx\Debug\libCMSISv1p30_LPC17xx.a(system_LPC17xx.o)
 .debug_macinfo
                0x0007094f     0x8e16 C:\Users\admin\Desktop\Keadrone\FreeRTOS_Library\Debug\libFreeRTOS_Library.a(queue.o)
 .debug_macinfo
                0x00079765     0x8cc6 C:\Users\admin\Desktop\Keadrone\FreeRTOS_Library\Debug\libFreeRTOS_Library.a(tasks.o)
 .debug_macinfo
                0x0008242b     0x88ca C:\Users\admin\Desktop\Keadrone\FreeRTOS_Library\Debug\libFreeRTOS_Library.a(heap_2.o)
 .debug_macinfo
                0x0008acf5     0x8734 C:\Users\admin\Desktop\Keadrone\FreeRTOS_Library\Debug\libFreeRTOS_Library.a(port.o)
 .debug_macinfo
                0x00093429     0x821d C:\Users\admin\Desktop\Keadrone\FreeRTOS_Library\Debug\libFreeRTOS_Library.a(list.o)

.debug_frame    0x00000000     0x1330
 .debug_frame   0x00000000      0x120 ./cr_startup_lpc17.o
 .debug_frame   0x00000120       0xf0 ./i2c.o
 .debug_frame   0x00000210      0x10c ./lpc17xx_clkpwr.o
 .debug_frame   0x0000031c       0x2c ./lpc17xx_libcfg_default.o
 .debug_frame   0x00000348      0x26c ./lpc17xx_ssp.o
 .debug_frame   0x000005b4       0xf0 ./src/DCM.o
 .debug_frame   0x000006a4       0x94 ./src/Vector.o
 .debug_frame   0x00000738       0x88 ./src/calculations.o
 .debug_frame   0x000007c0       0x80 ./src/calculations_heading.o
 .debug_frame   0x00000840      0x160 ./src/dAccelerometer_BMA180.o
 .debug_frame   0x000009a0       0x44 ./src/dAnalogLpc.o
 .debug_frame   0x000009e4       0xe0 ./src/dGyro_ITG-3200.o
 .debug_frame   0x00000ac4       0x48 ./src/dServoPwm.o
 .debug_frame   0x00000b0c       0x98 ./src/dServoTimers.o
 .debug_frame   0x00000ba4       0x48 ./src/main.o
 .debug_frame   0x00000bec       0x4c ./HAL_UART/retargetPrintf.o
 .debug_frame   0x00000c38       0xbc ./HAL_UART/uart.o
 .debug_frame   0x00000cf4       0x48 C:\Users\admin\Desktop\Keadrone\CMSISv1p30_LPC17xx\Debug\libCMSISv1p30_LPC17xx.a(system_LPC17xx.o)
 .debug_frame   0x00000d3c      0x198 C:\Users\admin\Desktop\Keadrone\FreeRTOS_Library\Debug\libFreeRTOS_Library.a(queue.o)
 .debug_frame   0x00000ed4      0x2c8 C:\Users\admin\Desktop\Keadrone\FreeRTOS_Library\Debug\libFreeRTOS_Library.a(tasks.o)
 .debug_frame   0x0000119c       0x6c C:\Users\admin\Desktop\Keadrone\FreeRTOS_Library\Debug\libFreeRTOS_Library.a(heap_2.o)
 .debug_frame   0x00001208       0xc0 C:\Users\admin\Desktop\Keadrone\FreeRTOS_Library\Debug\libFreeRTOS_Library.a(port.o)
 .debug_frame   0x000012c8       0x68 C:\Users\admin\Desktop\Keadrone\FreeRTOS_Library\Debug\libFreeRTOS_Library.a(list.o)

.debug_loc      0x00000000     0x2759
 .debug_loc     0x00000000      0x1e5 ./cr_startup_lpc17.o
 .debug_loc     0x000001e5      0x1a0 ./i2c.o
 .debug_loc     0x00000385      0x1b3 ./lpc17xx_clkpwr.o
 .debug_loc     0x00000538       0x37 ./lpc17xx_libcfg_default.o
 .debug_loc     0x0000056f      0x415 ./lpc17xx_ssp.o
 .debug_loc     0x00000984      0x175 ./src/DCM.o
 .debug_loc     0x00000af9       0xdc ./src/Vector.o
 .debug_loc     0x00000bd5       0xdc ./src/calculations.o
 .debug_loc     0x00000cb1       0x9a ./src/calculations_heading.o
 .debug_loc     0x00000d4b      0x245 ./src/dAccelerometer_BMA180.o
 .debug_loc     0x00000f90       0x62 ./src/dAnalogLpc.o
 .debug_loc     0x00000ff2      0x169 ./src/dGyro_ITG-3200.o
 .debug_loc     0x0000115b       0x62 ./src/dServoPwm.o
 .debug_loc     0x000011bd       0xfb ./src/dServoTimers.o
 .debug_loc     0x000012b8       0x56 ./src/main.o
 .debug_loc     0x0000130e       0x6e ./HAL_UART/retargetPrintf.o
 .debug_loc     0x0000137c      0x14a ./HAL_UART/uart.o
 .debug_loc     0x000014c6       0x56 C:\Users\admin\Desktop\Keadrone\CMSISv1p30_LPC17xx\Debug\libCMSISv1p30_LPC17xx.a(system_LPC17xx.o)
 .debug_loc     0x0000151c      0x6d5 C:\Users\admin\Desktop\Keadrone\FreeRTOS_Library\Debug\libFreeRTOS_Library.a(queue.o)
 .debug_loc     0x00001bf1      0x8dc C:\Users\admin\Desktop\Keadrone\FreeRTOS_Library\Debug\libFreeRTOS_Library.a(tasks.o)
 .debug_loc     0x000024cd      0x1c2 C:\Users\admin\Desktop\Keadrone\FreeRTOS_Library\Debug\libFreeRTOS_Library.a(heap_2.o)
 .debug_loc     0x0000268f       0x6f C:\Users\admin\Desktop\Keadrone\FreeRTOS_Library\Debug\libFreeRTOS_Library.a(port.o)
 .debug_loc     0x000026fe       0x5b C:\Users\admin\Desktop\Keadrone\FreeRTOS_Library\Debug\libFreeRTOS_Library.a(list.o)

.debug_pubnames
                0x00000000      0xf1e
 .debug_pubnames
                0x00000000       0xfd ./cr_startup_lpc17.o
 .debug_pubnames
                0x000000fd      0x109 ./i2c.o
 .debug_pubnames
                0x00000206       0xbb ./lpc17xx_clkpwr.o
 .debug_pubnames
                0x000002c1       0x23 ./lpc17xx_libcfg_default.o
 .debug_pubnames
                0x000002e4      0x174 ./lpc17xx_ssp.o
 .debug_pubnames
                0x00000458       0xab ./src/DCM.o
 .debug_pubnames
                0x00000503       0x62 ./src/Vector.o
 .debug_pubnames
                0x00000565       0x5e ./src/calculations.o
 .debug_pubnames
                0x000005c3       0x9d ./src/calculations_heading.o
 .debug_pubnames
                0x00000660       0x4b ./src/dAccelerometer_BMA180.o
 .debug_pubnames
                0x000006ab       0x2c ./src/dAnalogLpc.o
 .debug_pubnames
                0x000006d7       0x37 ./src/dGyro_ITG-3200.o
 .debug_pubnames
                0x0000070e       0x31 ./src/dServoPwm.o
 .debug_pubnames
                0x0000073f       0x55 ./src/dServoTimers.o
 .debug_pubnames
                0x00000794       0x30 ./src/main.o
 .debug_pubnames
                0x000007c4       0x2a ./HAL_UART/retargetPrintf.o
 .debug_pubnames
                0x000007ee      0x12b ./HAL_UART/uart.o
 .debug_pubnames
                0x00000919       0x4f C:\Users\admin\Desktop\Keadrone\CMSISv1p30_LPC17xx\Debug\libCMSISv1p30_LPC17xx.a(system_LPC17xx.o)
 .debug_pubnames
                0x00000968      0x149 C:\Users\admin\Desktop\Keadrone\FreeRTOS_Library\Debug\libFreeRTOS_Library.a(queue.o)
 .debug_pubnames
                0x00000ab1      0x28b C:\Users\admin\Desktop\Keadrone\FreeRTOS_Library\Debug\libFreeRTOS_Library.a(tasks.o)
 .debug_pubnames
                0x00000d3c       0x64 C:\Users\admin\Desktop\Keadrone\FreeRTOS_Library\Debug\libFreeRTOS_Library.a(heap_2.o)
 .debug_pubnames
                0x00000da0      0x10d C:\Users\admin\Desktop\Keadrone\FreeRTOS_Library\Debug\libFreeRTOS_Library.a(port.o)
 .debug_pubnames
                0x00000ead       0x71 C:\Users\admin\Desktop\Keadrone\FreeRTOS_Library\Debug\libFreeRTOS_Library.a(list.o)

.debug_aranges  0x00000000      0x598
 .debug_aranges
                0x00000000       0x70 ./cr_startup_lpc17.o
 .debug_aranges
                0x00000070       0x58 ./i2c.o
 .debug_aranges
                0x000000c8       0x60 ./lpc17xx_clkpwr.o
 .debug_aranges
                0x00000128       0x20 ./lpc17xx_libcfg_default.o
 .debug_aranges
                0x00000148       0xb0 ./lpc17xx_ssp.o
 .debug_aranges
                0x000001f8       0x50 ./src/DCM.o
 .debug_aranges
                0x00000248       0x38 ./src/Vector.o
 .debug_aranges
                0x00000280       0x38 ./src/calculations.o
 .debug_aranges
                0x000002b8       0x30 ./src/calculations_heading.o
 .debug_aranges
                0x000002e8       0x70 ./src/dAccelerometer_BMA180.o
 .debug_aranges
                0x00000358       0x28 ./src/dAnalogLpc.o
 .debug_aranges
                0x00000380       0x50 ./src/dGyro_ITG-3200.o
 .debug_aranges
                0x000003d0       0x28 ./src/dServoPwm.o
 .debug_aranges
                0x000003f8       0x40 ./src/dServoTimers.o
 .debug_aranges
                0x00000438       0x28 ./src/main.o
 .debug_aranges
                0x00000460       0x28 ./HAL_UART/retargetPrintf.o
 .debug_aranges
                0x00000488       0x48 ./HAL_UART/uart.o
 .debug_aranges
                0x000004d0       0x28 C:\Users\admin\Desktop\Keadrone\CMSISv1p30_LPC17xx\Debug\libCMSISv1p30_LPC17xx.a(system_LPC17xx.o)
 .debug_aranges
                0x000004f8       0x20 C:\Users\admin\Desktop\Keadrone\FreeRTOS_Library\Debug\libFreeRTOS_Library.a(queue.o)
 .debug_aranges
                0x00000518       0x20 C:\Users\admin\Desktop\Keadrone\FreeRTOS_Library\Debug\libFreeRTOS_Library.a(tasks.o)
 .debug_aranges
                0x00000538       0x20 C:\Users\admin\Desktop\Keadrone\FreeRTOS_Library\Debug\libFreeRTOS_Library.a(heap_2.o)
 .debug_aranges
                0x00000558       0x20 C:\Users\admin\Desktop\Keadrone\FreeRTOS_Library\Debug\libFreeRTOS_Library.a(port.o)
 .debug_aranges
                0x00000578       0x20 C:\Users\admin\Desktop\Keadrone\FreeRTOS_Library\Debug\libFreeRTOS_Library.a(list.o)

.debug_ranges   0x00000000      0x4b8
 .debug_ranges  0x00000000       0x68 ./cr_startup_lpc17.o
 .debug_ranges  0x00000068       0x50 ./i2c.o
 .debug_ranges  0x000000b8       0x58 ./lpc17xx_clkpwr.o
 .debug_ranges  0x00000110       0x18 ./lpc17xx_libcfg_default.o
 .debug_ranges  0x00000128       0xa8 ./lpc17xx_ssp.o
 .debug_ranges  0x000001d0       0x48 ./src/DCM.o
 .debug_ranges  0x00000218       0x30 ./src/Vector.o
 .debug_ranges  0x00000248       0x30 ./src/calculations.o
 .debug_ranges  0x00000278       0x28 ./src/calculations_heading.o
 .debug_ranges  0x000002a0       0x68 ./src/dAccelerometer_BMA180.o
 .debug_ranges  0x00000308       0x20 ./src/dAnalogLpc.o
 .debug_ranges  0x00000328       0x48 ./src/dGyro_ITG-3200.o
 .debug_ranges  0x00000370       0x20 ./src/dServoPwm.o
 .debug_ranges  0x00000390       0x38 ./src/dServoTimers.o
 .debug_ranges  0x000003c8       0x20 ./src/main.o
 .debug_ranges  0x000003e8       0x20 ./HAL_UART/retargetPrintf.o
 .debug_ranges  0x00000408       0x40 ./HAL_UART/uart.o
 .debug_ranges  0x00000448       0x20 C:\Users\admin\Desktop\Keadrone\CMSISv1p30_LPC17xx\Debug\libCMSISv1p30_LPC17xx.a(system_LPC17xx.o)
 .debug_ranges  0x00000468       0x50 C:\Users\admin\Desktop\Keadrone\FreeRTOS_Library\Debug\libFreeRTOS_Library.a(tasks.o)

.debug_str      0x00000000     0x255e
 .debug_str     0x00000000      0x180 ./cr_startup_lpc17.o
                                0x1ba (size before relaxing)
 .debug_str     0x00000180      0x7a5 ./i2c.o
                                0x863 (size before relaxing)
 .debug_str     0x00000925      0x135 ./lpc17xx_clkpwr.o
                                0x356 (size before relaxing)
 .debug_str     0x00000a5a       0x33 ./lpc17xx_libcfg_default.o
                                 0xfd (size before relaxing)
 .debug_str     0x00000a8d      0x2c5 ./lpc17xx_ssp.o
                                0x3f1 (size before relaxing)
 .debug_str     0x00000d52      0x1c0 ./src/DCM.o
                                0x292 (size before relaxing)
 .debug_str     0x00000f12       0x8e ./src/Vector.o
                                 0xcf (size before relaxing)
 .debug_str     0x00000fa0       0x6a ./src/calculations.o
                                0x152 (size before relaxing)
 .debug_str     0x0000100a      0x12a ./src/calculations_heading.o
                                0x2c1 (size before relaxing)
 .debug_str     0x00001134      0x2a8 ./src/dAccelerometer_BMA180.o
                                0x851 (size before relaxing)
 .debug_str     0x000013dc       0x85 ./src/dAnalogLpc.o
                                0x383 (size before relaxing)
 .debug_str     0x00001461       0xbd ./src/dGyro_ITG-3200.o
                                0x699 (size before relaxing)
 .debug_str     0x0000151e       0x37 ./src/dServoPwm.o
                                0x239 (size before relaxing)
 .debug_str     0x00001555       0x81 ./src/dServoTimers.o
                                0x55d (size before relaxing)
 .debug_str     0x000015d6       0x24 ./src/main.o
                                0x180 (size before relaxing)
 .debug_str     0x000015fa       0x4a ./HAL_UART/retargetPrintf.o
                                0x115 (size before relaxing)
 .debug_str     0x00001644      0x173 ./HAL_UART/uart.o
                                0x6dc (size before relaxing)
 .debug_str     0x000017b7       0x72 C:\Users\admin\Desktop\Keadrone\CMSISv1p30_LPC17xx\Debug\libCMSISv1p30_LPC17xx.a(system_LPC17xx.o)
                                0x258 (size before relaxing)
 .debug_str     0x00001829      0x401 C:\Users\admin\Desktop\Keadrone\FreeRTOS_Library\Debug\libFreeRTOS_Library.a(queue.o)
                                0x4e3 (size before relaxing)
 .debug_str     0x00001c2a      0x638 C:\Users\admin\Desktop\Keadrone\FreeRTOS_Library\Debug\libFreeRTOS_Library.a(tasks.o)
                                0x818 (size before relaxing)
 .debug_str     0x00002262      0x150 C:\Users\admin\Desktop\Keadrone\FreeRTOS_Library\Debug\libFreeRTOS_Library.a(heap_2.o)
                                0x232 (size before relaxing)
 .debug_str     0x000023b2      0x11a C:\Users\admin\Desktop\Keadrone\FreeRTOS_Library\Debug\libFreeRTOS_Library.a(port.o)
                                0x234 (size before relaxing)
 .debug_str     0x000024cc       0x92 C:\Users\admin\Desktop\Keadrone\FreeRTOS_Library\Debug\libFreeRTOS_Library.a(list.o)
                                0x216 (size before relaxing)

.comment        0x00000000      0xc18
 .comment       0x00000000       0x2b ./cr_startup_lpc17.o
 .comment       0x0000002b       0x2b ./i2c.o
 .comment       0x00000056       0x2b ./lpc17xx_clkpwr.o
 .comment       0x00000081       0x2b ./lpc17xx_libcfg_default.o
 .comment       0x000000ac       0x2b ./lpc17xx_ssp.o
 .comment       0x000000d7       0x2b ./src/DCM.o
 .comment       0x00000102       0x2b ./src/Vector.o
 .comment       0x0000012d       0x2b ./src/calculations.o
 .comment       0x00000158       0x2b ./src/calculations_heading.o
 .comment       0x00000183       0x2b ./src/dAccelerometer_BMA180.o
 .comment       0x000001ae       0x2b ./src/dAnalogLpc.o
 .comment       0x000001d9       0x2b ./src/dGyro_ITG-3200.o
 .comment       0x00000204       0x2b ./src/dServoPwm.o
 .comment       0x0000022f       0x2b ./src/dServoTimers.o
 .comment       0x0000025a       0x2b ./src/main.o
 .comment       0x00000285       0x2b ./HAL_UART/retargetPrintf.o
 .comment       0x000002b0       0x2b ./HAL_UART/uart.o
 .comment       0x000002db       0x2b C:\Users\admin\Desktop\Keadrone\CMSISv1p30_LPC17xx\Debug\libCMSISv1p30_LPC17xx.a(system_LPC17xx.o)
 .comment       0x00000306       0x2b C:\Users\admin\Desktop\Keadrone\FreeRTOS_Library\Debug\libFreeRTOS_Library.a(queue.o)
 .comment       0x00000331       0x2b C:\Users\admin\Desktop\Keadrone\FreeRTOS_Library\Debug\libFreeRTOS_Library.a(tasks.o)
 .comment       0x0000035c       0x2b C:\Users\admin\Desktop\Keadrone\FreeRTOS_Library\Debug\libFreeRTOS_Library.a(heap_2.o)
 .comment       0x00000387       0x2b C:\Users\admin\Desktop\Keadrone\FreeRTOS_Library\Debug\libFreeRTOS_Library.a(port.o)
 .comment       0x000003b2       0x2b C:\Users\admin\Desktop\Keadrone\FreeRTOS_Library\Debug\libFreeRTOS_Library.a(list.o)
 .comment       0x000003dd       0x2b c:/nxp/lpcxpresso_3.6/tools/bin/../lib/gcc/arm-none-eabi/4.3.3/../../../../arm-none-eabi/lib/thumb2\libcr_nohost.a(_cr__main.o)
 .comment       0x00000408       0x2b c:/nxp/lpcxpresso_3.6/tools/bin/../lib/gcc/arm-none-eabi/4.3.3/../../../../arm-none-eabi/lib/thumb2\libcr_c.a(__init_alloc.o)
 .comment       0x00000433       0x2b c:/nxp/lpcxpresso_3.6/tools/bin/../lib/gcc/arm-none-eabi/4.3.3/../../../../arm-none-eabi/lib/thumb2\libcr_c.a(asin.o)
 .comment       0x0000045e       0x2b c:/nxp/lpcxpresso_3.6/tools/bin/../lib/gcc/arm-none-eabi/4.3.3/../../../../arm-none-eabi/lib/thumb2\libcr_c.a(atan2.o)
 .comment       0x00000489       0x2b c:/nxp/lpcxpresso_3.6/tools/bin/../lib/gcc/arm-none-eabi/4.3.3/../../../../arm-none-eabi/lib/thumb2\libcr_c.a(ctype.o)
 .comment       0x000004b4       0x2b c:/nxp/lpcxpresso_3.6/tools/bin/../lib/gcc/arm-none-eabi/4.3.3/../../../../arm-none-eabi/lib/thumb2\libcr_c.a(fabs.o)
 .comment       0x000004df       0x2b c:/nxp/lpcxpresso_3.6/tools/bin/../lib/gcc/arm-none-eabi/4.3.3/../../../../arm-none-eabi/lib/thumb2\libcr_c.a(fpprintf.o)
 .comment       0x0000050a       0x2b c:/nxp/lpcxpresso_3.6/tools/bin/../lib/gcc/arm-none-eabi/4.3.3/../../../../arm-none-eabi/lib/thumb2\libcr_c.a(initio.o)
 .comment       0x00000535       0x2b c:/nxp/lpcxpresso_3.6/tools/bin/../lib/gcc/arm-none-eabi/4.3.3/../../../../arm-none-eabi/lib/thumb2\libcr_c.a(memcpy.o)
 .comment       0x00000560       0x2b c:/nxp/lpcxpresso_3.6/tools/bin/../lib/gcc/arm-none-eabi/4.3.3/../../../../arm-none-eabi/lib/thumb2\libcr_c.a(memset.o)
 .comment       0x0000058b       0x2b c:/nxp/lpcxpresso_3.6/tools/bin/../lib/gcc/arm-none-eabi/4.3.3/../../../../arm-none-eabi/lib/thumb2\libcr_c.a(printf.o)
 .comment       0x000005b6       0x2b c:/nxp/lpcxpresso_3.6/tools/bin/../lib/gcc/arm-none-eabi/4.3.3/../../../../arm-none-eabi/lib/thumb2\libcr_c.a(setvbuf.o)
 .comment       0x000005e1       0x2b c:/nxp/lpcxpresso_3.6/tools/bin/../lib/gcc/arm-none-eabi/4.3.3/../../../../arm-none-eabi/lib/thumb2\libcr_c.a(sqrt.o)
 .comment       0x0000060c       0x2b c:/nxp/lpcxpresso_3.6/tools/bin/../lib/gcc/arm-none-eabi/4.3.3/../../../../arm-none-eabi/lib/thumb2\libcr_c.a(stdio.o)
 .comment       0x00000637       0x2b c:/nxp/lpcxpresso_3.6/tools/bin/../lib/gcc/arm-none-eabi/4.3.3/../../../../arm-none-eabi/lib/thumb2\libcr_c.a(stdlib.o)
 .comment       0x00000662       0x2b c:/nxp/lpcxpresso_3.6/tools/bin/../lib/gcc/arm-none-eabi/4.3.3/../../../../arm-none-eabi/lib/thumb2\libcr_c.a(strcpy.o)
 .comment       0x0000068d       0x2b c:/nxp/lpcxpresso_3.6/tools/bin/../lib/gcc/arm-none-eabi/4.3.3/../../../../arm-none-eabi/lib/thumb2\libcr_c.a(strlen.o)
 .comment       0x000006b8       0x2b c:/nxp/lpcxpresso_3.6/tools/bin/../lib/gcc/arm-none-eabi/4.3.3/../../../../arm-none-eabi/lib/thumb2\libcr_c.a(strncpy.o)
 .comment       0x000006e3       0x2b c:/nxp/lpcxpresso_3.6/tools/bin/../lib/gcc/arm-none-eabi/4.3.3/../../../../arm-none-eabi/lib/thumb2\libcr_c.a(__fillbuf.o)
 .comment       0x0000070e       0x2b c:/nxp/lpcxpresso_3.6/tools/bin/../lib/gcc/arm-none-eabi/4.3.3/../../../../arm-none-eabi/lib/thumb2\libcr_c.a(_asinacos.o)
 .comment       0x00000739       0x2b c:/nxp/lpcxpresso_3.6/tools/bin/../lib/gcc/arm-none-eabi/4.3.3/../../../../arm-none-eabi/lib/thumb2\libcr_c.a(_deferredlazyseek.o)
 .comment       0x00000764       0x2b c:/nxp/lpcxpresso_3.6/tools/bin/../lib/gcc/arm-none-eabi/4.3.3/../../../../arm-none-eabi/lib/thumb2\libcr_c.a(_fdopen.o)
 .comment       0x0000078f       0x2b c:/nxp/lpcxpresso_3.6/tools/bin/../lib/gcc/arm-none-eabi/4.3.3/../../../../arm-none-eabi/lib/thumb2\libcr_c.a(_fflush.o)
 .comment       0x000007ba       0x2b c:/nxp/lpcxpresso_3.6/tools/bin/../lib/gcc/arm-none-eabi/4.3.3/../../../../arm-none-eabi/lib/thumb2\libcr_c.a(_frexpl.o)
 .comment       0x000007e5       0x2b c:/nxp/lpcxpresso_3.6/tools/bin/../lib/gcc/arm-none-eabi/4.3.3/../../../../arm-none-eabi/lib/thumb2\libcr_c.a(_hugeval.o)
 .comment       0x00000810       0x2b c:/nxp/lpcxpresso_3.6/tools/bin/../lib/gcc/arm-none-eabi/4.3.3/../../../../arm-none-eabi/lib/thumb2\libcr_c.a(_ldexpl.o)
 .comment       0x0000083b       0x2b c:/nxp/lpcxpresso_3.6/tools/bin/../lib/gcc/arm-none-eabi/4.3.3/../../../../arm-none-eabi/lib/thumb2\libcr_c.a(_writebuf.o)
 .comment       0x00000866       0x2b c:/nxp/lpcxpresso_3.6/tools/bin/../lib/gcc/arm-none-eabi/4.3.3/../../../../arm-none-eabi/lib/thumb2\libcr_c.a(alloc.o)
 .comment       0x00000891       0x2b c:/nxp/lpcxpresso_3.6/tools/bin/../lib/gcc/arm-none-eabi/4.3.3/../../../../arm-none-eabi/lib/thumb2\libcr_c.a(atan.o)
 .comment       0x000008bc       0x2b c:/nxp/lpcxpresso_3.6/tools/bin/../lib/gcc/arm-none-eabi/4.3.3/../../../../arm-none-eabi/lib/thumb2\libcr_c.a(error.o)
 .comment       0x000008e7       0x2b c:/nxp/lpcxpresso_3.6/tools/bin/../lib/gcc/arm-none-eabi/4.3.3/../../../../arm-none-eabi/lib/thumb2\libcr_c.a(fclose.o)
 .comment       0x00000912       0x2b c:/nxp/lpcxpresso_3.6/tools/bin/../lib/gcc/arm-none-eabi/4.3.3/../../../../arm-none-eabi/lib/thumb2\libcr_c.a(fflush.o)
 .comment       0x0000093d       0x2b c:/nxp/lpcxpresso_3.6/tools/bin/../lib/gcc/arm-none-eabi/4.3.3/../../../../arm-none-eabi/lib/thumb2\libcr_c.a(fputs.o)
 .comment       0x00000968       0x2b c:/nxp/lpcxpresso_3.6/tools/bin/../lib/gcc/arm-none-eabi/4.3.3/../../../../arm-none-eabi/lib/thumb2\libcr_c.a(fseek.o)
 .comment       0x00000993       0x2b c:/nxp/lpcxpresso_3.6/tools/bin/../lib/gcc/arm-none-eabi/4.3.3/../../../../arm-none-eabi/lib/thumb2\libcr_c.a(ftell.o)
 .comment       0x000009be       0x2b c:/nxp/lpcxpresso_3.6/tools/bin/../lib/gcc/arm-none-eabi/4.3.3/../../../../arm-none-eabi/lib/thumb2\libcr_c.a(raise.o)
 .comment       0x000009e9       0x2b c:/nxp/lpcxpresso_3.6/tools/bin/../lib/gcc/arm-none-eabi/4.3.3/../../../../arm-none-eabi/lib/thumb2\libcr_c.a(remove.o)
 .comment       0x00000a14       0x2b c:/nxp/lpcxpresso_3.6/tools/bin/../lib/gcc/arm-none-eabi/4.3.3/../../../../arm-none-eabi/lib/thumb2\libcr_c.a(_do_fflush.o)
 .comment       0x00000a3f       0x2b c:/nxp/lpcxpresso_3.6/tools/bin/../lib/gcc/arm-none-eabi/4.3.3/thumb2\libcr_eabihelpers.a(double.o)
 .comment       0x00000a6a       0x2b c:/nxp/lpcxpresso_3.6/tools/bin/../lib/gcc/arm-none-eabi/4.3.3/thumb2\libcr_eabihelpers.a(float.o)
 .comment       0x00000a95       0x2b c:/nxp/lpcxpresso_3.6/tools/bin/../lib/gcc/arm-none-eabi/4.3.3/thumb2\libcr_eabihelpers.a(rtlib.o)
 .comment       0x00000ac0       0x2b c:/nxp/lpcxpresso_3.6/tools/bin/../lib/gcc/arm-none-eabi/4.3.3/../../../../arm-none-eabi/lib/thumb2\libcr_nohost.a(_cr_sbrk.o)
 .comment       0x00000aeb       0x2b c:/nxp/lpcxpresso_3.6/tools/bin/../lib/gcc/arm-none-eabi/4.3.3/../../../../arm-none-eabi/lib/thumb2\libcr_nohost.a(cr_sys.o)
 .comment       0x00000b16       0x2b c:/nxp/lpcxpresso_3.6/tools/bin/../lib/gcc/arm-none-eabi/4.3.3/../../../../arm-none-eabi/lib/thumb2\libcr_nohost.a(cr__close.o)
 .comment       0x00000b41       0x2b c:/nxp/lpcxpresso_3.6/tools/bin/../lib/gcc/arm-none-eabi/4.3.3/../../../../arm-none-eabi/lib/thumb2\libcr_nohost.a(cr__exit.o)
 .comment       0x00000b6c       0x2b c:/nxp/lpcxpresso_3.6/tools/bin/../lib/gcc/arm-none-eabi/4.3.3/../../../../arm-none-eabi/lib/thumb2\libcr_nohost.a(cr__open.o)
 .comment       0x00000b97       0x2b c:/nxp/lpcxpresso_3.6/tools/bin/../lib/gcc/arm-none-eabi/4.3.3/../../../../arm-none-eabi/lib/thumb2\libcr_nohost.a(cr__read.o)
 .comment       0x00000bc2       0x2b c:/nxp/lpcxpresso_3.6/tools/bin/../lib/gcc/arm-none-eabi/4.3.3/../../../../arm-none-eabi/lib/thumb2\libcr_nohost.a(cr__unlink.o)
 .comment       0x00000bed       0x2b c:/nxp/lpcxpresso_3.6/tools/bin/../lib/gcc/arm-none-eabi/4.3.3/../../../../arm-none-eabi/lib/thumb2\libcr_nohost.a(cr_dummy_stubs.o)

.ARM.attributes
                0x00000000       0x2f
 .ARM.attributes
                0x00000000       0x31 ./cr_startup_lpc17.o
 .ARM.attributes
                0x00000031       0x31 ./i2c.o
 .ARM.attributes
                0x00000062       0x31 ./lpc17xx_clkpwr.o
 .ARM.attributes
                0x00000093       0x31 ./lpc17xx_libcfg_default.o
 .ARM.attributes
                0x000000c4       0x31 ./lpc17xx_ssp.o
 .ARM.attributes
                0x000000f5       0x31 ./src/DCM.o
 .ARM.attributes
                0x00000126       0x31 ./src/Vector.o
 .ARM.attributes
                0x00000157       0x31 ./src/calculations.o
 .ARM.attributes
                0x00000188       0x31 ./src/calculations_heading.o
 .ARM.attributes
                0x000001b9       0x31 ./src/dAccelerometer_BMA180.o
 .ARM.attributes
                0x000001ea       0x31 ./src/dAnalogLpc.o
 .ARM.attributes
                0x0000021b       0x31 ./src/dGyro_ITG-3200.o
 .ARM.attributes
                0x0000024c       0x31 ./src/dServoPwm.o
 .ARM.attributes
                0x0000027d       0x31 ./src/dServoTimers.o
 .ARM.attributes
                0x000002ae       0x31 ./src/main.o
 .ARM.attributes
                0x000002df       0x31 ./HAL_UART/retargetPrintf.o
 .ARM.attributes
                0x00000310       0x31 ./HAL_UART/uart.o
 .ARM.attributes
                0x00000341       0x31 C:\Users\admin\Desktop\Keadrone\CMSISv1p30_LPC17xx\Debug\libCMSISv1p30_LPC17xx.a(system_LPC17xx.o)
 .ARM.attributes
                0x00000372       0x31 C:\Users\admin\Desktop\Keadrone\FreeRTOS_Library\Debug\libFreeRTOS_Library.a(queue.o)
 .ARM.attributes
                0x000003a3       0x31 C:\Users\admin\Desktop\Keadrone\FreeRTOS_Library\Debug\libFreeRTOS_Library.a(tasks.o)
 .ARM.attributes
                0x000003d4       0x31 C:\Users\admin\Desktop\Keadrone\FreeRTOS_Library\Debug\libFreeRTOS_Library.a(heap_2.o)
 .ARM.attributes
                0x00000405       0x31 C:\Users\admin\Desktop\Keadrone\FreeRTOS_Library\Debug\libFreeRTOS_Library.a(port.o)
 .ARM.attributes
                0x00000436       0x31 C:\Users\admin\Desktop\Keadrone\FreeRTOS_Library\Debug\libFreeRTOS_Library.a(list.o)
 .ARM.attributes
                0x00000467       0x31 c:/nxp/lpcxpresso_3.6/tools/bin/../lib/gcc/arm-none-eabi/4.3.3/../../../../arm-none-eabi/lib/thumb2\libcr_nohost.a(_cr__main.o)
 .ARM.attributes
                0x00000498       0x31 c:/nxp/lpcxpresso_3.6/tools/bin/../lib/gcc/arm-none-eabi/4.3.3/../../../../arm-none-eabi/lib/thumb2\libcr_c.a(__init_alloc.o)
 .ARM.attributes
                0x000004c9       0x31 c:/nxp/lpcxpresso_3.6/tools/bin/../lib/gcc/arm-none-eabi/4.3.3/../../../../arm-none-eabi/lib/thumb2\libcr_c.a(asin.o)
 .ARM.attributes
                0x000004fa       0x31 c:/nxp/lpcxpresso_3.6/tools/bin/../lib/gcc/arm-none-eabi/4.3.3/../../../../arm-none-eabi/lib/thumb2\libcr_c.a(atan2.o)
 .ARM.attributes
                0x0000052b       0x31 c:/nxp/lpcxpresso_3.6/tools/bin/../lib/gcc/arm-none-eabi/4.3.3/../../../../arm-none-eabi/lib/thumb2\libcr_c.a(ctype.o)
 .ARM.attributes
                0x0000055c       0x31 c:/nxp/lpcxpresso_3.6/tools/bin/../lib/gcc/arm-none-eabi/4.3.3/../../../../arm-none-eabi/lib/thumb2\libcr_c.a(fabs.o)
 .ARM.attributes
                0x0000058d       0x31 c:/nxp/lpcxpresso_3.6/tools/bin/../lib/gcc/arm-none-eabi/4.3.3/../../../../arm-none-eabi/lib/thumb2\libcr_c.a(fpprintf.o)
 .ARM.attributes
                0x000005be       0x31 c:/nxp/lpcxpresso_3.6/tools/bin/../lib/gcc/arm-none-eabi/4.3.3/../../../../arm-none-eabi/lib/thumb2\libcr_c.a(initio.o)
 .ARM.attributes
                0x000005ef       0x31 c:/nxp/lpcxpresso_3.6/tools/bin/../lib/gcc/arm-none-eabi/4.3.3/../../../../arm-none-eabi/lib/thumb2\libcr_c.a(memcpy.o)
 .ARM.attributes
                0x00000620       0x31 c:/nxp/lpcxpresso_3.6/tools/bin/../lib/gcc/arm-none-eabi/4.3.3/../../../../arm-none-eabi/lib/thumb2\libcr_c.a(memset.o)
 .ARM.attributes
                0x00000651       0x31 c:/nxp/lpcxpresso_3.6/tools/bin/../lib/gcc/arm-none-eabi/4.3.3/../../../../arm-none-eabi/lib/thumb2\libcr_c.a(printf.o)
 .ARM.attributes
                0x00000682       0x31 c:/nxp/lpcxpresso_3.6/tools/bin/../lib/gcc/arm-none-eabi/4.3.3/../../../../arm-none-eabi/lib/thumb2\libcr_c.a(setvbuf.o)
 .ARM.attributes
                0x000006b3       0x31 c:/nxp/lpcxpresso_3.6/tools/bin/../lib/gcc/arm-none-eabi/4.3.3/../../../../arm-none-eabi/lib/thumb2\libcr_c.a(sqrt.o)
 .ARM.attributes
                0x000006e4       0x31 c:/nxp/lpcxpresso_3.6/tools/bin/../lib/gcc/arm-none-eabi/4.3.3/../../../../arm-none-eabi/lib/thumb2\libcr_c.a(stdio.o)
 .ARM.attributes
                0x00000715       0x31 c:/nxp/lpcxpresso_3.6/tools/bin/../lib/gcc/arm-none-eabi/4.3.3/../../../../arm-none-eabi/lib/thumb2\libcr_c.a(stdlib.o)
 .ARM.attributes
                0x00000746       0x31 c:/nxp/lpcxpresso_3.6/tools/bin/../lib/gcc/arm-none-eabi/4.3.3/../../../../arm-none-eabi/lib/thumb2\libcr_c.a(strcpy.o)
 .ARM.attributes
                0x00000777       0x31 c:/nxp/lpcxpresso_3.6/tools/bin/../lib/gcc/arm-none-eabi/4.3.3/../../../../arm-none-eabi/lib/thumb2\libcr_c.a(strlen.o)
 .ARM.attributes
                0x000007a8       0x31 c:/nxp/lpcxpresso_3.6/tools/bin/../lib/gcc/arm-none-eabi/4.3.3/../../../../arm-none-eabi/lib/thumb2\libcr_c.a(strncpy.o)
 .ARM.attributes
                0x000007d9       0x31 c:/nxp/lpcxpresso_3.6/tools/bin/../lib/gcc/arm-none-eabi/4.3.3/../../../../arm-none-eabi/lib/thumb2\libcr_c.a(__fillbuf.o)
 .ARM.attributes
                0x0000080a       0x31 c:/nxp/lpcxpresso_3.6/tools/bin/../lib/gcc/arm-none-eabi/4.3.3/../../../../arm-none-eabi/lib/thumb2\libcr_c.a(_asinacos.o)
 .ARM.attributes
                0x0000083b       0x31 c:/nxp/lpcxpresso_3.6/tools/bin/../lib/gcc/arm-none-eabi/4.3.3/../../../../arm-none-eabi/lib/thumb2\libcr_c.a(_deferredlazyseek.o)
 .ARM.attributes
                0x0000086c       0x31 c:/nxp/lpcxpresso_3.6/tools/bin/../lib/gcc/arm-none-eabi/4.3.3/../../../../arm-none-eabi/lib/thumb2\libcr_c.a(_fdopen.o)
 .ARM.attributes
                0x0000089d       0x31 c:/nxp/lpcxpresso_3.6/tools/bin/../lib/gcc/arm-none-eabi/4.3.3/../../../../arm-none-eabi/lib/thumb2\libcr_c.a(_fflush.o)
 .ARM.attributes
                0x000008ce       0x31 c:/nxp/lpcxpresso_3.6/tools/bin/../lib/gcc/arm-none-eabi/4.3.3/../../../../arm-none-eabi/lib/thumb2\libcr_c.a(_frexpl.o)
 .ARM.attributes
                0x000008ff       0x31 c:/nxp/lpcxpresso_3.6/tools/bin/../lib/gcc/arm-none-eabi/4.3.3/../../../../arm-none-eabi/lib/thumb2\libcr_c.a(_hugeval.o)
 .ARM.attributes
                0x00000930       0x31 c:/nxp/lpcxpresso_3.6/tools/bin/../lib/gcc/arm-none-eabi/4.3.3/../../../../arm-none-eabi/lib/thumb2\libcr_c.a(_ldexpl.o)
 .ARM.attributes
                0x00000961       0x31 c:/nxp/lpcxpresso_3.6/tools/bin/../lib/gcc/arm-none-eabi/4.3.3/../../../../arm-none-eabi/lib/thumb2\libcr_c.a(_writebuf.o)
 .ARM.attributes
                0x00000992       0x31 c:/nxp/lpcxpresso_3.6/tools/bin/../lib/gcc/arm-none-eabi/4.3.3/../../../../arm-none-eabi/lib/thumb2\libcr_c.a(alloc.o)
 .ARM.attributes
                0x000009c3       0x31 c:/nxp/lpcxpresso_3.6/tools/bin/../lib/gcc/arm-none-eabi/4.3.3/../../../../arm-none-eabi/lib/thumb2\libcr_c.a(atan.o)
 .ARM.attributes
                0x000009f4       0x31 c:/nxp/lpcxpresso_3.6/tools/bin/../lib/gcc/arm-none-eabi/4.3.3/../../../../arm-none-eabi/lib/thumb2\libcr_c.a(error.o)
 .ARM.attributes
                0x00000a25       0x31 c:/nxp/lpcxpresso_3.6/tools/bin/../lib/gcc/arm-none-eabi/4.3.3/../../../../arm-none-eabi/lib/thumb2\libcr_c.a(fclose.o)
 .ARM.attributes
                0x00000a56       0x31 c:/nxp/lpcxpresso_3.6/tools/bin/../lib/gcc/arm-none-eabi/4.3.3/../../../../arm-none-eabi/lib/thumb2\libcr_c.a(fflush.o)
 .ARM.attributes
                0x00000a87       0x31 c:/nxp/lpcxpresso_3.6/tools/bin/../lib/gcc/arm-none-eabi/4.3.3/../../../../arm-none-eabi/lib/thumb2\libcr_c.a(fputs.o)
 .ARM.attributes
                0x00000ab8       0x31 c:/nxp/lpcxpresso_3.6/tools/bin/../lib/gcc/arm-none-eabi/4.3.3/../../../../arm-none-eabi/lib/thumb2\libcr_c.a(fseek.o)
 .ARM.attributes
                0x00000ae9       0x31 c:/nxp/lpcxpresso_3.6/tools/bin/../lib/gcc/arm-none-eabi/4.3.3/../../../../arm-none-eabi/lib/thumb2\libcr_c.a(ftell.o)
 .ARM.attributes
                0x00000b1a       0x31 c:/nxp/lpcxpresso_3.6/tools/bin/../lib/gcc/arm-none-eabi/4.3.3/../../../../arm-none-eabi/lib/thumb2\libcr_c.a(raise.o)
 .ARM.attributes
                0x00000b4b       0x31 c:/nxp/lpcxpresso_3.6/tools/bin/../lib/gcc/arm-none-eabi/4.3.3/../../../../arm-none-eabi/lib/thumb2\libcr_c.a(remove.o)
 .ARM.attributes
                0x00000b7c       0x31 c:/nxp/lpcxpresso_3.6/tools/bin/../lib/gcc/arm-none-eabi/4.3.3/../../../../arm-none-eabi/lib/thumb2\libcr_c.a(_do_fflush.o)
 .ARM.attributes
                0x00000bad       0x31 c:/nxp/lpcxpresso_3.6/tools/bin/../lib/gcc/arm-none-eabi/4.3.3/thumb2\libcr_eabihelpers.a(double.o)
 .ARM.attributes
                0x00000bde       0x31 c:/nxp/lpcxpresso_3.6/tools/bin/../lib/gcc/arm-none-eabi/4.3.3/thumb2\libcr_eabihelpers.a(float.o)
 .ARM.attributes
                0x00000c0f       0x21 c:/nxp/lpcxpresso_3.6/tools/bin/../lib/gcc/arm-none-eabi/4.3.3/thumb2\libcr_eabihelpers.a(helpers.o)
 .ARM.attributes
                0x00000c30       0x31 c:/nxp/lpcxpresso_3.6/tools/bin/../lib/gcc/arm-none-eabi/4.3.3/thumb2\libcr_eabihelpers.a(rtlib.o)
 .ARM.attributes
                0x00000c61       0x31 c:/nxp/lpcxpresso_3.6/tools/bin/../lib/gcc/arm-none-eabi/4.3.3/../../../../arm-none-eabi/lib/thumb2\libcr_nohost.a(_cr_sbrk.o)
 .ARM.attributes
                0x00000c92       0x31 c:/nxp/lpcxpresso_3.6/tools/bin/../lib/gcc/arm-none-eabi/4.3.3/../../../../arm-none-eabi/lib/thumb2\libcr_nohost.a(cr_sys.o)
 .ARM.attributes
                0x00000cc3       0x31 c:/nxp/lpcxpresso_3.6/tools/bin/../lib/gcc/arm-none-eabi/4.3.3/../../../../arm-none-eabi/lib/thumb2\libcr_nohost.a(cr__close.o)
 .ARM.attributes
                0x00000cf4       0x31 c:/nxp/lpcxpresso_3.6/tools/bin/../lib/gcc/arm-none-eabi/4.3.3/../../../../arm-none-eabi/lib/thumb2\libcr_nohost.a(cr__exit.o)
 .ARM.attributes
                0x00000d25       0x31 c:/nxp/lpcxpresso_3.6/tools/bin/../lib/gcc/arm-none-eabi/4.3.3/../../../../arm-none-eabi/lib/thumb2\libcr_nohost.a(cr__open.o)
 .ARM.attributes
                0x00000d56       0x31 c:/nxp/lpcxpresso_3.6/tools/bin/../lib/gcc/arm-none-eabi/4.3.3/../../../../arm-none-eabi/lib/thumb2\libcr_nohost.a(cr__read.o)
 .ARM.attributes
                0x00000d87       0x31 c:/nxp/lpcxpresso_3.6/tools/bin/../lib/gcc/arm-none-eabi/4.3.3/../../../../arm-none-eabi/lib/thumb2\libcr_nohost.a(cr__unlink.o)
 .ARM.attributes
                0x00000db8       0x31 c:/nxp/lpcxpresso_3.6/tools/bin/../lib/gcc/arm-none-eabi/4.3.3/../../../../arm-none-eabi/lib/thumb2\libcr_nohost.a(cr_dummy_stubs.o)
